{
  "samples": 132,
  "anchor": [
    -6.88389605309454e-05,
    -4.1422794659278373e-05,
    0.02995803298513846
  ],
  "original_position": [
    4.0606709579473816e-05,
    1.3926954540923124e-05,
    0.0299207658748014
  ],
  "constant_ratio_lp_status": 2,
  "hull_outside_m": 1.0928013508837384e-05,
  "tangent_to_normal_ratio": 1.0,
  "pad": {
    "error": "Contact wrench infeasible or unresolved by the finite footprint: force error=4.1816e-05 N, moment error=2.78009e-07 Nm; refine quadrature or supply a justified load model"
  },
  "surface": {
    "force_error_n": 9.253270152432351e-18,
    "moment_error_nm": 2.9072669814023124e-21,
    "minimum_normal_force_n": 0.0,
    "maximum_cone_excess_n": 4.336808689942018e-19,
    "constrained_evaluations": 44,
    "source_cone_excess_n": 0.0,
    "friction_roundoff_allowance_n": 0.0,
    "evaluated_residual": 9.265955911787777e-18
  }
}
