[1m============================= test session starts ==============================[0m
platform linux -- Python 3.10.12, pytest-8.4.2, pluggy-1.6.0
rootdir: /mnt/home/zhaofeng/workspace/Genesis/.worktrees/rigid-stress-recovery
configfile: pyproject.toml
plugins: anyio-4.15.1, forked-1.7.5, print-1.2.0, timeout-2.4.0, xdist-3.8.0, quadrants-1.3.3, syrupy-6.1.1
timeout: 1200.0s
timeout method: signal
timeout func_only: False
collected 20 items / 16 deselected / 4 selected

tests/rigid/test_stress.py [Genesis 17:37:24] Running on [NVIDIA RTX PRO 6000 Blackwell Server Edition] with backend gs.cuda. Device memory: 94.97 GB.
[Genesis 17:37:24] Genesis initialized. version: 1.4.3, theme: raw, seed: 0, debug: False, precision: 64, performance: False, verbose: INFO
apex False status [[0]] iterations [[92]]
[32m.[0m[Genesis 17:37:42] Exiting Genesis and caching compiled kernels...
[Genesis 17:37:42] Running on [NVIDIA RTX PRO 6000 Blackwell Server Edition] with backend gs.cuda. Device memory: 94.97 GB.
[Genesis 17:37:42] Genesis initialized. version: 1.4.3, theme: raw, seed: 0, debug: False, precision: 64, performance: False, verbose: INFO
apex True status [[0]] iterations [[92]]
[32m.[0m[Genesis 17:37:59] Exiting Genesis and caching compiled kernels...
[Genesis 17:37:59] Running on [NVIDIA RTX PRO 6000 Blackwell Server Edition] with backend gs.cuda. Device memory: 94.97 GB.
[Genesis 17:37:59] Genesis initialized. version: 1.4.3, theme: raw, seed: 0, debug: False, precision: 64, performance: False, verbose: INFO
apex False status [[0]] iterations [[94]]
[32m.[0m[Genesis 17:38:17] Exiting Genesis and caching compiled kernels...
[Genesis 17:38:17] Running on [NVIDIA RTX PRO 6000 Blackwell Server Edition] with backend gs.cuda. Device memory: 94.97 GB.
[Genesis 17:38:17] Genesis initialized. version: 1.4.3, theme: raw, seed: 0, debug: False, precision: 64, performance: False, verbose: INFO
apex True status [[0]] iterations [[94]]
[32m.[0m[Genesis 17:38:34] Exiting Genesis and caching compiled kernels...


============================== slowest durations ===============================

(12 durations < 100s hidden.)
[32m================= [32m[1m4 passed[0m, [33m16 deselected[0m[32m in 70.62s (0:01:10)[0m[32m ==================[0m
