[Quadrants] version 1.3.3, llvm 22.1.0, commit 00423caa, linux, python 3.10.12
[38;5;226m[Genesis] [22:20:21] [WARNING] (MJCF) Approximating tendon by joint actuator for `finger_joint1`[0m
[38;5;226m[Genesis] [22:20:21] [WARNING] (MJCF) Approximating tendon by joint actuator for `finger_joint2`[0m
[38;5;226m[Genesis] [22:20:21] [WARNING] Neutral robot position (qpos0) exceeds joint limits.[0m
[38;5;226m[Genesis] [22:20:22] [WARNING] Constraint solver time constant should be greater than 2*substep_dt. timeconst is changed from `0.005` to `0.02`). Decrease simulation timestep or increase timeconst to avoid altering the original value.[0m
[38;5;226m[Genesis] [22:20:23] [WARNING] Filtered out geometry pairs causing self-collision for the neutral configuration (qpos0): (6, 11), (7, 11), (14, 21), (15, 20), (16, 23), (17, 22). Consider tuning Morph option 'decompose_robot_error_threshold' or specify dedicated collision meshes. This behavior can be disabled by setting Morph option 'enable_neutral_collision=True'.[0m
{
  "scope": "rigid",
  "envs": 2048,
  "level": 1,
  "precision": "64",
  "quadrature": 10,
  "dt": 0.01,
  "substeps": 1,
  "varied": true,
  "seed": 510000,
  "load_model": "finite_pad_adaptive_q10",
  "condition_count": 2048,
  "conditions": null,
  "conditions_sha256": null,
  "cooperative_solve": true,
  "cooperative_pressure": true,
  "cooperative_scatter": true,
  "cooperative_balance": true,
  "face_parallel_scatter": true,
  "scatter_tasks_per_env": 32,
  "cached_peak": true,
  "cached_face_bounds": true,
  "method": "auto",
  "inverse_precision": "64",
  "surface_inverse": true,
  "packed_surface_loads": true,
  "fused_pipeline": true,
  "output_mode": "max",
  "reset_mode": "saved_initial_state",
  "history": 0,
  "host": "rtx-209-067",
  "slurm_job_id": "704944",
  "source_revision": "e6094ff9-native-balance-t8-v2",
  "arguments": {
    "scope": "rigid",
    "envs": 2048,
    "level": 1,
    "steps": 2400,
    "warmup": 900,
    "repetitions": 3,
    "minimum_seconds": 10.0,
    "varied": true,
    "seed": 510000,
    "source_revision": "e6094ff9-native-balance-t8-v2",
    "conditions": null,
    "save_conditions": null,
    "serial_solve": false,
    "serial_pressure": false,
    "serial_scatter": false,
    "serial_balance": false,
    "contact_warp_scatter": false,
    "scatter_tasks_per_env": 32,
    "uncached_peak": false,
    "uncached_face_bounds": false,
    "method": "auto",
    "inverse_precision": "64",
    "full_inverse": false,
    "dense_surface_loads": false,
    "history": 0,
    "unfused_pipeline": false,
    "policy_precision": "32",
    "output_mode": "max",
    "legacy_reset": false,
    "trace": false,
    "compact_log": true,
    "output": "/mnt/data/zhaofeng/projects/workspace/Genesis/rigid-stress-recovery/runs/20261010-contact-repair/balance-small-all-seed510000-v2/rigid-b2048-seed510000.json"
  },
  "command": [
    "/mnt/data/zhaofeng/venvs/rigid-stress-recovery/bin/python",
    "examples/speed_benchmark/rigid_stress.py",
    "--scope",
    "rigid",
    "--envs",
    "2048",
    "--seed",
    "510000",
    "--steps",
    "2400",
    "--warmup",
    "900",
    "--repetitions",
    "3",
    "--minimum-seconds",
    "10",
    "--level",
    "1",
    "--varied",
    "--compact-log",
    "--source-revision",
    "e6094ff9-native-balance-t8-v2",
    "--output",
    "/mnt/data/zhaofeng/projects/workspace/Genesis/rigid-stress-recovery/runs/20261010-contact-repair/balance-small-all-seed510000-v2/rigid-b2048-seed510000.json"
  ],
  "source_sha256": {
    "/mnt/home/zhaofeng/workspace/Genesis/.worktrees/rigid-stress-recovery-relief-dev/examples/speed_benchmark/rigid_stress.py": "cc2df9ab06a2b72cf77c30b88941e18c3ae4f030190cc225bb9b2ec369319bac",
    "examples/rigid/franka_egg_stress.py": "6031e5a035645014f3daa4d532662342a267d495443bfe198f93081e4e187363",
    "genesis/engine/solvers/rigid/rigid_solver.py": "639210a260da02b0b59b3814ae6a6cf27c6f8d540ce8800cdb36ea652b9cc510",
    "genesis/engine/solvers/rigid/stress/__init__.py": "17b4fa6e4eb64175b87586a6c7142b9fd2f5e88ba4321129d18e07e296adc5a6",
    "genesis/engine/solvers/rigid/stress/association.py": "0c265ddde597bb03f6f56da0f4c6063a3a530ce2a19f2dceaf3378e987f811b3",
    "genesis/engine/solvers/rigid/stress/balance.py": "a0ec6b8e110270f34bf56369cfc94129b6e5fdd2fc091efd6f6f7ac2d15a5ed5",
    "genesis/engine/solvers/rigid/stress/contact.py": "728a465e6c1b4f6f28280d1543a5a35a12d63d5f5967c0df8c174c6ebfba0630",
    "genesis/engine/solvers/rigid/stress/data.py": "44874f9cee2dffc882a06a4b7f99272eb9d24aa2ab3c0e009b7650eaa918f532",
    "genesis/engine/solvers/rigid/stress/factor.py": "f2a059e88cf03b35a5fba2f88c3ac3f631a899d52cd841a6d268d9ccf087f81c",
    "genesis/engine/solvers/rigid/stress/grid.py": "f451674d257339ece41a258f22c7b95fe25d6fc51888854855de4320e26b9a90",
    "genesis/engine/solvers/rigid/stress/history.py": "559e046d3405afc260be5cd5a0de5712e490518e73aafc288642261c3959657c",
    "genesis/engine/solvers/rigid/stress/inverse.py": "b15ef055df018d96b92aa2b0be3d39d258b4cc59c83dbccdd9dcf0c173eb2a43",
    "genesis/engine/solvers/rigid/stress/lifecycle.py": "aec6ccc09b9da6fc15ea1c64e6716dee9325b3d05edaa7ac19b4419861c192fa",
    "genesis/engine/solvers/rigid/stress/model.py": "ba4964cb5d01eb8fcd7c9fbb02bbe64dcc2976fdfab653e2c4ba4efd8ac20b51",
    "genesis/engine/solvers/rigid/stress/operators.py": "40ad5e488e928a8f22efe0833f447afba7ef0e258bc3cffb5a0fe30bc1d416ff",
    "genesis/engine/solvers/rigid/stress/pipeline.py": "11e7882e9b0a219de84f35be8c2f8db2e8af01163705a7bf50c7aaee1531aed6",
    "genesis/engine/solvers/rigid/stress/recovery.py": "f94048638e4b64418b83d1ad37120f94441132e10075503b2a4cd460bebee9b6",
    "genesis/engine/solvers/rigid/stress/scatter.py": "7f80586484f6c4ce9f84bfdfc800eb6de6613b567a5d08e581f2817a0d0f0ee0",
    "genesis/engine/solvers/rigid/stress/solve.py": "b9aa7951dd5f5d6cd4fcdc719723fd07abf4ad359e7729e9f38f26adfc7fda59",
    "genesis/engine/solvers/rigid/stress/surface.py": "ed42707ee7c589db942a15835d40aba5194d2415b2c576ae0196987b94bb4fc1",
    "genesis/engine/solvers/rigid/stress/surface_inverse.py": "904a001a9c5a178399e770baa427b06f89f604fc1c48638ff870e2491f405bf4",
    "genesis/options/rigid_stress.py": "53e7a2cb8613ff63938e51c43fe10e9f8a9a0099f04e6161e5d06c77064ee098"
  },
  "gpu": "NVIDIA RTX PRO 6000 Blackwell Server Edition",
  "gpu_uuid": "GPU-e3ae17a2-8c3a-b59e-e80d-ac03599051ab",
  "gpu_total_bytes": 101975851008,
  "quadrants": [
    1,
    3,
    3
  ],
  "torch": "2.8.0",
  "setup_seconds": 6.065101180225611,
  "warmup_steps": 900,
  "policy": {
    "layers": [
      26,
      128,
      128,
      7
    ],
    "seed": 99173,
    "dtype": "float32",
    "residual_scale_rad": 0.0001,
    "scope": "inference rollout",
    "control_error_budget_rad": 1e-09,
    "warmup_reference_max_error_rad": 0.0
  },
  "repeats": [
    {
      "steps": 2400,
      "seconds": 28.95937299914658,
      "transitions_per_second": 169727.43160374532,
      "attempted_transitions_per_second": 169727.43160374532,
      "invalid_environment_steps": 0,
      "scatter_overflow_calls": 0,
      "failed_steps_per_environment": null,
      "batch_steps_per_second": 82.87472246276627,
      "resets": 6144
    },
    {
      "steps": 2400,
      "seconds": 29.030256330035627,
      "transitions_per_second": 169313.00723357988,
      "attempted_transitions_per_second": 169313.00723357988,
      "invalid_environment_steps": 0,
      "scatter_overflow_calls": 0,
      "failed_steps_per_environment": null,
      "batch_steps_per_second": 82.67236681327142,
      "resets": 6144
    },
    {
      "steps": 2400,
      "seconds": 29.039345694705844,
      "transitions_per_second": 169260.01197389542,
      "attempted_transitions_per_second": 169260.01197389542,
      "invalid_environment_steps": 0,
      "scatter_overflow_calls": 0,
      "failed_steps_per_environment": null,
      "batch_steps_per_second": 82.64649022162862,
      "resets": 6144
    }
  ],
  "torch_peak_allocated_bytes": 7206912,
  "saved_reset_state_bytes": 2654208,
  "device_free_bytes": 97554792448
}
