[Quadrants] version 1.3.3, llvm 22.1.0, commit 00423caa, linux, python 3.10.12
[38;5;226m[Genesis] [16:15:50] [WARNING] (MJCF) Approximating tendon by joint actuator for `finger_joint1`[0m
[38;5;226m[Genesis] [16:15:50] [WARNING] (MJCF) Approximating tendon by joint actuator for `finger_joint2`[0m
[38;5;226m[Genesis] [16:15:51] [WARNING] Neutral robot position (qpos0) exceeds joint limits.[0m
[38;5;226m[Genesis] [16:15:51] [WARNING] Constraint solver time constant should be greater than 2*substep_dt. timeconst is changed from `0.005` to `0.02`). Decrease simulation timestep or increase timeconst to avoid altering the original value.[0m
[38;5;226m[Genesis] [16:15:53] [WARNING] Filtered out geometry pairs causing self-collision for the neutral configuration (qpos0): (6, 11), (7, 11), (14, 21), (15, 20), (16, 23), (17, 22). Consider tuning Morph option 'decompose_robot_error_threshold' or specify dedicated collision meshes. This behavior can be disabled by setting Morph option 'enable_neutral_collision=True'.[0m
/mnt/home/zhaofeng/workspace/Genesis/.worktrees/rigid-stress-recovery/genesis/engine/solvers/rigid/stress/contact.py:328: SyntaxWarning: You are unrolling more than
                        32 iterations, so the compile time may be extremely long.
                        You can use a non-static for loop if you want to decrease the compile time.
                        You can disable this warning by setting qd.init(unrolling_limit=0).
  for a, b in qd.static(qd.ndrange(6, 6)):
/mnt/home/zhaofeng/workspace/Genesis/.worktrees/rigid-stress-recovery/genesis/engine/solvers/rigid/stress/contact.py:328: SyntaxWarning: You are unrolling more than
                        32 iterations, so the compile time may be extremely long.
                        You can use a non-static for loop if you want to decrease the compile time.
                        You can disable this warning by setting qd.init(unrolling_limit=0).
  for a, b in qd.static(qd.ndrange(6, 6)):
libEGL warning: failed to open /dev/dri/renderD135: Permission denied

libEGL warning: failed to open /dev/dri/card8: Permission denied

libEGL warning: failed to open /dev/dri/renderD134: Permission denied

libEGL warning: failed to open /dev/dri/card7: Permission denied

libEGL warning: failed to open /dev/dri/renderD133: Permission denied

libEGL warning: failed to open /dev/dri/card6: Permission denied

libEGL warning: failed to open /dev/dri/renderD132: Permission denied

libEGL warning: failed to open /dev/dri/card5: Permission denied

libEGL warning: failed to open /dev/dri/renderD131: Permission denied

libEGL warning: failed to open /dev/dri/card4: Permission denied

libEGL warning: failed to open /dev/dri/renderD130: Permission denied

libEGL warning: failed to open /dev/dri/card3: Permission denied

libEGL warning: failed to open /dev/dri/renderD129: Permission denied

libEGL warning: failed to open /dev/dri/card2: Permission denied

libEGL warning: failed to open /dev/dri/renderD128: Permission denied

libEGL warning: failed to open /dev/dri/card1: Permission denied

Traceback (most recent call last):
  File "/mnt/home/zhaofeng/workspace/Genesis/.worktrees/rigid-stress-recovery/examples/speed_benchmark/rigid_stress.py", line 399, in <module>
    main()
  File "/mnt/home/zhaofeng/workspace/Genesis/.worktrees/rigid-stress-recovery/examples/speed_benchmark/rigid_stress.py", line 231, in main
    workload.step(action)
  File "/mnt/home/zhaofeng/workspace/Genesis/.worktrees/rigid-stress-recovery/examples/rigid/franka_egg_stress.py", line 204, in step
    self.scene.step()
  File "/mnt/home/zhaofeng/workspace/Genesis/.worktrees/rigid-stress-recovery/genesis/utils/misc.py", line 150, in wrapper
    return method(self, *args, **kwargs)
  File "/mnt/home/zhaofeng/workspace/Genesis/.worktrees/rigid-stress-recovery/genesis/engine/scene.py", line 1103, in step
    self._sim.step()
  File "/mnt/home/zhaofeng/workspace/Genesis/.worktrees/rigid-stress-recovery/genesis/engine/simulator.py", line 351, in step
    self.rigid_solver.check_errno()
  File "/mnt/home/zhaofeng/workspace/Genesis/.worktrees/rigid-stress-recovery/genesis/engine/solvers/rigid/rigid_solver.py", line 1456, in check_errno
    gs.raise_exception("A finite stress footprint cannot preserve its contact wrench or friction cone.")
  File "/mnt/home/zhaofeng/workspace/Genesis/.worktrees/rigid-stress-recovery/genesis/utils/misc.py", line 43, in raise_exception
    raise gs.GenesisException(msg)
genesis.GenesisException: A finite stress footprint cannot preserve its contact wrench or friction cone.

[38;5;9m[Genesis] [16:16:20] [ERROR] GenesisException: A finite stress footprint cannot preserve its contact wrench or friction cone.[0m
