[1m============================= test session starts ==============================[0m
platform linux -- Python 3.10.12, pytest-8.4.2, pluggy-1.6.0
rootdir: /mnt/home/zhaofeng/workspace/Genesis/.worktrees/rigid-stress-recovery
configfile: pyproject.toml
plugins: anyio-4.15.1, forked-1.7.5, print-1.2.0, timeout-2.4.0, xdist-3.8.0, quadrants-1.3.3, syrupy-6.1.1
timeout: 1200.0s
timeout method: signal
timeout func_only: False
collected 18 items

tests/rigid/test_stress.py [Genesis 17:24:24] Running on [NVIDIA RTX PRO 6000 Blackwell Server Edition] with backend gs.cuda. Device memory: 94.97 GB.
[Genesis 17:24:24] Genesis initialized. version: 1.4.3, theme: raw, seed: 0, debug: False, precision: 64, performance: False, verbose: INFO
[32m.[0m[Genesis 17:24:39] Exiting Genesis and caching compiled kernels...
[Genesis 17:24:39] Running on [NVIDIA RTX PRO 6000 Blackwell Server Edition] with backend gs.cuda. Device memory: 94.97 GB.
[Genesis 17:24:39] Genesis initialized. version: 1.4.3, theme: raw, seed: 0, debug: False, precision: 64, performance: False, verbose: INFO
native method direct False 64 full residual [0.00000000e+00 5.05321413e-12 7.15609095e-12 6.51742667e-12
 5.16063801e-12] relative displacement error [0.00000000e+00 1.53399222e-11 2.90911663e-11 3.58002125e-11
 1.99086669e-11] peak absolute error Pa [0.00000000e+00 1.66313839e-07 2.27322744e-07 1.97367626e-07
 2.28676072e-07] corrections [0 0 0 0 0] fallbacks [0 0 0 0 0]
[32m.[0m[Genesis 17:24:54] Exiting Genesis and caching compiled kernels...
[Genesis 17:24:55] Running on [NVIDIA RTX PRO 6000 Blackwell Server Edition] with backend gs.cuda. Device memory: 94.97 GB.
[Genesis 17:24:55] Genesis initialized. version: 1.4.3, theme: raw, seed: 0, debug: False, precision: 64, performance: False, verbose: INFO
native method direct True 64 full residual [0.00000000e+00 4.73539897e-12 6.23902751e-12 5.75175193e-12
 4.69324082e-12] relative displacement error [0.00000000e+00 1.66289497e-11 2.61963557e-11 2.76962702e-11
 1.84943545e-11] peak absolute error Pa [0.00000000e+00 3.28604074e-07 3.21808329e-07 4.19291609e-07
 3.04244168e-07] corrections [0 0 0 0 0] fallbacks [0 0 0 0 0]
[32m.[0m[Genesis 17:25:09] Exiting Genesis and caching compiled kernels...
[Genesis 17:25:10] Running on [NVIDIA RTX PRO 6000 Blackwell Server Edition] with backend gs.cuda. Device memory: 94.97 GB.
[Genesis 17:25:10] Genesis initialized. version: 1.4.3, theme: raw, seed: 0, debug: False, precision: 64, performance: False, verbose: INFO
native method inverse True 64 full residual [0.00000000e+00 2.29116218e-11 4.04138015e-11 3.70985224e-11
 3.83125476e-11] relative displacement error [0.00000000e+00 1.60440552e-11 3.69726661e-11 2.58505779e-11
 2.22906318e-11] peak absolute error Pa [0.00000000e+00 2.19501089e-07 3.90136847e-08 2.18831701e-07
 3.70120688e-07] corrections [0 0 0 0 0] fallbacks [0 0 0 0 0]
[32m.[0m[Genesis 17:25:25] Exiting Genesis and caching compiled kernels...
[Genesis 17:25:25] Running on [NVIDIA RTX PRO 6000 Blackwell Server Edition] with backend gs.cuda. Device memory: 94.97 GB.
[Genesis 17:25:25] Genesis initialized. version: 1.4.3, theme: raw, seed: 0, debug: False, precision: 64, performance: False, verbose: INFO
native method inverse True 64 full residual [0.00000000e+00 4.49121258e-12 5.03204933e-12 4.98762052e-12
 6.49994322e-12] relative displacement error [0.00000000e+00 2.61449348e-11 1.57758215e-11 1.92289116e-11
 4.15124856e-11] peak absolute error Pa [0.00000000e+00 1.44311343e-07 2.24645191e-08 5.72545105e-08
 2.84067937e-07] corrections [0 0 0 0 0] fallbacks [0 0 0 0 0]
[32m.[0m[Genesis 17:25:40] Exiting Genesis and caching compiled kernels...
[Genesis 17:25:40] Running on [NVIDIA RTX PRO 6000 Blackwell Server Edition] with backend gs.cuda. Device memory: 94.97 GB.
[Genesis 17:25:40] Genesis initialized. version: 1.4.3, theme: raw, seed: 0, debug: False, precision: 64, performance: False, verbose: INFO
[W 10/10/26 17:25:55.245 1740969] QuadrantsWarning
While compiling `kernel_store_inverse_c748_1`, File "/mnt/home/zhaofeng/workspace/Genesis/.worktrees/rigid-stress-recovery/genesis/engine/solvers/rigid/stress/inverse.py", line 66, in kernel_store_inverse:
        inverse_info.blocks[i, j] = block
        ^^^^^^^^^^^^^^^^^^^^^^^^^^^^^^^^^
Assign may lose precision: f32 <- f64
native method inverse True 32 full residual [0.00000000e+00 3.90173235e-09 4.67914665e-09 4.91939075e-09
 4.26718803e-09] relative displacement error [0.00000000e+00 1.90110806e-11 1.97877423e-11 2.84580091e-11
 2.10099112e-11] peak absolute error Pa [0.00000000e+00 3.99872079e-07 4.97951987e-07 1.45752711e-06
 1.87283149e-08] corrections [0 2 2 2 2] fallbacks [0 0 0 0 0]
[32m.[0m[Genesis 17:25:55] Exiting Genesis and caching compiled kernels...
[Genesis 17:25:56] Running on [NVIDIA RTX PRO 6000 Blackwell Server Edition] with backend gs.cuda. Device memory: 94.97 GB.
[Genesis 17:25:56] Genesis initialized. version: 1.4.3, theme: raw, seed: 0, debug: False, precision: 64, performance: False, verbose: INFO
native method inverse True 32 full residual [0.00000000e+00 3.88849329e-12 6.72832809e-12 4.97954914e-12
 4.44663856e-12] relative displacement error [0.00000000e+00 1.72066413e-11 3.09526155e-11 2.57276674e-11
 1.86988246e-11] peak absolute error Pa [0.00000000e+00 3.43439751e-07 2.21160008e-07 3.22979758e-08
 2.95724021e-07] corrections [0 0 0 0 0] fallbacks [0 1 1 1 1]
[32m.[0m[Genesis 17:26:11] Exiting Genesis and caching compiled kernels...
[Genesis 17:26:11] Running on [NVIDIA RTX PRO 6000 Blackwell Server Edition] with backend gs.cuda. Device memory: 94.97 GB.
[Genesis 17:26:11] Genesis initialized. version: 1.4.3, theme: raw, seed: 0, debug: False, precision: 64, performance: False, verbose: INFO
patch statuses [[0 0 0 0]
 [0 0 0 0]
 [0 0 0 0]] evaluations [[0 0 0 0]
 [0 0 0 0]
 [0 0 0 0]]
[32m.[0m[Genesis 17:26:14] Exiting Genesis and caching compiled kernels...
[Genesis 17:26:14] Running on [NVIDIA RTX PRO 6000 Blackwell Server Edition] with backend gs.cuda. Device memory: 94.97 GB.
[Genesis 17:26:14] Genesis initialized. version: 1.4.3, theme: raw, seed: 0, debug: False, precision: 64, performance: False, verbose: INFO
patch statuses [[0 0 0 0]
 [0 0 0 0]
 [0 0 0 0]] evaluations [[0 0 0 0]
 [0 0 0 0]
 [0 0 0 0]]
[32m.[0m[Genesis 17:26:16] Exiting Genesis and caching compiled kernels...
[Genesis 17:26:16] Running on [NVIDIA RTX PRO 6000 Blackwell Server Edition] with backend gs.cuda. Device memory: 94.97 GB.
[Genesis 17:26:16] Genesis initialized. version: 1.4.3, theme: raw, seed: 0, debug: False, precision: 64, performance: False, verbose: INFO
[32m.[0m[Genesis 17:26:18] Exiting Genesis and caching compiled kernels...
[Genesis 17:26:19] Running on [NVIDIA RTX PRO 6000 Blackwell Server Edition] with backend gs.cuda. Device memory: 94.97 GB.
[Genesis 17:26:19] Genesis initialized. version: 1.4.3, theme: raw, seed: 0, debug: False, precision: 64, performance: False, verbose: INFO
[32m.[0m[Genesis 17:26:21] Exiting Genesis and caching compiled kernels...
[Genesis 17:26:21] Running on [NVIDIA RTX PRO 6000 Blackwell Server Edition] with backend gs.cuda. Device memory: 94.97 GB.
[Genesis 17:26:21] Genesis initialized. version: 1.4.3, theme: raw, seed: 0, debug: False, precision: 64, performance: False, verbose: INFO
apex False status [[0]] iterations [[92]]
[32m.[0m[Genesis 17:26:38] Exiting Genesis and caching compiled kernels...
[Genesis 17:26:38] Running on [NVIDIA RTX PRO 6000 Blackwell Server Edition] with backend gs.cuda. Device memory: 94.97 GB.
[Genesis 17:26:38] Genesis initialized. version: 1.4.3, theme: raw, seed: 0, debug: False, precision: 64, performance: False, verbose: INFO
apex True status [[0]] iterations [[92]]
[32m.[0m[Genesis 17:26:54] Exiting Genesis and caching compiled kernels...
[Genesis 17:26:55] Running on [NVIDIA RTX PRO 6000 Blackwell Server Edition] with backend gs.cuda. Device memory: 94.97 GB.
[Genesis 17:26:55] Genesis initialized. version: 1.4.3, theme: raw, seed: 0, debug: False, precision: 64, performance: False, verbose: INFO
[32m.[0m[Genesis 17:26:57] Exiting Genesis and caching compiled kernels...
[Genesis 17:26:58] Running on [NVIDIA RTX PRO 6000 Blackwell Server Edition] with backend gs.cuda. Device memory: 94.97 GB.
[Genesis 17:26:58] Genesis initialized. version: 1.4.3, theme: raw, seed: 0, debug: False, precision: 64, performance: False, verbose: INFO
[32m.[0m[Genesis 17:27:00] Exiting Genesis and caching compiled kernels...
[Genesis 17:27:00] Running on [NVIDIA RTX PRO 6000 Blackwell Server Edition] with backend gs.cuda. Device memory: 94.97 GB.
[Genesis 17:27:00] Genesis initialized. version: 1.4.3, theme: raw, seed: 0, debug: False, precision: 64, performance: False, verbose: INFO
[Genesis 17:27:01] Scene <dfe1aa6> created.
[Genesis 17:27:01] Adding <gs.engine.entities.RigidEntity> 'plane_19424a6'. idx: 0, morph: <gs.morphs.Plane>, material: <gs.materials.Rigid>.
[Genesis 17:27:01] Adding <gs.engine.entities.RigidEntity> 'shell_5b6769e'. idx: 1, morph: <gs.morphs.Mesh(file='/mnt/data/zhaofeng/projects/workspace/Genesis/rigid-stress-recovery/runs/20261010-contact-repair/tmp/pytest-of-zhaofeng/pytest-10/test_native_rigid_lifecycle_an0/shell.obj')>, material: <gs.materials.Rigid>.
[Genesis 17:27:01] Building scene <dfe1aa6>...
[Genesis 17:27:20] Compiling simulation kernels...
[Genesis 17:28:05] Building visualizer...
[Genesis 17:28:10] Running at 984.39 FPS (328.13 FPS per env, 3 envs).
actual rotated contacts substeps 1 peak error Pa [-1.73431181e-06 -1.72090949e-06 -1.72790897e-06]
[Genesis 17:28:10] Scene <86c8ba7> created.
[Genesis 17:28:10] Adding <gs.engine.entities.RigidEntity> 'plane_9ac5aaf'. idx: 0, morph: <gs.morphs.Plane>, material: <gs.materials.Rigid>.
[Genesis 17:28:10] Adding <gs.engine.entities.RigidEntity> 'shell_76cf070'. idx: 1, morph: <gs.morphs.Mesh(file='/mnt/data/zhaofeng/projects/workspace/Genesis/rigid-stress-recovery/runs/20261010-contact-repair/tmp/pytest-of-zhaofeng/pytest-10/test_native_rigid_lifecycle_an0/shell.obj')>, material: <gs.materials.Rigid>.
[Genesis 17:28:10] Building scene <86c8ba7>...
[Genesis 17:28:10] Compiling simulation kernels...
[Genesis 17:28:14] Building visualizer...
[32m.[0m[Genesis 17:28:14] Exiting Genesis and caching compiled kernels...
[Genesis 17:28:15] Running on [NVIDIA RTX PRO 6000 Blackwell Server Edition] with backend gs.cuda. Device memory: 94.97 GB.
[Genesis 17:28:15] Genesis initialized. version: 1.4.3, theme: raw, seed: 0, debug: False, precision: 64, performance: False, verbose: INFO
[Genesis 17:28:15] Scene <50eb7ab> created.
[Genesis 17:28:15] Adding <gs.engine.entities.RigidEntity> 'plane_a0dc023'. idx: 0, morph: <gs.morphs.Plane>, material: <gs.materials.Rigid>.
[Genesis 17:28:15] Adding <gs.engine.entities.RigidEntity> 'shell_91b2129'. idx: 1, morph: <gs.morphs.Mesh(file='/mnt/data/zhaofeng/projects/workspace/Genesis/rigid-stress-recovery/runs/20261010-contact-repair/tmp/pytest-of-zhaofeng/pytest-10/test_native_rigid_lifecycle_an1/shell.obj')>, material: <gs.materials.Rigid>.
[Genesis 17:28:15] Building scene <50eb7ab>...
[Genesis 17:28:31] Compiling simulation kernels...
[Genesis 17:28:36] Building visualizer...
[Genesis 17:28:36] Running at 267.58 FPS (89.19 FPS per env, 3 envs).
[Genesis 17:28:36] Running at 267.45 FPS (89.15 FPS per env, 3 envs).
[Genesis 17:28:37] Running at 267.47 FPS (89.16 FPS per env, 3 envs).
[Genesis 17:28:37] Running at 267.47 FPS (89.16 FPS per env, 3 envs).
[Genesis 17:28:37] Running at 267.15 FPS (89.05 FPS per env, 3 envs).
actual rotated contacts substeps 4 peak error Pa [-1.44403020e-06 -1.41894270e-06 -1.45229569e-06]
[Genesis 17:28:37] Scene <fe9e7e0> created.
[Genesis 17:28:37] Adding <gs.engine.entities.RigidEntity> 'plane_ab15e0a'. idx: 0, morph: <gs.morphs.Plane>, material: <gs.materials.Rigid>.
[Genesis 17:28:37] Adding <gs.engine.entities.RigidEntity> 'shell_bc87a44'. idx: 1, morph: <gs.morphs.Mesh(file='/mnt/data/zhaofeng/projects/workspace/Genesis/rigid-stress-recovery/runs/20261010-contact-repair/tmp/pytest-of-zhaofeng/pytest-10/test_native_rigid_lifecycle_an1/shell.obj')>, material: <gs.materials.Rigid>.
[Genesis 17:28:37] Building scene <fe9e7e0>...
[Genesis 17:28:37] Compiling simulation kernels...
[Genesis 17:28:38] Building visualizer...
[Genesis 17:28:38] Running at 706.28 FPS (235.43 FPS per env, 3 envs).
[Genesis 17:28:38] Running at 706.56 FPS (235.52 FPS per env, 3 envs).
[32m.[0m[Genesis 17:28:38] Exiting Genesis and caching compiled kernels...
[Genesis 17:28:39] Running on [NVIDIA RTX PRO 6000 Blackwell Server Edition] with backend gs.cuda. Device memory: 94.97 GB.
[Genesis 17:28:39] Genesis initialized. version: 1.4.3, theme: raw, seed: 0, debug: False, precision: 64, performance: False, verbose: INFO
[32m.[0m[Genesis 17:28:54] Exiting Genesis and caching compiled kernels...


============================== slowest durations ===============================

(54 durations < 100s hidden.)
[32m======================== [32m[1m18 passed[0m[32m in 271.16s (0:04:31)[0m[32m ========================[0m
