[38;5;226m[Genesis] [17:48:43] [WARNING] (MJCF) Approximating tendon by joint actuator for `finger_joint1`[0m
[38;5;226m[Genesis] [17:48:43] [WARNING] (MJCF) Approximating tendon by joint actuator for `finger_joint2`[0m
[38;5;226m[Genesis] [17:48:43] [WARNING] Neutral robot position (qpos0) exceeds joint limits.[0m
[38;5;226m[Genesis] [17:48:43] [WARNING] Constraint solver time constant should be greater than 2*substep_dt. timeconst is changed from `0.005` to `0.02`). Decrease simulation timestep or increase timeconst to avoid altering the original value.[0m
[38;5;226m[Genesis] [17:48:45] [WARNING] Filtered out geometry pairs causing self-collision for the neutral configuration (qpos0): (6, 11), (7, 11), (14, 21), (15, 20), (16, 23), (17, 22). Consider tuning Morph option 'decompose_robot_error_threshold' or specify dedicated collision meshes. This behavior can be disabled by setting Morph option 'enable_neutral_collision=True'.[0m
[E 10/10/26 17:49:05.325 3485581] [cuda_driver.h:operator()@94] CUDA Error CUDA_ERROR_ILLEGAL_ADDRESS: an illegal memory access was encountered while calling memcpy_host_to_device (cuMemcpyHtoD_v2)


Traceback (most recent call last):
  File "/mnt/home/zhaofeng/workspace/Genesis/.worktrees/rigid-stress-recovery/research/rigid_stress/probe_live_elastic_graph.py", line 67, in <module>
    main()
  File "/mnt/home/zhaofeng/workspace/Genesis/.worktrees/rigid-stress-recovery/research/rigid_stress/probe_live_elastic_graph.py", line 58, in main
    benchmark.main()
  File "/mnt/home/zhaofeng/workspace/Genesis/.worktrees/rigid-stress-recovery/examples/speed_benchmark/rigid_stress.py", line 251, in main
    workload.step(action)
  File "/mnt/home/zhaofeng/workspace/Genesis/.worktrees/rigid-stress-recovery/examples/rigid/franka_egg_stress.py", line 212, in step
    self.scene.step()
  File "/mnt/home/zhaofeng/workspace/Genesis/.worktrees/rigid-stress-recovery/genesis/utils/misc.py", line 150, in wrapper
    return method(self, *args, **kwargs)
  File "/mnt/home/zhaofeng/workspace/Genesis/.worktrees/rigid-stress-recovery/genesis/engine/scene.py", line 1103, in step
    self._sim.step()
  File "/mnt/home/zhaofeng/workspace/Genesis/.worktrees/rigid-stress-recovery/genesis/engine/simulator.py", line 366, in step
    self.rigid_solver.substep(self.cur_substep_local)
  File "/mnt/home/zhaofeng/workspace/Genesis/.worktrees/rigid-stress-recovery/genesis/engine/solvers/rigid/rigid_solver.py", line 1400, in substep
    self.stress_recovery.recover(f % self.substeps)
  File "/mnt/home/zhaofeng/workspace/Genesis/.worktrees/rigid-stress-recovery/genesis/engine/solvers/rigid/stress/recovery.py", line 134, in recover
    kernel_accept(entry.state, entry.contacts, solver._errno)
  File "/mnt/data/zhaofeng/venvs/rigid-stress-recovery/lib/python3.10/site-packages/quadrants/lang/_quadrants_callable.py", line 101, in __call__
    return self.wrapper.__call__(*args, **kwargs)
  File "/mnt/data/zhaofeng/venvs/rigid-stress-recovery/lib/python3.10/site-packages/quadrants/lang/kernel_impl.py", line 180, in wrapped_func
    return primal(*args, **kwargs)
  File "/mnt/data/zhaofeng/venvs/rigid-stress-recovery/lib/python3.10/site-packages/quadrants/lang/kernel.py", line 1056, in __call__
    ret = self.launch_kernel(key, kernel_cpp, compiled_kernel_data, *py_args, qd_stream=qd_stream)
  File "/mnt/data/zhaofeng/venvs/rigid-stress-recovery/lib/python3.10/site-packages/quadrants/lang/kernel.py", line 856, in launch_kernel
    raise e from None
  File "/mnt/data/zhaofeng/venvs/rigid-stress-recovery/lib/python3.10/site-packages/quadrants/lang/kernel.py", line 848, in launch_kernel
    prog.launch_kernel(compiled_kernel_data, launch_ctx)
RuntimeError: [cuda_driver.h:operator()@94] CUDA Error CUDA_ERROR_ILLEGAL_ADDRESS: an illegal memory access was encountered while calling memcpy_host_to_device (cuMemcpyHtoD_v2)

[38;5;9m[Genesis] [17:49:05] [ERROR] RuntimeError: [cuda_driver.h:operator()@94] CUDA Error CUDA_ERROR_ILLEGAL_ADDRESS: an illegal memory access was encountered while calling memcpy_host_to_device (cuMemcpyHtoD_v2)[0m
[E 10/10/26 17:49:05.414 3485581] [cuda_driver.h:operator()@94] CUDA Error CUDA_ERROR_ILLEGAL_ADDRESS: an illegal memory access was encountered while calling stream_synchronize (cuStreamSynchronize)


Exception ignored in atexit callback: <function destroy at 0x7ae2a4041000>
Traceback (most recent call last):
  File "/mnt/home/zhaofeng/workspace/Genesis/.worktrees/rigid-stress-recovery/genesis/__init__.py", line 365, in destroy
    qd.reset()
  File "/mnt/data/zhaofeng/venvs/rigid-stress-recovery/lib/python3.10/site-packages/quadrants/lang/misc.py", line 206, in reset
    impl.reset()
  File "/mnt/data/zhaofeng/venvs/rigid-stress-recovery/lib/python3.10/site-packages/quadrants/lang/impl.py", line 636, in reset
    pyquadrants.clear()
  File "/mnt/home/zhaofeng/workspace/Genesis/.worktrees/rigid-stress-recovery/genesis/utils/array_class.py", line 100, in _clear_then_drop_fills
    _clear(self)
  File "/mnt/data/zhaofeng/venvs/rigid-stress-recovery/lib/python3.10/site-packages/quadrants/lang/impl.py", line 598, in clear
    self._prog.finalize()
RuntimeError: [cuda_driver.h:operator()@94] CUDA Error CUDA_ERROR_ILLEGAL_ADDRESS: an illegal memory access was encountered while calling stream_synchronize (cuStreamSynchronize)
[E 10/10/26 17:49:05.736 3485581] [cuda_driver.h:operator()@94] CUDA Error CUDA_ERROR_ILLEGAL_ADDRESS: an illegal memory access was encountered while calling mem_free_async_impl (cuMemFreeAsync)


terminate called after throwing an instance of 'std::__cxx11::basic_string<char, std::char_traits<char>, std::allocator<char> >'
