[Quadrants] version 1.3.3, llvm 22.1.0, commit 00423caa, linux, python 3.10.12
[38;5;226m[Genesis] [20:15:46] [WARNING] (MJCF) Approximating tendon by joint actuator for `finger_joint1`[0m
[38;5;226m[Genesis] [20:15:46] [WARNING] (MJCF) Approximating tendon by joint actuator for `finger_joint2`[0m
[38;5;226m[Genesis] [20:15:47] [WARNING] Neutral robot position (qpos0) exceeds joint limits.[0m
[38;5;226m[Genesis] [20:15:47] [WARNING] Constraint solver time constant should be greater than 2*substep_dt. timeconst is changed from `0.005` to `0.02`). Decrease simulation timestep or increase timeconst to avoid altering the original value.[0m
[38;5;226m[Genesis] [20:15:49] [WARNING] Filtered out geometry pairs causing self-collision for the neutral configuration (qpos0): (6, 11), (7, 11), (14, 21), (15, 20), (16, 23), (17, 22). Consider tuning Morph option 'decompose_robot_error_threshold' or specify dedicated collision meshes. This behavior can be disabled by setting Morph option 'enable_neutral_collision=True'.[0m
Traceback (most recent call last):
  File "/usr/lib/python3.10/runpy.py", line 196, in _run_module_as_main
    return _run_code(code, main_globals, None,
  File "/usr/lib/python3.10/runpy.py", line 86, in _run_code
    exec(code, run_globals)
  File "/mnt/home/zhaofeng/workspace/Genesis/.worktrees/rigid-stress-recovery-output/research/rigid_stress/probe_face_pipeline.py", line 146, in <module>
    main()
  File "/mnt/home/zhaofeng/workspace/Genesis/.worktrees/rigid-stress-recovery-output/research/rigid_stress/probe_face_pipeline.py", line 126, in main
    (oracle.main if args.oracle else benchmark.main)()
  File "/mnt/home/zhaofeng/workspace/Genesis/.worktrees/rigid-stress-recovery-output/research/rigid_stress/native_trajectory_oracle.py", line 35, in main
    workload = FrankaEgg(args.envs, varied=True, seed=args.seed, output_mode=args.output_mode, substeps=args.substeps)
  File "/mnt/home/zhaofeng/workspace/Genesis/.worktrees/rigid-stress-recovery-output/research/rigid_stress/probe_face_pipeline.py", line 116, in initialize
    original_init(self, *init_args, **kwargs)
  File "/mnt/home/zhaofeng/workspace/Genesis/.worktrees/rigid-stress-recovery-output/examples/rigid/franka_egg_stress.py", line 88, in __init__
    self.scene.build(n_envs=n_envs)
  File "/mnt/home/zhaofeng/workspace/Genesis/.worktrees/rigid-stress-recovery-output/genesis/utils/misc.py", line 140, in wrapper
    return method(self, *args, **kwargs)
  File "/mnt/home/zhaofeng/workspace/Genesis/.worktrees/rigid-stress-recovery-output/genesis/engine/scene.py", line 883, in build
    self._sim.step()
  File "/mnt/home/zhaofeng/workspace/Genesis/.worktrees/rigid-stress-recovery-output/genesis/engine/simulator.py", line 366, in step
    self.rigid_solver.substep(self.cur_substep_local)
  File "/mnt/home/zhaofeng/workspace/Genesis/.worktrees/rigid-stress-recovery-output/genesis/engine/solvers/rigid/rigid_solver.py", line 1400, in substep
    self.stress_recovery.recover(f % self.substeps)
  File "/mnt/data/zhaofeng/projects/workspace/Genesis/rigid-stress-recovery/cache/face_pipeline/face_pipeline_generated.py", line 43, in recover
    kernel_face_pipeline(options.young, options.poisson, options.tolerance, options.absolute_tolerance, self.source_epsilon, entry.link.idx, solver._links_offset_pos, solver._links_offset_quat, entry.omega, solver.dyn_state, solver.collider.collider_state, entry.state, entry.contacts, entry.model.info, entry.surface.info, entry.model.surface_inverse.info, entry.model.inverse.info, entry.model.factor.info, solver._errno, solver._links_offset_quat.ndim == 3, i_substep == 0, not solver._disable_constraint, options.inverse_corrections, options.cached_peak, options.cached_face_bounds, entry.model.info.vertices.shape[0], entry.output_mode == 'full', workspaces[id(entry.state)][0], workspaces[id(entry.state)][1])
KeyError: 138263399783424

[38;5;9m[Genesis] [20:16:06] [ERROR] KeyError: 138263399783424[0m
