[Quadrants] version 1.3.3, llvm 22.1.0, commit 00423caa, linux, python 3.10.12
[38;5;226m[Genesis] [20:21:10] [WARNING] (MJCF) Approximating tendon by joint actuator for `finger_joint1`[0m
[38;5;226m[Genesis] [20:21:10] [WARNING] (MJCF) Approximating tendon by joint actuator for `finger_joint2`[0m
[38;5;226m[Genesis] [20:21:11] [WARNING] Neutral robot position (qpos0) exceeds joint limits.[0m
[38;5;226m[Genesis] [20:21:11] [WARNING] Constraint solver time constant should be greater than 2*substep_dt. timeconst is changed from `0.005` to `0.02`). Decrease simulation timestep or increase timeconst to avoid altering the original value.[0m
[38;5;226m[Genesis] [20:21:13] [WARNING] Filtered out geometry pairs causing self-collision for the neutral configuration (qpos0): (6, 11), (7, 11), (14, 21), (15, 20), (16, 23), (17, 22). Consider tuning Morph option 'decompose_robot_error_threshold' or specify dedicated collision meshes. This behavior can be disabled by setting Morph option 'enable_neutral_collision=True'.[0m
libEGL warning: failed to open /dev/dri/renderD135: Permission denied

libEGL warning: failed to open /dev/dri/card8: Permission denied

libEGL warning: failed to open /dev/dri/renderD134: Permission denied

libEGL warning: failed to open /dev/dri/card7: Permission denied

libEGL warning: failed to open /dev/dri/renderD133: Permission denied

libEGL warning: failed to open /dev/dri/card6: Permission denied

libEGL warning: failed to open /dev/dri/renderD132: Permission denied

libEGL warning: failed to open /dev/dri/card5: Permission denied

libEGL warning: failed to open /dev/dri/renderD131: Permission denied

libEGL warning: failed to open /dev/dri/card4: Permission denied

libEGL warning: failed to open /dev/dri/renderD130: Permission denied

libEGL warning: failed to open /dev/dri/card3: Permission denied

libEGL warning: failed to open /dev/dri/renderD129: Permission denied

libEGL warning: failed to open /dev/dri/card2: Permission denied

libEGL warning: failed to open /dev/dri/renderD128: Permission denied

libEGL warning: failed to open /dev/dri/card1: Permission denied

Traceback (most recent call last):
  File "/usr/lib/python3.10/runpy.py", line 196, in _run_module_as_main
    return _run_code(code, main_globals, None,
  File "/usr/lib/python3.10/runpy.py", line 86, in _run_code
    exec(code, run_globals)
  File "/mnt/home/zhaofeng/workspace/Genesis/.worktrees/rigid-stress-recovery-output/research/rigid_stress/probe_face_pipeline.py", line 145, in <module>
    main()
  File "/mnt/home/zhaofeng/workspace/Genesis/.worktrees/rigid-stress-recovery-output/research/rigid_stress/probe_face_pipeline.py", line 125, in main
    (oracle.main if args.oracle else benchmark.main)()
  File "/mnt/home/zhaofeng/workspace/Genesis/.worktrees/rigid-stress-recovery-output/examples/speed_benchmark/rigid_stress.py", line 428, in main
    workload.step(action)
  File "/mnt/home/zhaofeng/workspace/Genesis/.worktrees/rigid-stress-recovery-output/examples/rigid/franka_egg_stress.py", line 218, in step
    self.scene.step()
  File "/mnt/home/zhaofeng/workspace/Genesis/.worktrees/rigid-stress-recovery-output/genesis/utils/misc.py", line 150, in wrapper
    return method(self, *args, **kwargs)
  File "/mnt/home/zhaofeng/workspace/Genesis/.worktrees/rigid-stress-recovery-output/genesis/engine/scene.py", line 1103, in step
    self._sim.step()
  File "/mnt/home/zhaofeng/workspace/Genesis/.worktrees/rigid-stress-recovery-output/genesis/engine/simulator.py", line 351, in step
    self.rigid_solver.check_errno()
  File "/mnt/home/zhaofeng/workspace/Genesis/.worktrees/rigid-stress-recovery-output/genesis/engine/solvers/rigid/rigid_solver.py", line 1457, in check_errno
    gs.raise_exception(
  File "/mnt/home/zhaofeng/workspace/Genesis/.worktrees/rigid-stress-recovery-output/genesis/utils/misc.py", line 43, in raise_exception
    raise gs.GenesisException(msg)
genesis.GenesisException: Native stress contact recovery rejected a load. link=12, env=13456, contact=0, status=3: nonnegative sampled pad fit unresolved after local integration; physical infeasibility is not established; radius=0.00411071168 m, mu=0.813451501

[38;5;9m[Genesis] [20:27:22] [ERROR] GenesisException: Native stress contact recovery rejected a load. link=12, env=13456, contact=0, status=3: nonnegative sampled pad fit unresolved after local integration; physical infeasibility is not established; radius=0.00411071168 m, mu=0.813451501[0m
