[Quadrants] version 1.3.3, llvm 22.1.0, commit 00423caa, linux, python 3.10.12
[38;5;226m[Genesis] [18:25:39] [WARNING] (MJCF) Approximating tendon by joint actuator for `finger_joint1`[0m
[38;5;226m[Genesis] [18:25:39] [WARNING] (MJCF) Approximating tendon by joint actuator for `finger_joint2`[0m
[38;5;226m[Genesis] [18:25:40] [WARNING] Neutral robot position (qpos0) exceeds joint limits.[0m
[38;5;226m[Genesis] [18:25:40] [WARNING] Constraint solver time constant should be greater than 2*substep_dt. timeconst is changed from `0.005` to `0.02`). Decrease simulation timestep or increase timeconst to avoid altering the original value.[0m
[38;5;226m[Genesis] [18:25:42] [WARNING] Filtered out geometry pairs causing self-collision for the neutral configuration (qpos0): (6, 11), (7, 11), (14, 21), (15, 20), (16, 23), (17, 22). Consider tuning Morph option 'decompose_robot_error_threshold' or specify dedicated collision meshes. This behavior can be disabled by setting Morph option 'enable_neutral_collision=True'.[0m
{
  "scope": "rigid",
  "envs": 2048,
  "level": 1,
  "precision": "64",
  "quadrature": 10,
  "dt": 0.01,
  "substeps": 1,
  "varied": true,
  "seed": 510000,
  "load_model": "finite_pad_adaptive_q10",
  "condition_count": 2048,
  "conditions": null,
  "conditions_sha256": null,
  "cooperative_solve": true,
  "cooperative_pressure": true,
  "cooperative_scatter": true,
  "cached_peak": true,
  "cached_face_bounds": true,
  "method": "auto",
  "inverse_precision": "64",
  "surface_inverse": true,
  "packed_surface_loads": true,
  "history": 0,
  "host": "rtx-209-099",
  "slurm_job_id": "704636",
  "source_revision": "2c6e5ecc5ec7025e3d9963fce9ae1051ae845c6d",
  "arguments": {
    "scope": "rigid",
    "envs": 2048,
    "level": 1,
    "steps": 2400,
    "warmup": 900,
    "repetitions": 3,
    "minimum_seconds": 10.0,
    "varied": true,
    "seed": 510000,
    "source_revision": "2c6e5ecc5ec7025e3d9963fce9ae1051ae845c6d",
    "conditions": null,
    "save_conditions": null,
    "serial_solve": false,
    "serial_pressure": false,
    "serial_scatter": false,
    "uncached_peak": false,
    "uncached_face_bounds": false,
    "method": "auto",
    "inverse_precision": "64",
    "full_inverse": false,
    "dense_surface_loads": false,
    "history": 0,
    "trace": false,
    "compact_log": true,
    "output": "/mnt/data/zhaofeng/projects/workspace/Genesis/rigid-stress-recovery/runs/20261010-contact-repair/final-2c-b2048/rigid-b2048-seed510000.json"
  },
  "command": [
    "/mnt/data/zhaofeng/venvs/rigid-stress-recovery/bin/python",
    "examples/speed_benchmark/rigid_stress.py",
    "--scope",
    "rigid",
    "--envs",
    "2048",
    "--seed",
    "510000",
    "--steps",
    "2400",
    "--warmup",
    "900",
    "--repetitions",
    "3",
    "--minimum-seconds",
    "10",
    "--level",
    "1",
    "--varied",
    "--compact-log",
    "--source-revision",
    "2c6e5ecc5ec7025e3d9963fce9ae1051ae845c6d",
    "--output",
    "/mnt/data/zhaofeng/projects/workspace/Genesis/rigid-stress-recovery/runs/20261010-contact-repair/final-2c-b2048/rigid-b2048-seed510000.json"
  ],
  "source_sha256": {
    "/mnt/home/zhaofeng/workspace/Genesis/.worktrees/rigid-stress-recovery/examples/speed_benchmark/rigid_stress.py": "11ba3161faa64e2f55d077254a9f656f7cab2223b2d14905bbc1bc407dce4bde",
    "examples/rigid/franka_egg_stress.py": "d1c4405a0c6ace0ef8bce54e0ef96bb41659525162c8415f1100412762105861",
    "genesis/engine/solvers/rigid/rigid_solver.py": "639210a260da02b0b59b3814ae6a6cf27c6f8d540ce8800cdb36ea652b9cc510",
    "genesis/engine/solvers/rigid/stress/__init__.py": "17b4fa6e4eb64175b87586a6c7142b9fd2f5e88ba4321129d18e07e296adc5a6",
    "genesis/engine/solvers/rigid/stress/association.py": "fd2f31fd5c2cdcc19bec827a559a4617e0bc87f47d758be25b7b16a75f9ebf0d",
    "genesis/engine/solvers/rigid/stress/contact.py": "527583fb4b053fc63d7c37b2ad303fe6820a2441cba6cf5b201779411954cd99",
    "genesis/engine/solvers/rigid/stress/data.py": "0a5559db6e1f6a83c172888109404eafa3cc81b28000bffd2b3cf3b4a6284825",
    "genesis/engine/solvers/rigid/stress/factor.py": "5bfc336c0ff00a5388fbf663590f4a5680629fae1686688a8992b8224eb9e15c",
    "genesis/engine/solvers/rigid/stress/grid.py": "f451674d257339ece41a258f22c7b95fe25d6fc51888854855de4320e26b9a90",
    "genesis/engine/solvers/rigid/stress/history.py": "559e046d3405afc260be5cd5a0de5712e490518e73aafc288642261c3959657c",
    "genesis/engine/solvers/rigid/stress/inverse.py": "9b1fef956961c1ec9cd3c989129b0ce38c88eba7db8ffed995b637cb884da0db",
    "genesis/engine/solvers/rigid/stress/model.py": "89536abe854cc7df99102386cad771c9b4c433b35cee78975804ac73d3c71b81",
    "genesis/engine/solvers/rigid/stress/operators.py": "40ad5e488e928a8f22efe0833f447afba7ef0e258bc3cffb5a0fe30bc1d416ff",
    "genesis/engine/solvers/rigid/stress/recovery.py": "e596ffd926b5d91a4aa9b7ad1ac77aa5b054ad4e33fee8d009e6ae0687e2136c",
    "genesis/engine/solvers/rigid/stress/solve.py": "618f5c71d0338e53b556f56d22f202f6e0f14b521fc9ed03096ce5af99fafc68",
    "genesis/engine/solvers/rigid/stress/surface.py": "ed42707ee7c589db942a15835d40aba5194d2415b2c576ae0196987b94bb4fc1",
    "genesis/engine/solvers/rigid/stress/surface_inverse.py": "2515e85093aa05b275164fc1b40891e83647f8f48a592bdbd808ccdeeb84b151",
    "genesis/options/rigid_stress.py": "668b87b0f8f19c82d7b26a8ce4b983dcbe23f59880d371f1c7c199d8c8dd2660"
  },
  "gpu": "NVIDIA RTX PRO 6000 Blackwell Server Edition",
  "gpu_uuid": "GPU-1ee87cd8-c05b-6109-afb0-8803fcc68852",
  "gpu_total_bytes": 101975851008,
  "quadrants": [
    1,
    3,
    3
  ],
  "torch": "2.8.0",
  "setup_seconds": 9.666593737900257,
  "warmup_steps": 900,
  "policy": {
    "layers": [
      26,
      128,
      128,
      7
    ],
    "seed": 99173,
    "dtype": "float64",
    "residual_scale_rad": 0.0001
  },
  "repeats": [
    {
      "steps": 2400,
      "seconds": 33.77482872409746,
      "transitions_per_second": 145528.4952042742,
      "batch_steps_per_second": 71.05883554896201,
      "resets": 6144
    },
    {
      "steps": 2400,
      "seconds": 33.71222949400544,
      "transitions_per_second": 145798.72271200572,
      "batch_steps_per_second": 71.19078257422154,
      "resets": 6144
    },
    {
      "steps": 2400,
      "seconds": 33.789152354002,
      "transitions_per_second": 145466.80391696308,
      "batch_steps_per_second": 71.02871285007963,
      "resets": 6144
    }
  ],
  "torch_peak_allocated_bytes": 4871168,
  "device_free_bytes": 97558986752
}
