[Quadrants] version 1.3.3, llvm 22.1.0, commit 00423caa, linux, python 3.10.12
[38;5;226m[Genesis] [19:53:29] [WARNING] (MJCF) Approximating tendon by joint actuator for `finger_joint1`[0m
[38;5;226m[Genesis] [19:53:29] [WARNING] (MJCF) Approximating tendon by joint actuator for `finger_joint2`[0m
[38;5;226m[Genesis] [19:53:30] [WARNING] Neutral robot position (qpos0) exceeds joint limits.[0m
[38;5;226m[Genesis] [19:53:31] [WARNING] Constraint solver time constant should be greater than 2*substep_dt. timeconst is changed from `0.005` to `0.02`). Decrease simulation timestep or increase timeconst to avoid altering the original value.[0m
[38;5;226m[Genesis] [19:53:33] [WARNING] Filtered out geometry pairs causing self-collision for the neutral configuration (qpos0): (6, 11), (7, 11), (14, 21), (15, 20), (16, 23), (17, 22). Consider tuning Morph option 'decompose_robot_error_threshold' or specify dedicated collision meshes. This behavior can be disabled by setting Morph option 'enable_neutral_collision=True'.[0m
Traceback (most recent call last):
  File "/mnt/home/zhaofeng/workspace/Genesis/.worktrees/rigid-stress-recovery/examples/speed_benchmark/rigid_stress.py", line 457, in <module>
    main()
  File "/mnt/home/zhaofeng/workspace/Genesis/.worktrees/rigid-stress-recovery/examples/speed_benchmark/rigid_stress.py", line 390, in main
    workload.step(action)
  File "/mnt/home/zhaofeng/workspace/Genesis/.worktrees/rigid-stress-recovery/examples/rigid/franka_egg_stress.py", line 214, in step
    self.scene.step()
  File "/mnt/home/zhaofeng/workspace/Genesis/.worktrees/rigid-stress-recovery/genesis/utils/misc.py", line 150, in wrapper
    return method(self, *args, **kwargs)
  File "/mnt/home/zhaofeng/workspace/Genesis/.worktrees/rigid-stress-recovery/genesis/engine/scene.py", line 1103, in step
    self._sim.step()
  File "/mnt/home/zhaofeng/workspace/Genesis/.worktrees/rigid-stress-recovery/genesis/engine/simulator.py", line 351, in step
    self.rigid_solver.check_errno()
  File "/mnt/home/zhaofeng/workspace/Genesis/.worktrees/rigid-stress-recovery/genesis/engine/solvers/rigid/rigid_solver.py", line 1457, in check_errno
    gs.raise_exception(
  File "/mnt/home/zhaofeng/workspace/Genesis/.worktrees/rigid-stress-recovery/genesis/utils/misc.py", line 43, in raise_exception
    raise gs.GenesisException(msg)
genesis.GenesisException: Native stress contact recovery rejected a load. link=12, env=12271, contact=1, status=3: nonnegative sampled pad fit unresolved after local integration; physical infeasibility is not established; radius=0.00546090089 m, mu=0.76912725

[38;5;9m[Genesis] [20:03:12] [ERROR] GenesisException: Native stress contact recovery rejected a load. link=12, env=12271, contact=1, status=3: nonnegative sampled pad fit unresolved after local integration; physical infeasibility is not established; radius=0.00546090089 m, mu=0.76912725[0m
