[1m============================= test session starts ==============================[0m
platform linux -- Python 3.10.12, pytest-8.4.2, pluggy-1.6.0
rootdir: /mnt/home/zhaofeng/workspace/Genesis/.worktrees/rigid-stress-recovery-contact
configfile: pyproject.toml
plugins: anyio-4.15.1, forked-1.7.5, print-1.2.0, timeout-2.4.0, xdist-3.8.0, quadrants-1.3.3, syrupy-6.1.1
timeout: 1200.0s
timeout method: signal
timeout func_only: False
created: 4/4 workers
4 workers [27 items]

[32m.[0m[32m.[0m[32m.[0m[W 10/10/26 20:47:47.784 4140134] [frontend_ir.cpp:begin_frontend_struct_for_on_external_tensor@1551] qd.loop_config(serialize=True) does not have effect on the struct for. The execution order is not guaranteed.
[W 10/10/26 20:47:47.793 4140134] [frontend_ir.cpp:begin_frontend_struct_for_on_external_tensor@1551] qd.loop_config(serialize=True) does not have effect on the struct for. The execution order is not guaranteed.
[W 10/10/26 20:47:48.023 4140134] [frontend_ir.cpp:begin_frontend_struct_for_on_external_tensor@1551] qd.loop_config(serialize=True) does not have effect on the struct for. The execution order is not guaranteed.
[W 10/10/26 20:47:48.035 4140134] [frontend_ir.cpp:begin_frontend_struct_for_on_external_tensor@1551] qd.loop_config(serialize=True) does not have effect on the struct for. The execution order is not guaranteed.
[W 10/10/26 20:47:48.104 4140134] [frontend_ir.cpp:begin_frontend_struct_for_on_external_tensor@1551] qd.loop_config(serialize=True) does not have effect on the struct for. The execution order is not guaranteed.
[W 10/10/26 20:47:48.110 4140134] [frontend_ir.cpp:begin_frontend_struct_for_on_external_tensor@1551] qd.loop_config(serialize=True) does not have effect on the struct for. The execution order is not guaranteed.
[32m.[0m[32m.[0m[32m.[0m[32m.[0m[32m.[0m[W 10/10/26 20:47:55.653 4140140] QuadrantsWarning
While compiling `kernel_store_inverse_c748_1`, File "/mnt/home/zhaofeng/workspace/Genesis/.worktrees/rigid-stress-recovery-contact/genesis/engine/solvers/rigid/stress/inverse.py", line 66, in kernel_store_inverse:
        inverse_info.blocks[i, j] = block
        ^^^^^^^^^^^^^^^^^^^^^^^^^^^^^^^^^
Assign may lose precision: f32 <- f64
[32m.[0m[32m.[0m[32m.[0m[32m.[0m[32m.[0m[32m.[0m[32m.[0m[32m.[0m[W 10/10/26 20:48:20.505 4140146] [frontend_ir.cpp:begin_frontend_struct_for_on_external_tensor@1551] qd.loop_config(serialize=True) does not have effect on the struct for. The execution order is not guaranteed.
[W 10/10/26 20:48:20.514 4140146] [frontend_ir.cpp:begin_frontend_struct_for_on_external_tensor@1551] qd.loop_config(serialize=True) does not have effect on the struct for. The execution order is not guaranteed.
[W 10/10/26 20:48:20.811 4140146] [frontend_ir.cpp:begin_frontend_struct_for_on_external_tensor@1551] qd.loop_config(serialize=True) does not have effect on the struct for. The execution order is not guaranteed.
[W 10/10/26 20:48:20.823 4140146] [frontend_ir.cpp:begin_frontend_struct_for_on_external_tensor@1551] qd.loop_config(serialize=True) does not have effect on the struct for. The execution order is not guaranteed.
[W 10/10/26 20:48:20.879 4140146] [frontend_ir.cpp:begin_frontend_struct_for_on_external_tensor@1551] qd.loop_config(serialize=True) does not have effect on the struct for. The execution order is not guaranteed.
[W 10/10/26 20:48:20.884 4140146] [frontend_ir.cpp:begin_frontend_struct_for_on_external_tensor@1551] qd.loop_config(serialize=True) does not have effect on the struct for. The execution order is not guaranteed.
[W 10/10/26 20:48:21.629 4140140] [frontend_ir.cpp:begin_frontend_struct_for_on_external_tensor@1551] qd.loop_config(serialize=True) does not have effect on the struct for. The execution order is not guaranteed.
[W 10/10/26 20:48:21.639 4140140] [frontend_ir.cpp:begin_frontend_struct_for_on_external_tensor@1551] qd.loop_config(serialize=True) does not have effect on the struct for. The execution order is not guaranteed.
[W 10/10/26 20:48:21.653 4140130] [frontend_ir.cpp:begin_frontend_struct_for_on_external_tensor@1551] qd.loop_config(serialize=True) does not have effect on the struct for. The execution order is not guaranteed.
[W 10/10/26 20:48:21.662 4140130] [frontend_ir.cpp:begin_frontend_struct_for_on_external_tensor@1551] qd.loop_config(serialize=True) does not have effect on the struct for. The execution order is not guaranteed.
[W 10/10/26 20:48:21.868 4140140] [frontend_ir.cpp:begin_frontend_struct_for_on_external_tensor@1551] qd.loop_config(serialize=True) does not have effect on the struct for. The execution order is not guaranteed.
[W 10/10/26 20:48:21.880 4140140] [frontend_ir.cpp:begin_frontend_struct_for_on_external_tensor@1551] qd.loop_config(serialize=True) does not have effect on the struct for. The execution order is not guaranteed.
[W 10/10/26 20:48:21.902 4140130] [frontend_ir.cpp:begin_frontend_struct_for_on_external_tensor@1551] qd.loop_config(serialize=True) does not have effect on the struct for. The execution order is not guaranteed.
[W 10/10/26 20:48:21.914 4140130] [frontend_ir.cpp:begin_frontend_struct_for_on_external_tensor@1551] qd.loop_config(serialize=True) does not have effect on the struct for. The execution order is not guaranteed.
[W 10/10/26 20:48:21.936 4140140] [frontend_ir.cpp:begin_frontend_struct_for_on_external_tensor@1551] qd.loop_config(serialize=True) does not have effect on the struct for. The execution order is not guaranteed.
[W 10/10/26 20:48:21.942 4140140] [frontend_ir.cpp:begin_frontend_struct_for_on_external_tensor@1551] qd.loop_config(serialize=True) does not have effect on the struct for. The execution order is not guaranteed.
[W 10/10/26 20:48:21.969 4140130] [frontend_ir.cpp:begin_frontend_struct_for_on_external_tensor@1551] qd.loop_config(serialize=True) does not have effect on the struct for. The execution order is not guaranteed.
[W 10/10/26 20:48:21.974 4140130] [frontend_ir.cpp:begin_frontend_struct_for_on_external_tensor@1551] qd.loop_config(serialize=True) does not have effect on the struct for. The execution order is not guaranteed.
libEGL warning: failed to open /dev/dri/renderD135: Permission denied

libEGL warning: failed to open /dev/dri/card8: Permission denied

libEGL warning: failed to open /dev/dri/renderD134: Permission denied

libEGL warning: failed to open /dev/dri/card7: Permission denied

libEGL warning: failed to open /dev/dri/renderD133: Permission denied

libEGL warning: failed to open /dev/dri/card6: Permission denied

libEGL warning: failed to open /dev/dri/renderD132: Permission denied

libEGL warning: failed to open /dev/dri/card5: Permission denied

libEGL warning: failed to open /dev/dri/renderD131: Permission denied

libEGL warning: failed to open /dev/dri/card4: Permission denied

libEGL warning: failed to open /dev/dri/renderD130: Permission denied

libEGL warning: failed to open /dev/dri/card3: Permission denied

libEGL warning: failed to open /dev/dri/renderD129: Permission denied

libEGL warning: failed to open /dev/dri/card2: Permission denied

libEGL warning: failed to open /dev/dri/renderD128: Permission denied

libEGL warning: failed to open /dev/dri/card1: Permission denied

[32m.[0m[32m.[0m[32m.[0m[32m.[0mlibEGL warning: failed to open /dev/dri/renderD135: Permission denied

libEGL warning: failed to open /dev/dri/card8: Permission denied

libEGL warning: failed to open /dev/dri/renderD134: Permission denied

libEGL warning: failed to open /dev/dri/card7: Permission denied

libEGL warning: failed to open /dev/dri/renderD133: Permission denied

libEGL warning: failed to open /dev/dri/card6: Permission denied

libEGL warning: failed to open /dev/dri/renderD132: Permission denied

libEGL warning: failed to open /dev/dri/card5: Permission denied

libEGL warning: failed to open /dev/dri/renderD131: Permission denied

libEGL warning: failed to open /dev/dri/card4: Permission denied

libEGL warning: failed to open /dev/dri/renderD130: Permission denied

libEGL warning: failed to open /dev/dri/card3: Permission denied

libEGL warning: failed to open /dev/dri/renderD129: Permission denied

libEGL warning: failed to open /dev/dri/card2: Permission denied

libEGL warning: failed to open /dev/dri/renderD128: Permission denied

libEGL warning: failed to open /dev/dri/card1: Permission denied

libEGL warning: failed to open /dev/dri/renderD135: Permission denied

libEGL warning: failed to open /dev/dri/card8: Permission denied

libEGL warning: failed to open /dev/dri/renderD134: Permission denied

libEGL warning: failed to open /dev/dri/card7: Permission denied

libEGL warning: failed to open /dev/dri/renderD133: Permission denied

libEGL warning: failed to open /dev/dri/card6: Permission denied

libEGL warning: failed to open /dev/dri/renderD132: Permission denied

libEGL warning: failed to open /dev/dri/card5: Permission denied

libEGL warning: failed to open /dev/dri/renderD131: Permission denied

libEGL warning: failed to open /dev/dri/card4: Permission denied

libEGL warning: failed to open /dev/dri/renderD130: Permission denied

libEGL warning: failed to open /dev/dri/card3: Permission denied

libEGL warning: failed to open /dev/dri/renderD129: Permission denied

libEGL warning: failed to open /dev/dri/card2: Permission denied

libEGL warning: failed to open /dev/dri/renderD128: Permission denied

libEGL warning: failed to open /dev/dri/card1: Permission denied

libEGL warning: failed to open /dev/dri/renderD135: Permission denied

libEGL warning: failed to open /dev/dri/card8: Permission denied

libEGL warning: failed to open /dev/dri/renderD134: Permission denied

libEGL warning: failed to open /dev/dri/card7: Permission denied

libEGL warning: failed to open /dev/dri/renderD133: Permission denied

libEGL warning: failed to open /dev/dri/card6: Permission denied

libEGL warning: failed to open /dev/dri/renderD132: Permission denied

libEGL warning: failed to open /dev/dri/card5: Permission denied

libEGL warning: failed to open /dev/dri/renderD131: Permission denied

libEGL warning: failed to open /dev/dri/card4: Permission denied

libEGL warning: failed to open /dev/dri/renderD130: Permission denied

libEGL warning: failed to open /dev/dri/card3: Permission denied

libEGL warning: failed to open /dev/dri/renderD129: Permission denied

libEGL warning: failed to open /dev/dri/card2: Permission denied

libEGL warning: failed to open /dev/dri/renderD128: Permission denied

libEGL warning: failed to open /dev/dri/card1: Permission denied

libEGL warning: failed to open /dev/dri/renderD135: Permission denied

libEGL warning: failed to open /dev/dri/card8: Permission denied

libEGL warning: failed to open /dev/dri/renderD134: Permission denied

libEGL warning: failed to open /dev/dri/card7: Permission denied

libEGL warning: failed to open /dev/dri/renderD133: Permission denied

libEGL warning: failed to open /dev/dri/card6: Permission denied

libEGL warning: failed to open /dev/dri/renderD132: Permission denied

libEGL warning: failed to open /dev/dri/card5: Permission denied

libEGL warning: failed to open /dev/dri/renderD131: Permission denied

libEGL warning: failed to open /dev/dri/card4: Permission denied

libEGL warning: failed to open /dev/dri/renderD130: Permission denied

libEGL warning: failed to open /dev/dri/card3: Permission denied

libEGL warning: failed to open /dev/dri/renderD129: Permission denied

libEGL warning: failed to open /dev/dri/card2: Permission denied

libEGL warning: failed to open /dev/dri/renderD128: Permission denied

libEGL warning: failed to open /dev/dri/card1: Permission denied

[32m.[0mlibEGL warning: failed to open /dev/dri/renderD135: Permission denied

libEGL warning: failed to open /dev/dri/card8: Permission denied

libEGL warning: failed to open /dev/dri/renderD134: Permission denied

libEGL warning: failed to open /dev/dri/card7: Permission denied

libEGL warning: failed to open /dev/dri/renderD133: Permission denied

libEGL warning: failed to open /dev/dri/card6: Permission denied

libEGL warning: failed to open /dev/dri/renderD132: Permission denied

libEGL warning: failed to open /dev/dri/card5: Permission denied

libEGL warning: failed to open /dev/dri/renderD131: Permission denied

libEGL warning: failed to open /dev/dri/card4: Permission denied

libEGL warning: failed to open /dev/dri/renderD130: Permission denied

libEGL warning: failed to open /dev/dri/card3: Permission denied

libEGL warning: failed to open /dev/dri/renderD129: Permission denied

libEGL warning: failed to open /dev/dri/card2: Permission denied

libEGL warning: failed to open /dev/dri/renderD128: Permission denied

libEGL warning: failed to open /dev/dri/card1: Permission denied

[32m.[0mlibEGL warning: failed to open /dev/dri/renderD135: Permission denied

libEGL warning: failed to open /dev/dri/card8: Permission denied

libEGL warning: failed to open /dev/dri/renderD134: Permission denied

libEGL warning: failed to open /dev/dri/card7: Permission denied

libEGL warning: failed to open /dev/dri/renderD133: Permission denied

libEGL warning: failed to open /dev/dri/card6: Permission denied

libEGL warning: failed to open /dev/dri/renderD132: Permission denied

libEGL warning: failed to open /dev/dri/card5: Permission denied

libEGL warning: failed to open /dev/dri/renderD131: Permission denied

libEGL warning: failed to open /dev/dri/card4: Permission denied

libEGL warning: failed to open /dev/dri/renderD130: Permission denied

libEGL warning: failed to open /dev/dri/card3: Permission denied

libEGL warning: failed to open /dev/dri/renderD129: Permission denied

libEGL warning: failed to open /dev/dri/card2: Permission denied

libEGL warning: failed to open /dev/dri/renderD128: Permission denied

libEGL warning: failed to open /dev/dri/card1: Permission denied

[32m.[0m[32m.[0m[32m.[0m[32m.[0mlibEGL warning: failed to open /dev/dri/renderD135: Permission denied

libEGL warning: failed to open /dev/dri/card8: Permission denied

libEGL warning: failed to open /dev/dri/renderD134: Permission denied

libEGL warning: failed to open /dev/dri/card7: Permission denied

libEGL warning: failed to open /dev/dri/renderD133: Permission denied

libEGL warning: failed to open /dev/dri/card6: Permission denied

libEGL warning: failed to open /dev/dri/renderD132: Permission denied

libEGL warning: failed to open /dev/dri/card5: Permission denied

libEGL warning: failed to open /dev/dri/renderD131: Permission denied

libEGL warning: failed to open /dev/dri/card4: Permission denied

libEGL warning: failed to open /dev/dri/renderD130: Permission denied

libEGL warning: failed to open /dev/dri/card3: Permission denied

libEGL warning: failed to open /dev/dri/renderD129: Permission denied

libEGL warning: failed to open /dev/dri/card2: Permission denied

libEGL warning: failed to open /dev/dri/renderD128: Permission denied

libEGL warning: failed to open /dev/dri/card1: Permission denied

libEGL warning: failed to open /dev/dri/renderD135: Permission denied

libEGL warning: failed to open /dev/dri/card8: Permission denied

libEGL warning: failed to open /dev/dri/renderD134: Permission denied

libEGL warning: failed to open /dev/dri/card7: Permission denied

libEGL warning: failed to open /dev/dri/renderD133: Permission denied

libEGL warning: failed to open /dev/dri/card6: Permission denied

libEGL warning: failed to open /dev/dri/renderD132: Permission denied

libEGL warning: failed to open /dev/dri/card5: Permission denied

libEGL warning: failed to open /dev/dri/renderD131: Permission denied

libEGL warning: failed to open /dev/dri/card4: Permission denied

libEGL warning: failed to open /dev/dri/renderD130: Permission denied

libEGL warning: failed to open /dev/dri/card3: Permission denied

libEGL warning: failed to open /dev/dri/renderD129: Permission denied

libEGL warning: failed to open /dev/dri/card2: Permission denied

libEGL warning: failed to open /dev/dri/renderD128: Permission denied

libEGL warning: failed to open /dev/dri/card1: Permission denied

[32m.[0m
============================== slowest durations ===============================

(81 durations < 100s hidden.)
[32m======================== [32m[1m27 passed[0m[32m in 134.58s (0:02:14)[0m[32m ========================[0m
