[
  {
    "case": {
      "env": 14658,
      "slot": 0,
      "status": 3,
      "position": [
        8.423108194112004e-06,
        -9.491831147112614e-06,
        0.02997678241766882
      ],
      "center": [
        -1.160079290571529e-05,
        1.4521194824297795e-05,
        0.029989564965020622
      ],
      "anchor_face": 24,
      "is_refined": true,
      "candidate_count": 563,
      "weight_sum": 1.9504529293031857e-05,
      "force": [
        0.0014871093110934814,
        -0.0017833685020508818,
        -0.0009493177723757649
      ],
      "normal": [
        0.3183675187512961,
        -0.3587619511864121,
        -0.8774576829597318
      ],
      "friction": 0.8132615716182551,
      "radius": 0.0059312792977239135,
      "coefficient": [
        2763733200.619267,
        -91709477194.51875,
        -741071594470.8324
      ],
      "evaluations": 160,
      "force_error": 0.0,
      "moment_error": 0.0
    },
    "anchor": [
      -1.1600792905714603e-05,
      1.4521194824296971e-05,
      0.029989564965020622
    ],
    "integrations": [
      {
        "name": "fixed",
        "samples": 130,
        "lp_status": 2,
        "gram_eigenvalues": [
          0.01606088747467592,
          0.06702200986739555,
          1.0280328988660248
        ],
        "cpu_fit_error": "The pad footprint cannot preserve this point wrench: force error=4.22927e-08 N, moment error=6.10933e-08 Nm",
        "balanced_fit_trace": [
          {
            "iteration": 0,
            "residual": 0.2383644748747641,
            "determinant_ratio": 0.00020624206136828777,
            "balanced_determinant_ratio": 0.010612804105566996
          },
          {
            "iteration": 1,
            "residual": 0.3238112811407735,
            "determinant_ratio": 3.6301697951165826e-05,
            "balanced_determinant_ratio": 0.007057020737359761
          },
          {
            "iteration": 2,
            "residual": 0.43318744493751726,
            "determinant_ratio": 5.78370833102997e-06,
            "balanced_determinant_ratio": 0.005812783051338688
          },
          {
            "iteration": 3,
            "residual": 0.4614745352643477,
            "determinant_ratio": 1.8947640804693416e-06,
            "balanced_determinant_ratio": 0.00517748731705238
          },
          {
            "iteration": 4,
            "residual": 0.5737484691449434,
            "determinant_ratio": 2.8662751038334815e-07,
            "balanced_determinant_ratio": 0.004427415289419562
          },
          {
            "iteration": 5,
            "residual": 0.6481633535558068,
            "determinant_ratio": 5.260235805349436e-08,
            "balanced_determinant_ratio": 0.003416554910014844
          },
          {
            "iteration": 6,
            "residual": 0.6567871774132099,
            "determinant_ratio": 1.2298241346554391e-08,
            "balanced_determinant_ratio": 0.004150286349082503
          },
          {
            "iteration": 7,
            "residual": 0.5220734000412077,
            "determinant_ratio": 2.858122715498e-24,
            "balanced_determinant_ratio": 2.5930438699128228e-18
          },
          {
            "iteration": 8,
            "residual": 0.17208651468597044,
            "determinant_ratio": 2.858122715498e-24,
            "balanced_determinant_ratio": 2.5930438699128228e-18
          },
          {
            "iteration": 9,
            "residual": 0.17208651468597022,
            "determinant_ratio": 2.858122715498e-24,
            "balanced_determinant_ratio": 2.5930438699128228e-18
          },
          {
            "iteration": 10,
            "residual": 0.17208651468597055,
            "determinant_ratio": 2.858122715498e-24,
            "balanced_determinant_ratio": 2.5930438699128228e-18
          },
          {
            "iteration": 11,
            "residual": 0.17208651468597055,
            "determinant_ratio": 2.858122715498e-24,
            "balanced_determinant_ratio": 2.5930438699128228e-18
          },
          {
            "iteration": 12,
            "residual": 0.17208651468597055,
            "determinant_ratio": 2.858122715498e-24,
            "balanced_determinant_ratio": 2.5930438699128228e-18
          },
          {
            "iteration": 13,
            "residual": 0.17208651468597055,
            "determinant_ratio": 2.858122715498e-24,
            "balanced_determinant_ratio": 2.5930438699128228e-18
          },
          {
            "iteration": 14,
            "residual": 0.17208651468597055,
            "determinant_ratio": 2.858122715498e-24,
            "balanced_determinant_ratio": 2.5930438699128228e-18
          },
          {
            "iteration": 15,
            "residual": 0.17208651468597055,
            "determinant_ratio": 2.858122715498e-24,
            "balanced_determinant_ratio": 2.5930438699128228e-18
          },
          {
            "iteration": 16,
            "residual": 0.17208651468597055,
            "determinant_ratio": 2.858122715498e-24,
            "balanced_determinant_ratio": 2.5930438699128228e-18
          },
          {
            "iteration": 17,
            "residual": 0.17208651468597055,
            "determinant_ratio": 2.858122715498e-24,
            "balanced_determinant_ratio": 2.5930438699128228e-18
          },
          {
            "iteration": 18,
            "residual": 0.17208651468597055,
            "determinant_ratio": 2.858122715498e-24,
            "balanced_determinant_ratio": 2.5930438699128228e-18
          },
          {
            "iteration": 19,
            "residual": 0.17208651468597055,
            "determinant_ratio": 2.858122715498e-24,
            "balanced_determinant_ratio": 2.5930438699128228e-18
          },
          {
            "iteration": 20,
            "residual": 0.17208651468597055,
            "determinant_ratio": 2.858122715498e-24,
            "balanced_determinant_ratio": 2.5930438699128228e-18
          },
          {
            "iteration": 21,
            "residual": 0.17208651468597055,
            "determinant_ratio": 2.858122715498e-24,
            "balanced_determinant_ratio": 2.5930438699128228e-18
          },
          {
            "iteration": 22,
            "residual": 0.17208651468597055,
            "determinant_ratio": 2.858122715498e-24,
            "balanced_determinant_ratio": 2.5930438699128228e-18
          },
          {
            "iteration": 23,
            "residual": 0.17208651468597055,
            "determinant_ratio": 2.858122715498e-24,
            "balanced_determinant_ratio": 2.5930438699128228e-18
          },
          {
            "iteration": 24,
            "residual": 0.17208651468597055,
            "determinant_ratio": 2.858122715498e-24,
            "balanced_determinant_ratio": 2.5930438699128228e-18
          },
          {
            "iteration": 25,
            "residual": 0.17208651468597055,
            "determinant_ratio": 2.858122715498e-24,
            "balanced_determinant_ratio": 2.5930438699128228e-18
          },
          {
            "iteration": 26,
            "residual": 0.17208651468597055,
            "determinant_ratio": 2.858122715498e-24,
            "balanced_determinant_ratio": 2.5930438699128228e-18
          },
          {
            "iteration": 27,
            "residual": 0.17208651468597055,
            "determinant_ratio": 2.858122715498e-24,
            "balanced_determinant_ratio": 2.5930438699128228e-18
          },
          {
            "iteration": 28,
            "residual": 0.17208651468597055,
            "determinant_ratio": 2.858122715498e-24,
            "balanced_determinant_ratio": 2.5930438699128228e-18
          },
          {
            "iteration": 29,
            "residual": 0.17208651468597055,
            "determinant_ratio": 2.858122715498e-24,
            "balanced_determinant_ratio": 2.5930438699128228e-18
          },
          {
            "iteration": 30,
            "residual": 0.17208651468597055,
            "determinant_ratio": 2.858122715498e-24,
            "balanced_determinant_ratio": 2.5930438699128228e-18
          },
          {
            "iteration": 31,
            "residual": 0.17208651468597055,
            "determinant_ratio": 2.858122715498e-24,
            "balanced_determinant_ratio": 2.5930438699128228e-18
          },
          {
            "iteration": 32,
            "residual": 0.17208651468597055,
            "determinant_ratio": 2.858122715498e-24,
            "balanced_determinant_ratio": 2.5930438699128228e-18
          },
          {
            "iteration": 33,
            "residual": 0.17208651468597055,
            "determinant_ratio": 2.858122715498e-24,
            "balanced_determinant_ratio": 2.5930438699128228e-18
          },
          {
            "iteration": 34,
            "residual": 0.17208651468597055,
            "determinant_ratio": 2.858122715498e-24,
            "balanced_determinant_ratio": 2.5930438699128228e-18
          },
          {
            "iteration": 35,
            "residual": 0.17208651468597055,
            "determinant_ratio": 2.858122715498e-24,
            "balanced_determinant_ratio": 2.5930438699128228e-18
          },
          {
            "iteration": 36,
            "residual": 0.17208651468597055,
            "determinant_ratio": 2.858122715498e-24,
            "balanced_determinant_ratio": 2.5930438699128228e-18
          },
          {
            "iteration": 37,
            "residual": 0.17208651468597055,
            "determinant_ratio": 2.858122715498e-24,
            "balanced_determinant_ratio": 2.5930438699128228e-18
          },
          {
            "iteration": 38,
            "residual": 0.17208651468597055,
            "determinant_ratio": 2.858122715498e-24,
            "balanced_determinant_ratio": 2.5930438699128228e-18
          },
          {
            "iteration": 39,
            "residual": 0.17208651468597055,
            "determinant_ratio": 2.858122715498e-24,
            "balanced_determinant_ratio": 2.5930438699128228e-18
          },
          {
            "iteration": 40,
            "residual": 0.17208651468597055,
            "determinant_ratio": 2.858122715498e-24,
            "balanced_determinant_ratio": 2.5930438699128228e-18
          },
          {
            "iteration": 41,
            "residual": 0.17208651468597055,
            "determinant_ratio": 2.858122715498e-24,
            "balanced_determinant_ratio": 2.5930438699128228e-18
          },
          {
            "iteration": 42,
            "residual": 0.17208651468597055,
            "determinant_ratio": 2.858122715498e-24,
            "balanced_determinant_ratio": 2.5930438699128228e-18
          },
          {
            "iteration": 43,
            "residual": 0.17208651468597055,
            "determinant_ratio": 2.858122715498e-24,
            "balanced_determinant_ratio": 2.5930438699128228e-18
          },
          {
            "iteration": 44,
            "residual": 0.17208651468597055,
            "determinant_ratio": 2.858122715498e-24,
            "balanced_determinant_ratio": 2.5930438699128228e-18
          },
          {
            "iteration": 45,
            "residual": 0.17208651468597055,
            "determinant_ratio": 2.858122715498e-24,
            "balanced_determinant_ratio": 2.5930438699128228e-18
          },
          {
            "iteration": 46,
            "residual": 0.17208651468597055,
            "determinant_ratio": 2.858122715498e-24,
            "balanced_determinant_ratio": 2.5930438699128228e-18
          },
          {
            "iteration": 47,
            "residual": 0.17208651468597055,
            "determinant_ratio": 2.858122715498e-24,
            "balanced_determinant_ratio": 2.5930438699128228e-18
          },
          {
            "iteration": 48,
            "residual": 0.17208651468597055,
            "determinant_ratio": 2.858122715498e-24,
            "balanced_determinant_ratio": 2.5930438699128228e-18
          },
          {
            "iteration": 49,
            "residual": 0.17208651468597055,
            "determinant_ratio": 2.858122715498e-24,
            "balanced_determinant_ratio": 2.5930438699128228e-18
          },
          {
            "iteration": 50,
            "residual": 0.17208651468597055,
            "determinant_ratio": 2.858122715498e-24,
            "balanced_determinant_ratio": 2.5930438699128228e-18
          },
          {
            "iteration": 51,
            "residual": 0.17208651468597055,
            "determinant_ratio": 2.858122715498e-24,
            "balanced_determinant_ratio": 2.5930438699128228e-18
          },
          {
            "iteration": 52,
            "residual": 0.17208651468597055,
            "determinant_ratio": 2.858122715498e-24,
            "balanced_determinant_ratio": 2.5930438699128228e-18
          },
          {
            "iteration": 53,
            "residual": 0.17208651468597055,
            "determinant_ratio": 2.858122715498e-24,
            "balanced_determinant_ratio": 2.5930438699128228e-18
          },
          {
            "iteration": 54,
            "residual": 0.17208651468597055,
            "determinant_ratio": 2.858122715498e-24,
            "balanced_determinant_ratio": 2.5930438699128228e-18
          },
          {
            "iteration": 55,
            "residual": 0.17208651468597055,
            "determinant_ratio": 2.858122715498e-24,
            "balanced_determinant_ratio": 2.5930438699128228e-18
          },
          {
            "iteration": 56,
            "residual": 0.17208651468597055,
            "determinant_ratio": 2.858122715498e-24,
            "balanced_determinant_ratio": 2.5930438699128228e-18
          },
          {
            "iteration": 57,
            "residual": 0.17208651468597055,
            "determinant_ratio": 2.858122715498e-24,
            "balanced_determinant_ratio": 2.5930438699128228e-18
          },
          {
            "iteration": 58,
            "residual": 0.17208651468597055,
            "determinant_ratio": 2.858122715498e-24,
            "balanced_determinant_ratio": 2.5930438699128228e-18
          },
          {
            "iteration": 59,
            "residual": 0.17208651468597055,
            "determinant_ratio": 2.858122715498e-24,
            "balanced_determinant_ratio": 2.5930438699128228e-18
          },
          {
            "iteration": 60,
            "residual": 0.17208651468597055,
            "determinant_ratio": 2.858122715498e-24,
            "balanced_determinant_ratio": 2.5930438699128228e-18
          },
          {
            "iteration": 61,
            "residual": 0.17208651468597055,
            "determinant_ratio": 2.858122715498e-24,
            "balanced_determinant_ratio": 2.5930438699128228e-18
          },
          {
            "iteration": 62,
            "residual": 0.17208651468597055,
            "determinant_ratio": 2.858122715498e-24,
            "balanced_determinant_ratio": 2.5930438699128228e-18
          },
          {
            "iteration": 63,
            "residual": 0.17208651468597055,
            "determinant_ratio": 2.858122715498e-24,
            "balanced_determinant_ratio": 2.5930438699128228e-18
          },
          {
            "iteration": 64,
            "residual": 0.17208651468597055,
            "determinant_ratio": 2.858122715498e-24,
            "balanced_determinant_ratio": 2.5930438699128228e-18
          },
          {
            "iteration": 65,
            "residual": 0.17208651468597055,
            "determinant_ratio": 2.858122715498e-24,
            "balanced_determinant_ratio": 2.5930438699128228e-18
          },
          {
            "iteration": 66,
            "residual": 0.17208651468597055,
            "determinant_ratio": 2.858122715498e-24,
            "balanced_determinant_ratio": 2.5930438699128228e-18
          },
          {
            "iteration": 67,
            "residual": 0.17208651468597055,
            "determinant_ratio": 2.858122715498e-24,
            "balanced_determinant_ratio": 2.5930438699128228e-18
          },
          {
            "iteration": 68,
            "residual": 0.17208651468597055,
            "determinant_ratio": 2.858122715498e-24,
            "balanced_determinant_ratio": 2.5930438699128228e-18
          },
          {
            "iteration": 69,
            "residual": 0.17208651468597055,
            "determinant_ratio": 2.858122715498e-24,
            "balanced_determinant_ratio": 2.5930438699128228e-18
          },
          {
            "iteration": 70,
            "residual": 0.17208651468597055,
            "determinant_ratio": 2.858122715498e-24,
            "balanced_determinant_ratio": 2.5930438699128228e-18
          },
          {
            "iteration": 71,
            "residual": 0.17208651468597055,
            "determinant_ratio": 2.858122715498e-24,
            "balanced_determinant_ratio": 2.5930438699128228e-18
          },
          {
            "iteration": 72,
            "residual": 0.17208651468597055,
            "determinant_ratio": 2.858122715498e-24,
            "balanced_determinant_ratio": 2.5930438699128228e-18
          },
          {
            "iteration": 73,
            "residual": 0.17208651468597055,
            "determinant_ratio": 2.858122715498e-24,
            "balanced_determinant_ratio": 2.5930438699128228e-18
          },
          {
            "iteration": 74,
            "residual": 0.17208651468597055,
            "determinant_ratio": 2.858122715498e-24,
            "balanced_determinant_ratio": 2.5930438699128228e-18
          },
          {
            "iteration": 75,
            "residual": 0.17208651468597055,
            "determinant_ratio": 2.858122715498e-24,
            "balanced_determinant_ratio": 2.5930438699128228e-18
          },
          {
            "iteration": 76,
            "residual": 0.17208651468597055,
            "determinant_ratio": 2.858122715498e-24,
            "balanced_determinant_ratio": 2.5930438699128228e-18
          },
          {
            "iteration": 77,
            "residual": 0.17208651468597055,
            "determinant_ratio": 2.858122715498e-24,
            "balanced_determinant_ratio": 2.5930438699128228e-18
          },
          {
            "iteration": 78,
            "residual": 0.17208651468597055,
            "determinant_ratio": 2.858122715498e-24,
            "balanced_determinant_ratio": 2.5930438699128228e-18
          },
          {
            "iteration": 79,
            "residual": 0.17208651468597055,
            "determinant_ratio": 2.858122715498e-24,
            "balanced_determinant_ratio": 2.5930438699128228e-18
          }
        ]
      },
      {
        "name": "local",
        "samples": 563,
        "lp_status": 0,
        "gram_eigenvalues": [
          0.016061026650139712,
          0.067021784484769,
          1.028033056358278
        ],
        "lp_residual": 1.0953307904206154e-19,
        "cpu_fit": {
          "force_error_n": 8.443921881219153e-16,
          "moment_error_nm": 3.44004592753823e-20,
          "minimum_normal_force_n": 0.0,
          "maximum_cone_excess_n": 0.0,
          "constrained_evaluations": 14,
          "source_cone_excess_n": 0.0,
          "friction_roundoff_allowance_n": 8.912357071424693e-18
        },
        "force_norm_N": 0.00250860549911716,
        "balanced_fit_trace": [
          {
            "iteration": 0,
            "residual": 0.2386073370515532,
            "determinant_ratio": 0.00020733075998027878,
            "balanced_determinant_ratio": 0.01062150594690303
          },
          {
            "iteration": 1,
            "residual": 0.3236859465519804,
            "determinant_ratio": 3.6563087781496165e-05,
            "balanced_determinant_ratio": 0.00707757556507113
          },
          {
            "iteration": 2,
            "residual": 0.4334409341383354,
            "determinant_ratio": 5.761854664487792e-06,
            "balanced_determinant_ratio": 0.005788335617648354
          },
          {
            "iteration": 3,
            "residual": 0.4625932329168273,
            "determinant_ratio": 1.8940971729733172e-06,
            "balanced_determinant_ratio": 0.005168126986658579
          },
          {
            "iteration": 4,
            "residual": 0.567314595395967,
            "determinant_ratio": 3.0264733238620767e-07,
            "balanced_determinant_ratio": 0.004601878141189007
          },
          {
            "iteration": 5,
            "residual": 0.6195020568113818,
            "determinant_ratio": 5.222804375424912e-08,
            "balanced_determinant_ratio": 0.0034172367937996247
          },
          {
            "iteration": 6,
            "residual": 0.6553501180709501,
            "determinant_ratio": 1.2230901898627511e-08,
            "balanced_determinant_ratio": 0.004143188717050109
          },
          {
            "iteration": 7,
            "residual": 0.5191474803337659,
            "determinant_ratio": 2.9311066648472127e-11,
            "balanced_determinant_ratio": 3.13485777435183e-05
          },
          {
            "iteration": 8,
            "residual": 0.7339860283275434,
            "determinant_ratio": 9.187577466997313e-12,
            "balanced_determinant_ratio": 9.81480228827921e-06
          },
          {
            "iteration": 9,
            "residual": 0.08205728739556478,
            "determinant_ratio": 4.0654116679768516e-12,
            "balanced_determinant_ratio": 0.0006074297853345778
          },
          {
            "iteration": 10,
            "residual": 0.24466886087520226,
            "determinant_ratio": 2.5107263452447708e-14,
            "balanced_determinant_ratio": 2.718696125189422e-06
          },
          {
            "iteration": 11,
            "residual": 0.1608273851525613,
            "determinant_ratio": 4.870991732057633e-15,
            "balanced_determinant_ratio": 5.301757131945218e-07
          },
          {
            "iteration": 12,
            "residual": 0.016360506158618334,
            "determinant_ratio": 3.405197149084722e-15,
            "balanced_determinant_ratio": 3.7056499709007414e-07
          },
          {
            "iteration": 13,
            "residual": 3.1420354415270214e-14,
            "determinant_ratio": 3.405197149084722e-15,
            "balanced_determinant_ratio": 3.7056499709007414e-07
          }
        ]
      }
    ]
  }
]
