[1m============================= test session starts ==============================[0m
platform linux -- Python 3.10.12, pytest-8.4.2, pluggy-1.6.0
rootdir: /mnt/home/zhaofeng/workspace/Genesis/.worktrees/rigid-stress-recovery-relief-dev
configfile: pyproject.toml
plugins: anyio-4.15.1, forked-1.7.5, print-1.2.0, timeout-2.4.0, xdist-3.8.0, quadrants-1.3.3, syrupy-6.1.1
timeout: 1200.0s
timeout method: signal
timeout func_only: False
created: 4/4 workers
4 workers [41 items]

[32m.[0m[32m.[0m[32m.[0m[33ms[0m[W 10/10/26 22:04:14.653 2238857] [frontend_ir.cpp:begin_frontend_struct_for_on_external_tensor@1551] qd.loop_config(serialize=True) does not have effect on the struct for. The execution order is not guaranteed.
[W 10/10/26 22:04:14.663 2238857] [frontend_ir.cpp:begin_frontend_struct_for_on_external_tensor@1551] qd.loop_config(serialize=True) does not have effect on the struct for. The execution order is not guaranteed.
[W 10/10/26 22:04:14.894 2238857] [frontend_ir.cpp:begin_frontend_struct_for_on_external_tensor@1551] qd.loop_config(serialize=True) does not have effect on the struct for. The execution order is not guaranteed.
[W 10/10/26 22:04:14.912 2238857] [frontend_ir.cpp:begin_frontend_struct_for_on_external_tensor@1551] qd.loop_config(serialize=True) does not have effect on the struct for. The execution order is not guaranteed.
[W 10/10/26 22:04:14.986 2238857] [frontend_ir.cpp:begin_frontend_struct_for_on_external_tensor@1551] qd.loop_config(serialize=True) does not have effect on the struct for. The execution order is not guaranteed.
[W 10/10/26 22:04:14.994 2238857] [frontend_ir.cpp:begin_frontend_struct_for_on_external_tensor@1551] qd.loop_config(serialize=True) does not have effect on the struct for. The execution order is not guaranteed.
[32m.[0m[32m.[0m[32m.[0m[W 10/10/26 22:04:22.724 2238854] QuadrantsWarning
While compiling `kernel_store_inverse_c750_1`, File "/mnt/home/zhaofeng/workspace/Genesis/.worktrees/rigid-stress-recovery-relief-dev/genesis/engine/solvers/rigid/stress/inverse.py", line 66, in kernel_store_inverse:
        inverse_info.blocks[i, j] = block
        ^^^^^^^^^^^^^^^^^^^^^^^^^^^^^^^^^
Assign may lose precision: f32 <- f64
[W 10/10/26 22:04:22.869 2238863] QuadrantsWarning
While compiling `kernel_store_inverse_c750_1`, File "/mnt/home/zhaofeng/workspace/Genesis/.worktrees/rigid-stress-recovery-relief-dev/genesis/engine/solvers/rigid/stress/inverse.py", line 66, in kernel_store_inverse:
        inverse_info.blocks[i, j] = block
        ^^^^^^^^^^^^^^^^^^^^^^^^^^^^^^^^^
Assign may lose precision: f32 <- f64
[32m.[0m[32m.[0m[32m.[0m[32m.[0m[32m.[0m[33ms[0m[33ms[0m[32m.[0m[33ms[0m[32m.[0m[32m.[0m[33ms[0m[33ms[0m[33ms[0m[33ms[0m[33ms[0m[32m.[0m[32m.[0m[32m.[0m[33ms[0m[W 10/10/26 22:05:02.093 2238863] [frontend_ir.cpp:begin_frontend_struct_for_on_external_tensor@1551] qd.loop_config(serialize=True) does not have effect on the struct for. The execution order is not guaranteed.
[W 10/10/26 22:05:02.103 2238863] [frontend_ir.cpp:begin_frontend_struct_for_on_external_tensor@1551] qd.loop_config(serialize=True) does not have effect on the struct for. The execution order is not guaranteed.
[W 10/10/26 22:05:02.157 2238860] [frontend_ir.cpp:begin_frontend_struct_for_on_external_tensor@1551] qd.loop_config(serialize=True) does not have effect on the struct for. The execution order is not guaranteed.
[W 10/10/26 22:05:02.166 2238860] [frontend_ir.cpp:begin_frontend_struct_for_on_external_tensor@1551] qd.loop_config(serialize=True) does not have effect on the struct for. The execution order is not guaranteed.
[W 10/10/26 22:05:02.170 2238854] [frontend_ir.cpp:begin_frontend_struct_for_on_external_tensor@1551] qd.loop_config(serialize=True) does not have effect on the struct for. The execution order is not guaranteed.
[W 10/10/26 22:05:02.181 2238854] [frontend_ir.cpp:begin_frontend_struct_for_on_external_tensor@1551] qd.loop_config(serialize=True) does not have effect on the struct for. The execution order is not guaranteed.
libEGL warning: failed to open /dev/dri/renderD135: Permission denied

libEGL warning: failed to open /dev/dri/card8: Permission denied

libEGL warning: failed to open /dev/dri/renderD134: Permission denied

libEGL warning: failed to open /dev/dri/card7: Permission denied

libEGL warning: failed to open /dev/dri/renderD133: Permission denied

libEGL warning: failed to open /dev/dri/card6: Permission denied

libEGL warning: failed to open /dev/dri/renderD132: Permission denied

libEGL warning: failed to open /dev/dri/card5: Permission denied

libEGL warning: failed to open /dev/dri/renderD131: Permission denied

libEGL warning: failed to open /dev/dri/card4: Permission denied

libEGL warning: failed to open /dev/dri/renderD130: Permission denied

libEGL warning: failed to open /dev/dri/card3: Permission denied

libEGL warning: failed to open /dev/dri/renderD129: Permission denied

libEGL warning: failed to open /dev/dri/card2: Permission denied

libEGL warning: failed to open /dev/dri/renderD128: Permission denied

libEGL warning: failed to open /dev/dri/card1: Permission denied

[W 10/10/26 22:05:02.332 2238863] [frontend_ir.cpp:begin_frontend_struct_for_on_external_tensor@1551] qd.loop_config(serialize=True) does not have effect on the struct for. The execution order is not guaranteed.
[W 10/10/26 22:05:02.348 2238863] [frontend_ir.cpp:begin_frontend_struct_for_on_external_tensor@1551] qd.loop_config(serialize=True) does not have effect on the struct for. The execution order is not guaranteed.
[W 10/10/26 22:05:02.405 2238860] [frontend_ir.cpp:begin_frontend_struct_for_on_external_tensor@1551] qd.loop_config(serialize=True) does not have effect on the struct for. The execution order is not guaranteed.
[W 10/10/26 22:05:02.417 2238863] [frontend_ir.cpp:begin_frontend_struct_for_on_external_tensor@1551] qd.loop_config(serialize=True) does not have effect on the struct for. The execution order is not guaranteed.
[W 10/10/26 22:05:02.418 2238860] [frontend_ir.cpp:begin_frontend_struct_for_on_external_tensor@1551] qd.loop_config(serialize=True) does not have effect on the struct for. The execution order is not guaranteed.
[W 10/10/26 22:05:02.426 2238863] [frontend_ir.cpp:begin_frontend_struct_for_on_external_tensor@1551] qd.loop_config(serialize=True) does not have effect on the struct for. The execution order is not guaranteed.
[W 10/10/26 22:05:02.434 2238854] [frontend_ir.cpp:begin_frontend_struct_for_on_external_tensor@1551] qd.loop_config(serialize=True) does not have effect on the struct for. The execution order is not guaranteed.
[W 10/10/26 22:05:02.455 2238854] [frontend_ir.cpp:begin_frontend_struct_for_on_external_tensor@1551] qd.loop_config(serialize=True) does not have effect on the struct for. The execution order is not guaranteed.
[W 10/10/26 22:05:02.469 2238860] [frontend_ir.cpp:begin_frontend_struct_for_on_external_tensor@1551] qd.loop_config(serialize=True) does not have effect on the struct for. The execution order is not guaranteed.
[W 10/10/26 22:05:02.475 2238860] [frontend_ir.cpp:begin_frontend_struct_for_on_external_tensor@1551] qd.loop_config(serialize=True) does not have effect on the struct for. The execution order is not guaranteed.
[W 10/10/26 22:05:02.527 2238854] [frontend_ir.cpp:begin_frontend_struct_for_on_external_tensor@1551] qd.loop_config(serialize=True) does not have effect on the struct for. The execution order is not guaranteed.
[W 10/10/26 22:05:02.536 2238854] [frontend_ir.cpp:begin_frontend_struct_for_on_external_tensor@1551] qd.loop_config(serialize=True) does not have effect on the struct for. The execution order is not guaranteed.
[32m.[0m[33ms[0m[32m.[0m[32m.[0m[32m.[0mlibEGL warning: failed to open /dev/dri/renderD135: Permission denied

libEGL warning: failed to open /dev/dri/card8: Permission denied

libEGL warning: failed to open /dev/dri/renderD134: Permission denied

libEGL warning: failed to open /dev/dri/card7: Permission denied

libEGL warning: failed to open /dev/dri/renderD133: Permission denied

libEGL warning: failed to open /dev/dri/card6: Permission denied

libEGL warning: failed to open /dev/dri/renderD132: Permission denied

libEGL warning: failed to open /dev/dri/card5: Permission denied

libEGL warning: failed to open /dev/dri/renderD131: Permission denied

libEGL warning: failed to open /dev/dri/card4: Permission denied

libEGL warning: failed to open /dev/dri/renderD130: Permission denied

libEGL warning: failed to open /dev/dri/card3: Permission denied

libEGL warning: failed to open /dev/dri/renderD129: Permission denied

libEGL warning: failed to open /dev/dri/card2: Permission denied

libEGL warning: failed to open /dev/dri/renderD128: Permission denied

libEGL warning: failed to open /dev/dri/card1: Permission denied

libEGL warning: failed to open /dev/dri/renderD135: Permission denied

libEGL warning: failed to open /dev/dri/card8: Permission denied

libEGL warning: failed to open /dev/dri/renderD134: Permission denied

libEGL warning: failed to open /dev/dri/card7: Permission denied

libEGL warning: failed to open /dev/dri/renderD133: Permission denied

libEGL warning: failed to open /dev/dri/card6: Permission denied

libEGL warning: failed to open /dev/dri/renderD132: Permission denied

libEGL warning: failed to open /dev/dri/card5: Permission denied

libEGL warning: failed to open /dev/dri/renderD131: Permission denied

libEGL warning: failed to open /dev/dri/card4: Permission denied

libEGL warning: failed to open /dev/dri/renderD130: Permission denied

libEGL warning: failed to open /dev/dri/card3: Permission denied

libEGL warning: failed to open /dev/dri/renderD129: Permission denied

libEGL warning: failed to open /dev/dri/card2: Permission denied

libEGL warning: failed to open /dev/dri/renderD128: Permission denied

libEGL warning: failed to open /dev/dri/card1: Permission denied

[33ms[0mlibEGL warning: failed to open /dev/dri/renderD135: Permission denied

libEGL warning: failed to open /dev/dri/card8: Permission denied

libEGL warning: failed to open /dev/dri/renderD134: Permission denied

libEGL warning: failed to open /dev/dri/card7: Permission denied

libEGL warning: failed to open /dev/dri/renderD133: Permission denied

libEGL warning: failed to open /dev/dri/card6: Permission denied

libEGL warning: failed to open /dev/dri/renderD132: Permission denied

libEGL warning: failed to open /dev/dri/card5: Permission denied

libEGL warning: failed to open /dev/dri/renderD131: Permission denied

libEGL warning: failed to open /dev/dri/card4: Permission denied

libEGL warning: failed to open /dev/dri/renderD130: Permission denied

libEGL warning: failed to open /dev/dri/card3: Permission denied

libEGL warning: failed to open /dev/dri/renderD129: Permission denied

libEGL warning: failed to open /dev/dri/card2: Permission denied

libEGL warning: failed to open /dev/dri/renderD128: Permission denied

libEGL warning: failed to open /dev/dri/card1: Permission denied

libEGL warning: failed to open /dev/dri/renderD135: Permission denied

libEGL warning: failed to open /dev/dri/card8: Permission denied

libEGL warning: failed to open /dev/dri/renderD134: Permission denied

libEGL warning: failed to open /dev/dri/card7: Permission denied

libEGL warning: failed to open /dev/dri/renderD133: Permission denied

libEGL warning: failed to open /dev/dri/card6: Permission denied

libEGL warning: failed to open /dev/dri/renderD132: Permission denied

libEGL warning: failed to open /dev/dri/card5: Permission denied

libEGL warning: failed to open /dev/dri/renderD131: Permission denied

libEGL warning: failed to open /dev/dri/card4: Permission denied

libEGL warning: failed to open /dev/dri/renderD130: Permission denied

libEGL warning: failed to open /dev/dri/card3: Permission denied

libEGL warning: failed to open /dev/dri/renderD129: Permission denied

libEGL warning: failed to open /dev/dri/card2: Permission denied

libEGL warning: failed to open /dev/dri/renderD128: Permission denied

libEGL warning: failed to open /dev/dri/card1: Permission denied

[32m.[0mlibEGL warning: failed to open /dev/dri/renderD135: Permission denied

libEGL warning: failed to open /dev/dri/card8: Permission denied

libEGL warning: failed to open /dev/dri/renderD134: Permission denied

libEGL warning: failed to open /dev/dri/card7: Permission denied

libEGL warning: failed to open /dev/dri/renderD133: Permission denied

libEGL warning: failed to open /dev/dri/card6: Permission denied

libEGL warning: failed to open /dev/dri/renderD132: Permission denied

libEGL warning: failed to open /dev/dri/card5: Permission denied

libEGL warning: failed to open /dev/dri/renderD131: Permission denied

libEGL warning: failed to open /dev/dri/card4: Permission denied

libEGL warning: failed to open /dev/dri/renderD130: Permission denied

libEGL warning: failed to open /dev/dri/card3: Permission denied

libEGL warning: failed to open /dev/dri/renderD129: Permission denied

libEGL warning: failed to open /dev/dri/card2: Permission denied

libEGL warning: failed to open /dev/dri/renderD128: Permission denied

libEGL warning: failed to open /dev/dri/card1: Permission denied

[32m.[0mlibEGL warning: failed to open /dev/dri/renderD135: Permission denied

libEGL warning: failed to open /dev/dri/card8: Permission denied

libEGL warning: failed to open /dev/dri/renderD134: Permission denied

libEGL warning: failed to open /dev/dri/card7: Permission denied

libEGL warning: failed to open /dev/dri/renderD133: Permission denied

libEGL warning: failed to open /dev/dri/card6: Permission denied

libEGL warning: failed to open /dev/dri/renderD132: Permission denied

libEGL warning: failed to open /dev/dri/card5: Permission denied

libEGL warning: failed to open /dev/dri/renderD131: Permission denied

libEGL warning: failed to open /dev/dri/card4: Permission denied

libEGL warning: failed to open /dev/dri/renderD130: Permission denied

libEGL warning: failed to open /dev/dri/card3: Permission denied

libEGL warning: failed to open /dev/dri/renderD129: Permission denied

libEGL warning: failed to open /dev/dri/card2: Permission denied

libEGL warning: failed to open /dev/dri/renderD128: Permission denied

libEGL warning: failed to open /dev/dri/card1: Permission denied

[32m.[0m[33ms[0m[32m.[0m[32m.[0mlibEGL warning: failed to open /dev/dri/renderD135: Permission denied

libEGL warning: failed to open /dev/dri/card8: Permission denied

libEGL warning: failed to open /dev/dri/renderD134: Permission denied

libEGL warning: failed to open /dev/dri/card7: Permission denied

libEGL warning: failed to open /dev/dri/renderD133: Permission denied

libEGL warning: failed to open /dev/dri/card6: Permission denied

libEGL warning: failed to open /dev/dri/renderD132: Permission denied

libEGL warning: failed to open /dev/dri/card5: Permission denied

libEGL warning: failed to open /dev/dri/renderD131: Permission denied

libEGL warning: failed to open /dev/dri/card4: Permission denied

libEGL warning: failed to open /dev/dri/renderD130: Permission denied

libEGL warning: failed to open /dev/dri/card3: Permission denied

libEGL warning: failed to open /dev/dri/renderD129: Permission denied

libEGL warning: failed to open /dev/dri/card2: Permission denied

libEGL warning: failed to open /dev/dri/renderD128: Permission denied

libEGL warning: failed to open /dev/dri/card1: Permission denied

libEGL warning: failed to open /dev/dri/renderD135: Permission denied

libEGL warning: failed to open /dev/dri/card8: Permission denied

libEGL warning: failed to open /dev/dri/renderD134: Permission denied

libEGL warning: failed to open /dev/dri/card7: Permission denied

libEGL warning: failed to open /dev/dri/renderD133: Permission denied

libEGL warning: failed to open /dev/dri/card6: Permission denied

libEGL warning: failed to open /dev/dri/renderD132: Permission denied

libEGL warning: failed to open /dev/dri/card5: Permission denied

libEGL warning: failed to open /dev/dri/renderD131: Permission denied

libEGL warning: failed to open /dev/dri/card4: Permission denied

libEGL warning: failed to open /dev/dri/renderD130: Permission denied

libEGL warning: failed to open /dev/dri/card3: Permission denied

libEGL warning: failed to open /dev/dri/renderD129: Permission denied

libEGL warning: failed to open /dev/dri/card2: Permission denied

libEGL warning: failed to open /dev/dri/renderD128: Permission denied

libEGL warning: failed to open /dev/dri/card1: Permission denied

[32m.[0m[33ms[0m
============================== slowest durations ===============================

(123 durations < 100s hidden.)
[36m[1m=========================== short test summary info ============================[0m
[33mSKIPPED[0m [2] tests/rigid/test_stress.py:182: The coalesced shared-memory reduction runs on CUDA.
[33mSKIPPED[0m [12] tests/rigid/test_stress.py:481: The native graph and face-parallel contact paths run on CUDA.
[32m================== [32m[1m27 passed[0m, [33m14 skipped[0m[32m in 157.79s (0:02:37)[0m[32m ==================[0m
