[1m============================= test session starts ==============================[0m
platform linux -- Python 3.10.12, pytest-8.4.2, pluggy-1.6.0 -- /mnt/data/zhaofeng/venvs/rigid-stress-recovery/bin/python
cachedir: .pytest_cache
rootdir: /mnt/home/zhaofeng/workspace/Genesis/.worktrees/rigid-stress-recovery-final-dev
configfile: pyproject.toml
plugins: anyio-4.15.1, forked-1.7.5, print-1.2.0, timeout-2.4.0, xdist-3.8.0, quadrants-1.3.3, syrupy-6.1.1
timeout: 1200.0s
timeout method: signal
timeout func_only: False
created: 4/4 workers
4 workers [47 items]

scheduling tests via WorkStealingScheduling

tests/rigid/test_stress.py::test_native_p2_shared_operators[10000000000.0-0.3-2000.0] 
tests/rigid/test_stress.py::test_native_full_field_same_state_and_invalid_solve 
tests/rigid/test_stress.py::test_native_p2_shared_operators[3200000000.0-0.22-1100.0] 
tests/rigid/test_stress.py::test_native_full_field_unbatched_shared_operator 
[gw3][36m [  2%] [0m[32mPASSED[0m tests/rigid/test_stress.py::test_native_p2_shared_operators[3200000000.0-0.22-1100.0] 
[gw1][36m [  4%] [0m[32mPASSED[0m tests/rigid/test_stress.py::test_native_p2_shared_operators[10000000000.0-0.3-2000.0] 
tests/rigid/test_stress.py::test_native_batched_recovery_against_full_fp64_direct[direct-True-64-2-False] 
tests/rigid/test_stress.py::test_native_batched_recovery_against_full_fp64_direct[direct-False-64-2-False] 
[gw2][36m [  6%] [0m[32mPASSED[0m tests/rigid/test_stress.py::test_native_full_field_same_state_and_invalid_solve 
tests/rigid/test_stress.py::test_native_batched_inertia_relief_and_partial_load_reset[2051] 
[gw3][36m [  8%] [0m[32mPASSED[0m tests/rigid/test_stress.py::test_native_batched_recovery_against_full_fp64_direct[direct-True-64-2-False] 
[gw1][36m [ 10%] [0m[32mPASSED[0m tests/rigid/test_stress.py::test_native_batched_recovery_against_full_fp64_direct[direct-False-64-2-False] 
[gw2][36m [ 12%] [0m[32mPASSED[0m tests/rigid/test_stress.py::test_native_batched_inertia_relief_and_partial_load_reset[2051] 
tests/rigid/test_stress.py::test_native_batched_recovery_against_full_fp64_direct[inverse-True-32-0-False] 
tests/rigid/test_stress.py::test_native_batched_recovery_against_full_fp64_direct[inverse-True-32-2-False] 
tests/rigid/test_stress.py::test_native_batched_recovery_against_full_fp64_direct[inverse-True-64-2-False] 
[gw0][36m [ 14%] [0m[32mPASSED[0m tests/rigid/test_stress.py::test_native_full_field_unbatched_shared_operator 
[gw3][36m [ 17%] [0m[32mPASSED[0m tests/rigid/test_stress.py::test_native_batched_recovery_against_full_fp64_direct[inverse-True-32-0-False] 
tests/rigid/test_stress.py::test_native_batched_inertia_relief_and_partial_load_reset[32771] 
[gw1][36m [ 19%] [0m[32mPASSED[0m tests/rigid/test_stress.py::test_native_batched_recovery_against_full_fp64_direct[inverse-True-32-2-False] 
tests/rigid/test_stress.py::test_native_constrained_pressure_and_invalid_inputs[live_sliding] 
[gw2][36m [ 21%] [0m[32mPASSED[0m tests/rigid/test_stress.py::test_native_batched_recovery_against_full_fp64_direct[inverse-True-64-2-False] 
tests/rigid/test_stress.py::test_native_constrained_pressure_and_invalid_inputs[random] 
tests/rigid/test_stress.py::test_native_finite_pressure_matches_independent_cpu[False] 
[gw2][36m [ 23%] [0m[32mPASSED[0m tests/rigid/test_stress.py::test_native_finite_pressure_matches_independent_cpu[False] 
tests/rigid/test_stress.py::test_native_live_apex_wrench_recovery[batch2048-serial] 
[gw1][36m [ 25%] [0m[32mPASSED[0m tests/rigid/test_stress.py::test_native_constrained_pressure_and_invalid_inputs[random] 
[gw3][36m [ 27%] [0m[32mPASSED[0m tests/rigid/test_stress.py::test_native_constrained_pressure_and_invalid_inputs[live_sliding] 
tests/rigid/test_stress.py::test_native_live_apex_wrench_recovery[batch2048-graph] 
tests/rigid/test_stress.py::test_native_live_apex_wrench_recovery[batch2048-faces] 
[gw0][36m [ 29%] [0m[32mPASSED[0m tests/rigid/test_stress.py::test_native_batched_inertia_relief_and_partial_load_reset[32771] 
tests/rigid/test_stress.py::test_native_batched_recovery_against_full_fp64_direct[inverse-True-64-2-True] 
[gw2][36m [ 31%] [0m[32mPASSED[0m tests/rigid/test_stress.py::test_native_live_apex_wrench_recovery[batch2048-serial] 
tests/rigid/test_stress.py::test_native_live_apex_wrench_recovery[batch2048-faces_overflow] 
[gw3][36m [ 34%] [0m[32mPASSED[0m tests/rigid/test_stress.py::test_native_live_apex_wrench_recovery[batch2048-faces] 
tests/rigid/test_stress.py::test_native_live_apex_wrench_recovery[batch2048-moments_overflow] 
[gw1][36m [ 36%] [0m[32mPASSED[0m tests/rigid/test_stress.py::test_native_live_apex_wrench_recovery[batch2048-graph] 
tests/rigid/test_stress.py::test_native_live_apex_wrench_recovery[batch2048-moments] 
[gw0][36m [ 38%] [0m[32mPASSED[0m tests/rigid/test_stress.py::test_native_batched_recovery_against_full_fp64_direct[inverse-True-64-2-True] 
tests/rigid/test_stress.py::test_native_finite_pressure_matches_independent_cpu[True] 
[gw0][36m [ 40%] [0m[32mPASSED[0m tests/rigid/test_stress.py::test_native_finite_pressure_matches_independent_cpu[True] 
tests/rigid/test_stress.py::test_native_live_apex_wrench_recovery[batch2048-warp] 
[gw2][36m [ 42%] [0m[32mPASSED[0m tests/rigid/test_stress.py::test_native_live_apex_wrench_recovery[batch2048-faces_overflow] 
tests/rigid/test_stress.py::test_native_live_apex_wrench_recovery[batch16384-serial] 
[gw3][36m [ 44%] [0m[32mPASSED[0m tests/rigid/test_stress.py::test_native_live_apex_wrench_recovery[batch2048-moments_overflow] 
tests/rigid/test_stress.py::test_native_live_apex_wrench_recovery[batch16384-faces] 
[gw1][36m [ 46%] [0m[32mPASSED[0m tests/rigid/test_stress.py::test_native_live_apex_wrench_recovery[batch2048-moments] 
tests/rigid/test_stress.py::test_native_live_apex_wrench_recovery[batch16384-graph] 
[gw0][36m [ 48%] [0m[32mPASSED[0m tests/rigid/test_stress.py::test_native_live_apex_wrench_recovery[batch2048-warp] 
tests/rigid/test_stress.py::test_native_live_apex_wrench_recovery[batch2048-faces_uncached] 
[gw2][36m [ 51%] [0m[32mPASSED[0m tests/rigid/test_stress.py::test_native_live_apex_wrench_recovery[batch16384-serial] 
tests/rigid/test_stress.py::test_native_live_apex_wrench_recovery[batch16384-faces_overflow] 
[gw3][36m [ 53%] [0m[32mPASSED[0m tests/rigid/test_stress.py::test_native_live_apex_wrench_recovery[batch16384-faces] 
tests/rigid/test_stress.py::test_native_live_apex_wrench_recovery[batch16384-moments_overflow] 
[gw1][36m [ 55%] [0m[32mPASSED[0m tests/rigid/test_stress.py::test_native_live_apex_wrench_recovery[batch16384-graph] 
tests/rigid/test_stress.py::test_native_live_apex_wrench_recovery[batch16384-moments] 
[gw0][36m [ 57%] [0m[32mPASSED[0m tests/rigid/test_stress.py::test_native_live_apex_wrench_recovery[batch2048-faces_uncached] 
tests/rigid/test_stress.py::test_native_live_apex_wrench_recovery[batch16384-warp] 
[gw2][36m [ 59%] [0m[32mPASSED[0m tests/rigid/test_stress.py::test_native_live_apex_wrench_recovery[batch16384-faces_overflow] 
tests/rigid/test_stress.py::test_native_live_apex_wrench_recovery[batch32768-serial] 
[gw3][36m [ 61%] [0m[32mPASSED[0m tests/rigid/test_stress.py::test_native_live_apex_wrench_recovery[batch16384-moments_overflow] 
tests/rigid/test_stress.py::test_native_live_apex_wrench_recovery[batch32768-faces] 
[gw1][36m [ 63%] [0m[32mPASSED[0m tests/rigid/test_stress.py::test_native_live_apex_wrench_recovery[batch16384-moments] 
tests/rigid/test_stress.py::test_native_live_apex_wrench_recovery[batch32768-graph] 
[gw0][36m [ 65%] [0m[32mPASSED[0m tests/rigid/test_stress.py::test_native_live_apex_wrench_recovery[batch16384-warp] 
tests/rigid/test_stress.py::test_native_live_apex_wrench_recovery[batch16384-faces_uncached] 
[gw2][36m [ 68%] [0m[32mPASSED[0m tests/rigid/test_stress.py::test_native_live_apex_wrench_recovery[batch32768-serial] 
tests/rigid/test_stress.py::test_native_live_apex_wrench_recovery[batch32768-faces_overflow] 
[gw3][36m [ 70%] [0m[32mPASSED[0m tests/rigid/test_stress.py::test_native_live_apex_wrench_recovery[batch32768-faces] 
tests/rigid/test_stress.py::test_native_live_apex_wrench_recovery[batch32768-moments_overflow] 
[gw1][36m [ 72%] [0m[32mPASSED[0m tests/rigid/test_stress.py::test_native_live_apex_wrench_recovery[batch32768-graph] 
tests/rigid/test_stress.py::test_native_live_apex_wrench_recovery[batch32768-moments] 
[gw0][36m [ 74%] [0m[32mPASSED[0m tests/rigid/test_stress.py::test_native_live_apex_wrench_recovery[batch16384-faces_uncached] 
tests/rigid/test_stress.py::test_native_live_apex_wrench_recovery[batch32768-warp] 
[gw2][36m [ 76%] [0m[32mPASSED[0m tests/rigid/test_stress.py::test_native_live_apex_wrench_recovery[batch32768-faces_overflow] 
tests/rigid/test_stress.py::test_native_pcg_iteration_limit_and_freefall[diagonal] 
[gw2][36m [ 78%] [0m[32mPASSED[0m tests/rigid/test_stress.py::test_native_pcg_iteration_limit_and_freefall[diagonal] 
tests/rigid/test_stress.py::test_native_rigid_lifecycle_and_partial_reset[full-1] 
[gw3][36m [ 80%] [0m[32mPASSED[0m tests/rigid/test_stress.py::test_native_live_apex_wrench_recovery[batch32768-moments_overflow] 
tests/rigid/test_stress.py::test_native_rigid_lifecycle_and_partial_reset[max-4] 
[gw1][36m [ 82%] [0m[32mPASSED[0m tests/rigid/test_stress.py::test_native_live_apex_wrench_recovery[batch32768-moments] 
tests/rigid/test_stress.py::test_native_rigid_lifecycle_and_partial_reset[max-1] 
[gw0][36m [ 85%] [0m[32mPASSED[0m tests/rigid/test_stress.py::test_native_live_apex_wrench_recovery[batch32768-warp] 
tests/rigid/test_stress.py::test_native_live_apex_wrench_recovery[batch32768-faces_uncached] 
[gw0][36m [ 87%] [0m[32mPASSED[0m tests/rigid/test_stress.py::test_native_live_apex_wrench_recovery[batch32768-faces_uncached] 
[gw2][36m [ 89%] [0m[32mPASSED[0m tests/rigid/test_stress.py::test_native_rigid_lifecycle_and_partial_reset[full-1] 
tests/rigid/test_stress.py::test_native_pcg_iteration_limit_and_freefall[block] 
[gw1][36m [ 91%] [0m[32mPASSED[0m tests/rigid/test_stress.py::test_native_rigid_lifecycle_and_partial_reset[max-1] 
tests/rigid/test_stress.py::test_native_history_reuse_abrupt_load_and_reset 
[gw2][36m [ 93%] [0m[32mPASSED[0m tests/rigid/test_stress.py::test_native_pcg_iteration_limit_and_freefall[block] 
[gw3][36m [ 95%] [0m[32mPASSED[0m tests/rigid/test_stress.py::test_native_rigid_lifecycle_and_partial_reset[max-4] 
tests/rigid/test_stress.py::test_native_rigid_lifecycle_and_partial_reset[full-4] 
[gw1][36m [ 97%] [0m[32mPASSED[0m tests/rigid/test_stress.py::test_native_history_reuse_abrupt_load_and_reset 
[gw3][36m [100%] [0m[32mPASSED[0m tests/rigid/test_stress.py::test_native_rigid_lifecycle_and_partial_reset[full-4] 

[33m=============================== warnings summary ===============================[0m
tests/rigid/test_stress.py: 94 warnings
  /mnt/home/zhaofeng/workspace/Genesis/.worktrees/rigid-stress-recovery-final-dev/genesis/engine/solvers/rigid/stress/balance.py:66: SyntaxWarning: You are unrolling more than
                          32 iterations, so the compile time may be extremely long.
                          You can use a non-static for loop if you want to decrease the compile time.
                          You can disable this warning by setting qd.init(unrolling_limit=0).
    for a, b in qd.static(qd.ndrange(6, 6)):

-- Docs: https://docs.pytest.org/en/stable/how-to/capture-warnings.html
============================== slowest durations ===============================
147.91s call     tests/rigid/test_stress.py::test_native_full_field_unbatched_shared_operator
135.12s call     tests/rigid/test_stress.py::test_native_rigid_lifecycle_and_partial_reset[full-1]
133.76s call     tests/rigid/test_stress.py::test_native_rigid_lifecycle_and_partial_reset[max-4]
123.29s call     tests/rigid/test_stress.py::test_native_rigid_lifecycle_and_partial_reset[max-1]

(137 durations < 100s hidden.)
[33m================= [32m47 passed[0m, [33m[1m94 warnings[0m[33m in 690.39s (0:11:30)[0m[33m ==================[0m
[I 10/11/26 00:02:16.070 2355793] [shell.py:_shell_pop_print@25] Graphical python shell detected, using wrapped sys.stdout
