[Quadrants] version 1.3.3, llvm 22.1.0, commit 00423caa, linux, python 3.10.12
[38;5;226m[Genesis] [00:11:45] [WARNING] (MJCF) Approximating tendon by joint actuator for `finger_joint1`[0m
[38;5;226m[Genesis] [00:11:45] [WARNING] (MJCF) Approximating tendon by joint actuator for `finger_joint2`[0m
[38;5;226m[Genesis] [00:11:46] [WARNING] Neutral robot position (qpos0) exceeds joint limits.[0m
[38;5;226m[Genesis] [00:11:47] [WARNING] Constraint solver time constant should be greater than 2*substep_dt. timeconst is changed from `0.005` to `0.02`). Decrease simulation timestep or increase timeconst to avoid altering the original value.[0m
[38;5;226m[Genesis] [00:11:49] [WARNING] Filtered out geometry pairs causing self-collision for the neutral configuration (qpos0): (6, 11), (7, 11), (14, 21), (15, 20), (16, 23), (17, 22). Consider tuning Morph option 'decompose_robot_error_threshold' or specify dedicated collision meshes. This behavior can be disabled by setting Morph option 'enable_neutral_collision=True'.[0m
/mnt/home/zhaofeng/workspace/Genesis/.worktrees/rigid-stress-recovery-final-dev/genesis/engine/solvers/rigid/stress/balance.py:66: SyntaxWarning: You are unrolling more than
                        32 iterations, so the compile time may be extremely long.
                        You can use a non-static for loop if you want to decrease the compile time.
                        You can disable this warning by setting qd.init(unrolling_limit=0).
  for a, b in qd.static(qd.ndrange(6, 6)):
/mnt/home/zhaofeng/workspace/Genesis/.worktrees/rigid-stress-recovery-final-dev/genesis/engine/solvers/rigid/stress/balance.py:66: SyntaxWarning: You are unrolling more than
                        32 iterations, so the compile time may be extremely long.
                        You can use a non-static for loop if you want to decrease the compile time.
                        You can disable this warning by setting qd.init(unrolling_limit=0).
  for a, b in qd.static(qd.ndrange(6, 6)):
libEGL warning: failed to open /dev/dri/renderD135: Permission denied

libEGL warning: failed to open /dev/dri/card8: Permission denied

libEGL warning: failed to open /dev/dri/renderD134: Permission denied

libEGL warning: failed to open /dev/dri/card7: Permission denied

libEGL warning: failed to open /dev/dri/renderD133: Permission denied

libEGL warning: failed to open /dev/dri/card6: Permission denied

libEGL warning: failed to open /dev/dri/renderD132: Permission denied

libEGL warning: failed to open /dev/dri/card5: Permission denied

libEGL warning: failed to open /dev/dri/renderD131: Permission denied

libEGL warning: failed to open /dev/dri/card4: Permission denied

libEGL warning: failed to open /dev/dri/renderD130: Permission denied

libEGL warning: failed to open /dev/dri/card3: Permission denied

libEGL warning: failed to open /dev/dri/renderD129: Permission denied

libEGL warning: failed to open /dev/dri/card2: Permission denied

libEGL warning: failed to open /dev/dri/renderD128: Permission denied

libEGL warning: failed to open /dev/dri/card1: Permission denied

{
  "contact_parameter_update": {
    "calls": 1200,
    "cuda_stream_interval_mean_ms": 0.09701458670819799,
    "cuda_stream_interval_p50_p90_p99_max_ms": [
      0.09083199873566628,
      0.11972800195217134,
      0.15209728330373765,
      0.39475199580192566
    ],
    "host_submission_mean_ms": 0.078420447340856,
    "reset_envs_sum": 0
  },
  "controller_and_scene_step": {
    "calls": 1200,
    "cuda_stream_interval_mean_ms": 6.786164557933807,
    "cuda_stream_interval_p50_p90_p99_max_ms": [
      6.620304107666016,
      8.453785514831543,
      11.397321796417234,
      13.949760437011719
    ],
    "host_submission_mean_ms": 6.199554259267946,
    "reset_envs_sum": 0
  },
  "native_stress_recovery": {
    "calls": 1200,
    "cuda_stream_interval_mean_ms": 1.4295019191503524,
    "cuda_stream_interval_p50_p90_p99_max_ms": [
      1.4223359823226929,
      1.6405503749847414,
      2.012118623256681,
      3.34335994720459
    ],
    "host_submission_mean_ms": 0.458382071616749,
    "reset_envs_sum": 0
  },
  "observation": {
    "calls": 1200,
    "cuda_stream_interval_mean_ms": 0.028187679992988705,
    "cuda_stream_interval_p50_p90_p99_max_ms": [
      0.017855999991297722,
      0.018559999763965607,
      0.36036544948816296,
      3.0220799446105957
    ],
    "host_submission_mean_ms": 0.3290542704053223,
    "reset_envs_sum": 0
  },
  "partial_reset": {
    "calls": 32,
    "cuda_stream_interval_mean_ms": 2.375083990395069,
    "cuda_stream_interval_p50_p90_p99_max_ms": [
      2.3511359691619873,
      2.5100064039230348,
      2.8907408738136295,
      2.96995210647583
    ],
    "host_submission_mean_ms": 2.7581868052948266,
    "reset_envs_sum": 32
  },
  "policy_inference": {
    "calls": 1200,
    "cuda_stream_interval_mean_ms": 0.030887893650991222,
    "cuda_stream_interval_p50_p90_p99_max_ms": [
      0.024000000208616257,
      0.025151999667286873,
      0.19767231985926625,
      1.9591360092163086
    ],
    "host_submission_mean_ms": 0.18358425276043513,
    "reset_envs_sum": 0
  },
  "rigid_substep_including_recovery": {
    "calls": 1200,
    "cuda_stream_interval_mean_ms": 5.053671407898267,
    "cuda_stream_interval_p50_p90_p99_max_ms": [
      5.040431976318359,
      6.617680215835572,
      8.217280921936036,
      8.966336250305176
    ],
    "host_submission_mean_ms": 3.9906168073260537,
    "reset_envs_sum": 0
  },
  "scene_step": {
    "calls": 1200,
    "cuda_stream_interval_mean_ms": 5.1344241786003115,
    "cuda_stream_interval_p50_p90_p99_max_ms": [
      5.1127519607543945,
      6.710354995727539,
      8.318662996292113,
      9.126079559326172
    ],
    "host_submission_mean_ms": 4.152893235829349,
    "reset_envs_sum": 0
  }
}
