[Quadrants] version 1.3.3, llvm 22.1.0, commit 00423caa, linux, python 3.10.12
[38;5;226m[Genesis] [21:30:13] [WARNING] (MJCF) Approximating tendon by joint actuator for `finger_joint1`[0m
[38;5;226m[Genesis] [21:30:13] [WARNING] (MJCF) Approximating tendon by joint actuator for `finger_joint2`[0m
[38;5;226m[Genesis] [21:30:15] [WARNING] Neutral robot position (qpos0) exceeds joint limits.[0m
[38;5;226m[Genesis] [21:30:15] [WARNING] Constraint solver time constant should be greater than 2*substep_dt. timeconst is changed from `0.005` to `0.02`). Decrease simulation timestep or increase timeconst to avoid altering the original value.[0m
[38;5;226m[Genesis] [21:30:18] [WARNING] Filtered out geometry pairs causing self-collision for the neutral configuration (qpos0): (6, 11), (7, 11), (14, 21), (15, 20), (16, 23), (17, 22). Consider tuning Morph option 'decompose_robot_error_threshold' or specify dedicated collision meshes. This behavior can be disabled by setting Morph option 'enable_neutral_collision=True'.[0m
{"name": "native", "milliseconds": 0.30505139962770045, "rhs_difference_budget_ratio_max": 1.2408428779737806e-08, "complete_residual_max_N": 1.2360179643440165e-11, "global_peak_difference_max_Pa": 0.0}
Traceback (most recent call last):
  File "/mnt/home/zhaofeng/workspace/Genesis/.worktrees/rigid-stress-recovery/research/rigid_stress/probe_relief_cache.py", line 167, in <module>
    main()
  File "/mnt/home/zhaofeng/workspace/Genesis/.worktrees/rigid-stress-recovery/research/rigid_stress/probe_relief_cache.py", line 139, in main
    micro(module, remaining)
  File "/mnt/home/zhaofeng/workspace/Genesis/.worktrees/rigid-stress-recovery/research/rigid_stress/probe_relief_cache.py", line 98, in micro
    operation()
  File "/mnt/home/zhaofeng/workspace/Genesis/.worktrees/rigid-stress-recovery/research/rigid_stress/probe_relief_cache.py", line 96, in <lambda>
    ("cached", lambda: module.kernel_cached_balance(entry.omega, state, info)),
  File "/mnt/data/zhaofeng/venvs/rigid-stress-recovery/lib/python3.10/site-packages/quadrants/lang/_quadrants_callable.py", line 101, in __call__
    return self.wrapper.__call__(*args, **kwargs)
  File "/mnt/data/zhaofeng/venvs/rigid-stress-recovery/lib/python3.10/site-packages/quadrants/lang/kernel_impl.py", line 184, in wrapped_func
    raise type(e)("\n" + str(e)) from None
quadrants.lang.exception.QuadrantsCompilationError: 
quadrants stack trace:
===
Traceback (most recent call last):
  File "/mnt/data/zhaofeng/venvs/rigid-stress-recovery/lib/python3.10/site-packages/quadrants/lang/ast/ast_transformer_utils.py", line 40, in __call__
    res = method(ctx, node)
  File "/mnt/data/zhaofeng/venvs/rigid-stress-recovery/lib/python3.10/site-packages/quadrants/lang/ast/ast_transformer.py", line 526, in build_Call
    return CallTransformer.build_Call(ctx, node, build_stmt, build_stmts)
  File "/mnt/data/zhaofeng/venvs/rigid-stress-recovery/lib/python3.10/site-packages/quadrants/lang/ast/ast_transformers/call_transformer.py", line 501, in build_Call
    node.ptr = func(*py_args, **py_kwargs)
  File "/mnt/data/zhaofeng/venvs/rigid-stress-recovery/lib/python3.10/site-packages/quadrants/lang/_quadrants_callable.py", line 101, in __call__
    return self.wrapper.__call__(*args, **kwargs)
  File "/mnt/data/zhaofeng/venvs/rigid-stress-recovery/lib/python3.10/site-packages/quadrants/lang/func.py", line 89, in __call__
    ret = transform_tree(tree, ctx)
  File "/mnt/data/zhaofeng/venvs/rigid-stress-recovery/lib/python3.10/site-packages/quadrants/lang/ast/transform.py", line 8, in transform_tree
    ASTTransformer()(ctx, tree)
  File "/mnt/data/zhaofeng/venvs/rigid-stress-recovery/lib/python3.10/site-packages/quadrants/lang/ast/ast_transformer_utils.py", line 51, in __call__
    raise e.with_traceback(None)
quadrants.lang.exception.QuadrantsCompilationError: File "/mnt/data/zhaofeng/projects/workspace/Genesis/rigid-stress-recovery/cache/relief_trials/704900/relief_cache_generated.py", line 17, in func_cached_balance:
        stress_state.rhs[i_n, i_b] -= shared_relief[i_n] @
                                      ^^^^^^^^^^^^^^^^^^
Traceback (most recent call last):
  File "/mnt/data/zhaofeng/venvs/rigid-stress-recovery/lib/python3.10/site-packages/quadrants/lang/ast/ast_transformer_utils.py", line 40, in __call__
    res = method(ctx, node)
  File "/mnt/data/zhaofeng/venvs/rigid-stress-recovery/lib/python3.10/site-packages/quadrants/lang/ast/ast_transformer.py", line 358, in build_Subscript
    node.ptr = impl.subscript(ctx.ast_builder, node.value.ptr, *node.slice.ptr)
  File "/mnt/data/zhaofeng/venvs/rigid-stress-recovery/lib/python3.10/site-packages/quadrants/lang/util.py", line 316, in wrapped
    return func(*args, **kwargs)
  File "/mnt/data/zhaofeng/venvs/rigid-stress-recovery/lib/python3.10/site-packages/quadrants/lang/impl.py", line 262, in subscript
    return value.__getitem__(_indices)
  File "/mnt/data/zhaofeng/venvs/rigid-stress-recovery/lib/python3.10/site-packages/quadrants/_tensor_wrapper.py", line 178, in __getitem__
    return self._impl[key]
  File "/mnt/data/zhaofeng/venvs/rigid-stress-recovery/lib/python3.10/site-packages/quadrants/lang/util.py", line 324, in wrapped
    assert in_python_scope(), f"{func.__name__} cannot be called in Quadrants-scope"
AssertionError: __getitem__ cannot be called in Quadrants-scope


===

Your code:
File "/mnt/data/zhaofeng/projects/workspace/Genesis/rigid-stress-recovery/cache/relief_trials/704900/relief_cache_generated.py", line 26, in kernel_cached_balance:
    func_cached_balance(omega, stress_state, stress_info)
    ^^^^^^^^^^^^^^^^^^^^^^^^^^^^^^^^^^^^^^^^^^^^^^^^^^^^^
File "/mnt/data/zhaofeng/projects/workspace/Genesis/rigid-stress-recovery/cache/relief_trials/704900/relief_cache_generated.py", line 17, in func_cached_balance:
        stress_state.rhs[i_n, i_b] -= shared_relief[i_n] @
                                      ^^^^^^^^^^^^^^^^^^
Traceback (most recent call last):
  File "/mnt/data/zhaofeng/venvs/rigid-stress-recovery/lib/python3.10/site-packages/quadrants/lang/ast/ast_transformer_utils.py", line 40, in __call__
    res = method(ctx, node)
  File "/mnt/data/zhaofeng/venvs/rigid-stress-recovery/lib/python3.10/site-packages/quadrants/lang/ast/ast_transformer.py", line 358, in build_Subscript
    node.ptr = impl.subscript(ctx.ast_builder, node.value.ptr, *node.slice.ptr)
  File "/mnt/data/zhaofeng/venvs/rigid-stress-recovery/lib/python3.10/site-packages/quadrants/lang/util.py", line 316, in wrapped
    return func(*args, **kwargs)
  File "/mnt/data/zhaofeng/venvs/rigid-stress-recovery/lib/python3.10/site-packages/quadrants/lang/impl.py", line 262, in subscript
    return value.__getitem__(_indices)
  File "/mnt/data/zhaofeng/venvs/rigid-stress-recovery/lib/python3.10/site-packages/quadrants/_tensor_wrapper.py", line 178, in __getitem__
    return self._impl[key]
  File "/mnt/data/zhaofeng/venvs/rigid-stress-recovery/lib/python3.10/site-packages/quadrants/lang/util.py", line 324, in wrapped
    assert in_python_scope(), f"{func.__name__} cannot be called in Quadrants-scope"
AssertionError: __getitem__ cannot be called in Quadrants-scope



[38;5;9m[Genesis] [21:31:43] [ERROR] QuadrantsCompilationError: 
quadrants stack trace:
===
Traceback (most recent call last):
  File "/mnt/data/zhaofeng/venvs/rigid-stress-recovery/lib/python3.10/site-packages/quadrants/lang/ast/ast_transformer_utils.py", line 40, in __call__
    res = method(ctx, node)
  File "/mnt/data/zhaofeng/venvs/rigid-stress-recovery/lib/python3.10/site-packages/quadrants/lang/ast/ast_transformer.py", line 526, in build_Call
    return CallTransformer.build_Call(ctx, node, build_stmt, build_stmts)
  File "/mnt/data/zhaofeng/venvs/rigid-stress-recovery/lib/python3.10/site-packages/quadrants/lang/ast/ast_transformers/call_transformer.py", line 501, in build_Call
    node.ptr = func(*py_args, **py_kwargs)
  File "/mnt/data/zhaofeng/venvs/rigid-stress-recovery/lib/python3.10/site-packages/quadrants/lang/_quadrants_callable.py", line 101, in __call__
    return self.wrapper.__call__(*args, **kwargs)
  File "/mnt/data/zhaofeng/venvs/rigid-stress-recovery/lib/python3.10/site-packages/quadrants/lang/func.py", line 89, in __call__
    ret = transform_tree(tree, ctx)
  File "/mnt/data/zhaofeng/venvs/rigid-stress-recovery/lib/python3.10/site-packages/quadrants/lang/ast/transform.py", line 8, in transform_tree
    ASTTransformer()(ctx, tree)
  File "/mnt/data/zhaofeng/venvs/rigid-stress-recovery/lib/python3.10/site-packages/quadrants/lang/ast/ast_transformer_utils.py", line 51, in __call__
    raise e.with_traceback(None)
quadrants.lang.exception.QuadrantsCompilationError: File "/mnt/data/zhaofeng/projects/workspace/Genesis/rigid-stress-recovery/cache/relief_trials/704900/relief_cache_generated.py", line 17, in func_cached_balance:
        stress_state.rhs[i_n, i_b] -= shared_relief[i_n] @
                                      ^^^^^^^^^^^^^^^^^^
Traceback (most recent call last):
  File "/mnt/data/zhaofeng/venvs/rigid-stress-recovery/lib/python3.10/site-packages/quadrants/lang/ast/ast_transformer_utils.py", line 40, in __call__
    res = method(ctx, node)
  File "/mnt/data/zhaofeng/venvs/rigid-stress-recovery/lib/python3.10/site-packages/quadrants/lang/ast/ast_transformer.py", line 358, in build_Subscript
    node.ptr = impl.subscript(ctx.ast_builder, node.value.ptr, *node.slice.ptr)
  File "/mnt/data/zhaofeng/venvs/rigid-stress-recovery/lib/python3.10/site-packages/quadrants/lang/util.py", line 316, in wrapped
    return func(*args, **kwargs)
  File "/mnt/data/zhaofeng/venvs/rigid-stress-recovery/lib/python3.10/site-packages/quadrants/lang/impl.py", line 262, in subscript
    return value.__getitem__(_indices)
  File "/mnt/data/zhaofeng/venvs/rigid-stress-recovery/lib/python3.10/site-packages/quadrants/_tensor_wrapper.py", line 178, in __getitem__
    return self._impl[key]
  File "/mnt/data/zhaofeng/venvs/rigid-stress-recovery/lib/python3.10/site-packages/quadrants/lang/util.py", line 324, in wrapped
    assert in_python_scope(), f"{func.__name__} cannot be called in Quadrants-scope"
AssertionError: __getitem__ cannot be called in Quadrants-scope


===

Your code:
File "/mnt/data/zhaofeng/projects/workspace/Genesis/rigid-stress-recovery/cache/relief_trials/704900/relief_cache_generated.py", line 26, in kernel_cached_balance:
    func_cached_balance(omega, stress_state, stress_info)
    ^^^^^^^^^^^^^^^^^^^^^^^^^^^^^^^^^^^^^^^^^^^^^^^^^^^^^
File "/mnt/data/zhaofeng/projects/workspace/Genesis/rigid-stress-recovery/cache/relief_trials/704900/relief_cache_generated.py", line 17, in func_cached_balance:
        stress_state.rhs[i_n, i_b] -= shared_relief[i_n] @
                                      ^^^^^^^^^^^^^^^^^^
Traceback (most recent call last):
  File "/mnt/data/zhaofeng/venvs/rigid-stress-recovery/lib/python3.10/site-packages/quadrants/lang/ast/ast_transformer_utils.py", line 40, in __call__
    res = method(ctx, node)
  File "/mnt/data/zhaofeng/venvs/rigid-stress-recovery/lib/python3.10/site-packages/quadrants/lang/ast/ast_transformer.py", line 358, in build_Subscript
    node.ptr = impl.subscript(ctx.ast_builder, node.value.ptr, *node.slice.ptr)
  File "/mnt/data/zhaofeng/venvs/rigid-stress-recovery/lib/python3.10/site-packages/quadrants/lang/util.py", line 316, in wrapped
    return func(*args, **kwargs)
  File "/mnt/data/zhaofeng/venvs/rigid-stress-recovery/lib/python3.10/site-packages/quadrants/lang/impl.py", line 262, in subscript
    return value.__getitem__(_indices)
  File "/mnt/data/zhaofeng/venvs/rigid-stress-recovery/lib/python3.10/site-packages/quadrants/_tensor_wrapper.py", line 178, in __getitem__
    return self._impl[key]
  File "/mnt/data/zhaofeng/venvs/rigid-stress-recovery/lib/python3.10/site-packages/quadrants/lang/util.py", line 324, in wrapped
    assert in_python_scope(), f"{func.__name__} cannot be called in Quadrants-scope"
AssertionError: __getitem__ cannot be called in Quadrants-scope

[0m
