[1m============================= test session starts ==============================[0m
platform linux -- Python 3.10.12, pytest-8.4.2, pluggy-1.6.0
rootdir: /mnt/home/zhaofeng/workspace/Genesis/.worktrees/rigid-stress-recovery
configfile: pyproject.toml
plugins: anyio-4.15.1, forked-1.7.5, print-1.2.0, timeout-2.4.0, xdist-3.8.0, quadrants-1.3.3, syrupy-6.1.1
timeout: 1200.0s
timeout method: signal
timeout func_only: False
created: 4/4 workers
4 workers [39 items]

[32m.[0m[32m.[0m[32m.[0m[W 10/10/26 21:10:13.540 4150219] [frontend_ir.cpp:begin_frontend_struct_for_on_external_tensor@1551] qd.loop_config(serialize=True) does not have effect on the struct for. The execution order is not guaranteed.
[W 10/10/26 21:10:13.549 4150219] [frontend_ir.cpp:begin_frontend_struct_for_on_external_tensor@1551] qd.loop_config(serialize=True) does not have effect on the struct for. The execution order is not guaranteed.
[W 10/10/26 21:10:13.780 4150219] [frontend_ir.cpp:begin_frontend_struct_for_on_external_tensor@1551] qd.loop_config(serialize=True) does not have effect on the struct for. The execution order is not guaranteed.
[W 10/10/26 21:10:13.793 4150219] [frontend_ir.cpp:begin_frontend_struct_for_on_external_tensor@1551] qd.loop_config(serialize=True) does not have effect on the struct for. The execution order is not guaranteed.
[W 10/10/26 21:10:13.848 4150219] [frontend_ir.cpp:begin_frontend_struct_for_on_external_tensor@1551] qd.loop_config(serialize=True) does not have effect on the struct for. The execution order is not guaranteed.
[W 10/10/26 21:10:13.853 4150219] [frontend_ir.cpp:begin_frontend_struct_for_on_external_tensor@1551] qd.loop_config(serialize=True) does not have effect on the struct for. The execution order is not guaranteed.
[32m.[0m[32m.[0m[32m.[0m[32m.[0m[W 10/10/26 21:10:22.558 4150207] QuadrantsWarning
While compiling `kernel_store_inverse_c748_1`, File "/mnt/home/zhaofeng/workspace/Genesis/.worktrees/rigid-stress-recovery/genesis/engine/solvers/rigid/stress/inverse.py", line 66, in kernel_store_inverse:
        inverse_info.blocks[i, j] = block
        ^^^^^^^^^^^^^^^^^^^^^^^^^^^^^^^^^
Assign may lose precision: f32 <- f64
[32m.[0m[32m.[0m[32m.[0m[32m.[0m[33ms[0m[32m.[0m[33ms[0m[33ms[0m[33ms[0m[33ms[0m[32m.[0m[33ms[0m[32m.[0m[33ms[0m[32m.[0m[33ms[0m[33ms[0m[32m.[0m[W 10/10/26 21:10:55.955 4150226] [frontend_ir.cpp:begin_frontend_struct_for_on_external_tensor@1551] qd.loop_config(serialize=True) does not have effect on the struct for. The execution order is not guaranteed.
[W 10/10/26 21:10:55.965 4150226] [frontend_ir.cpp:begin_frontend_struct_for_on_external_tensor@1551] qd.loop_config(serialize=True) does not have effect on the struct for. The execution order is not guaranteed.
[W 10/10/26 21:10:56.207 4150226] [frontend_ir.cpp:begin_frontend_struct_for_on_external_tensor@1551] qd.loop_config(serialize=True) does not have effect on the struct for. The execution order is not guaranteed.
[W 10/10/26 21:10:56.219 4150226] [frontend_ir.cpp:begin_frontend_struct_for_on_external_tensor@1551] qd.loop_config(serialize=True) does not have effect on the struct for. The execution order is not guaranteed.
[W 10/10/26 21:10:56.275 4150226] [frontend_ir.cpp:begin_frontend_struct_for_on_external_tensor@1551] qd.loop_config(serialize=True) does not have effect on the struct for. The execution order is not guaranteed.
[W 10/10/26 21:10:56.281 4150226] [frontend_ir.cpp:begin_frontend_struct_for_on_external_tensor@1551] qd.loop_config(serialize=True) does not have effect on the struct for. The execution order is not guaranteed.
[W 10/10/26 21:10:56.963 4150213] [frontend_ir.cpp:begin_frontend_struct_for_on_external_tensor@1551] qd.loop_config(serialize=True) does not have effect on the struct for. The execution order is not guaranteed.
[W 10/10/26 21:10:56.972 4150213] [frontend_ir.cpp:begin_frontend_struct_for_on_external_tensor@1551] qd.loop_config(serialize=True) does not have effect on the struct for. The execution order is not guaranteed.
[W 10/10/26 21:10:57.201 4150213] [frontend_ir.cpp:begin_frontend_struct_for_on_external_tensor@1551] qd.loop_config(serialize=True) does not have effect on the struct for. The execution order is not guaranteed.
[W 10/10/26 21:10:57.214 4150213] [frontend_ir.cpp:begin_frontend_struct_for_on_external_tensor@1551] qd.loop_config(serialize=True) does not have effect on the struct for. The execution order is not guaranteed.
[W 10/10/26 21:10:57.267 4150213] [frontend_ir.cpp:begin_frontend_struct_for_on_external_tensor@1551] qd.loop_config(serialize=True) does not have effect on the struct for. The execution order is not guaranteed.
[W 10/10/26 21:10:57.273 4150213] [frontend_ir.cpp:begin_frontend_struct_for_on_external_tensor@1551] qd.loop_config(serialize=True) does not have effect on the struct for. The execution order is not guaranteed.
libEGL warning: failed to open /dev/dri/renderD135: Permission denied

libEGL warning: failed to open /dev/dri/card8: Permission denied

libEGL warning: failed to open /dev/dri/renderD134: Permission denied

libEGL warning: failed to open /dev/dri/card7: Permission denied

libEGL warning: failed to open /dev/dri/renderD133: Permission denied

libEGL warning: failed to open /dev/dri/card6: Permission denied

libEGL warning: failed to open /dev/dri/renderD132: Permission denied

libEGL warning: failed to open /dev/dri/card5: Permission denied

libEGL warning: failed to open /dev/dri/renderD131: Permission denied

libEGL warning: failed to open /dev/dri/card4: Permission denied

libEGL warning: failed to open /dev/dri/renderD130: Permission denied

libEGL warning: failed to open /dev/dri/card3: Permission denied

libEGL warning: failed to open /dev/dri/renderD129: Permission denied

libEGL warning: failed to open /dev/dri/card2: Permission denied

libEGL warning: failed to open /dev/dri/renderD128: Permission denied

libEGL warning: failed to open /dev/dri/card1: Permission denied

[W 10/10/26 21:10:59.704 4150207] [frontend_ir.cpp:begin_frontend_struct_for_on_external_tensor@1551] qd.loop_config(serialize=True) does not have effect on the struct for. The execution order is not guaranteed.
[W 10/10/26 21:10:59.713 4150207] [frontend_ir.cpp:begin_frontend_struct_for_on_external_tensor@1551] qd.loop_config(serialize=True) does not have effect on the struct for. The execution order is not guaranteed.
[W 10/10/26 21:10:59.930 4150207] [frontend_ir.cpp:begin_frontend_struct_for_on_external_tensor@1551] qd.loop_config(serialize=True) does not have effect on the struct for. The execution order is not guaranteed.
[W 10/10/26 21:10:59.942 4150207] [frontend_ir.cpp:begin_frontend_struct_for_on_external_tensor@1551] qd.loop_config(serialize=True) does not have effect on the struct for. The execution order is not guaranteed.
[W 10/10/26 21:10:59.995 4150207] [frontend_ir.cpp:begin_frontend_struct_for_on_external_tensor@1551] qd.loop_config(serialize=True) does not have effect on the struct for. The execution order is not guaranteed.
[W 10/10/26 21:11:00.000 4150207] [frontend_ir.cpp:begin_frontend_struct_for_on_external_tensor@1551] qd.loop_config(serialize=True) does not have effect on the struct for. The execution order is not guaranteed.
[32m.[0m[32m.[0m[32m.[0m[32m.[0m[33ms[0mlibEGL warning: failed to open /dev/dri/renderD135: Permission denied

libEGL warning: failed to open /dev/dri/card8: Permission denied

libEGL warning: failed to open /dev/dri/renderD134: Permission denied

libEGL warning: failed to open /dev/dri/card7: Permission denied

libEGL warning: failed to open /dev/dri/renderD133: Permission denied

libEGL warning: failed to open /dev/dri/card6: Permission denied

libEGL warning: failed to open /dev/dri/renderD132: Permission denied

libEGL warning: failed to open /dev/dri/card5: Permission denied

libEGL warning: failed to open /dev/dri/renderD131: Permission denied

libEGL warning: failed to open /dev/dri/card4: Permission denied

libEGL warning: failed to open /dev/dri/renderD130: Permission denied

libEGL warning: failed to open /dev/dri/card3: Permission denied

libEGL warning: failed to open /dev/dri/renderD129: Permission denied

libEGL warning: failed to open /dev/dri/card2: Permission denied

libEGL warning: failed to open /dev/dri/renderD128: Permission denied

libEGL warning: failed to open /dev/dri/card1: Permission denied

libEGL warning: failed to open /dev/dri/renderD135: Permission denied

libEGL warning: failed to open /dev/dri/card8: Permission denied

libEGL warning: failed to open /dev/dri/renderD134: Permission denied

libEGL warning: failed to open /dev/dri/card7: Permission denied

libEGL warning: failed to open /dev/dri/renderD133: Permission denied

libEGL warning: failed to open /dev/dri/card6: Permission denied

libEGL warning: failed to open /dev/dri/renderD132: Permission denied

libEGL warning: failed to open /dev/dri/card5: Permission denied

libEGL warning: failed to open /dev/dri/renderD131: Permission denied

libEGL warning: failed to open /dev/dri/card4: Permission denied

libEGL warning: failed to open /dev/dri/renderD130: Permission denied

libEGL warning: failed to open /dev/dri/card3: Permission denied

libEGL warning: failed to open /dev/dri/renderD129: Permission denied

libEGL warning: failed to open /dev/dri/card2: Permission denied

libEGL warning: failed to open /dev/dri/renderD128: Permission denied

libEGL warning: failed to open /dev/dri/card1: Permission denied

[32m.[0mlibEGL warning: failed to open /dev/dri/renderD135: Permission denied

libEGL warning: failed to open /dev/dri/card8: Permission denied

libEGL warning: failed to open /dev/dri/renderD134: Permission denied

libEGL warning: failed to open /dev/dri/card7: Permission denied

libEGL warning: failed to open /dev/dri/renderD133: Permission denied

libEGL warning: failed to open /dev/dri/card6: Permission denied

libEGL warning: failed to open /dev/dri/renderD132: Permission denied

libEGL warning: failed to open /dev/dri/card5: Permission denied

libEGL warning: failed to open /dev/dri/renderD131: Permission denied

libEGL warning: failed to open /dev/dri/card4: Permission denied

libEGL warning: failed to open /dev/dri/renderD130: Permission denied

libEGL warning: failed to open /dev/dri/card3: Permission denied

libEGL warning: failed to open /dev/dri/renderD129: Permission denied

libEGL warning: failed to open /dev/dri/card2: Permission denied

libEGL warning: failed to open /dev/dri/renderD128: Permission denied

libEGL warning: failed to open /dev/dri/card1: Permission denied

libEGL warning: failed to open /dev/dri/renderD135: Permission denied

libEGL warning: failed to open /dev/dri/card8: Permission denied

libEGL warning: failed to open /dev/dri/renderD134: Permission denied

libEGL warning: failed to open /dev/dri/card7: Permission denied

libEGL warning: failed to open /dev/dri/renderD133: Permission denied

libEGL warning: failed to open /dev/dri/card6: Permission denied

libEGL warning: failed to open /dev/dri/renderD132: Permission denied

libEGL warning: failed to open /dev/dri/card5: Permission denied

libEGL warning: failed to open /dev/dri/renderD131: Permission denied

libEGL warning: failed to open /dev/dri/card4: Permission denied

libEGL warning: failed to open /dev/dri/renderD130: Permission denied

libEGL warning: failed to open /dev/dri/card3: Permission denied

libEGL warning: failed to open /dev/dri/renderD129: Permission denied

libEGL warning: failed to open /dev/dri/card2: Permission denied

libEGL warning: failed to open /dev/dri/renderD128: Permission denied

libEGL warning: failed to open /dev/dri/card1: Permission denied

[W 10/10/26 21:11:42.398 4150219] [frontend_ir.cpp:begin_frontend_struct_for_on_external_tensor@1551] qd.loop_config(serialize=True) does not have effect on the struct for. The execution order is not guaranteed.
[W 10/10/26 21:11:42.405 4150219] [frontend_ir.cpp:begin_frontend_struct_for_on_external_tensor@1551] qd.loop_config(serialize=True) does not have effect on the struct for. The execution order is not guaranteed.
[32m.[0m[W 10/10/26 21:11:42.580 4150219] [frontend_ir.cpp:begin_frontend_struct_for_on_external_tensor@1551] qd.loop_config(serialize=True) does not have effect on the struct for. The execution order is not guaranteed.
[W 10/10/26 21:11:42.584 4150219] [frontend_ir.cpp:begin_frontend_struct_for_on_external_tensor@1551] qd.loop_config(serialize=True) does not have effect on the struct for. The execution order is not guaranteed.
libEGL warning: failed to open /dev/dri/renderD135: Permission denied

libEGL warning: failed to open /dev/dri/card8: Permission denied

libEGL warning: failed to open /dev/dri/renderD134: Permission denied

libEGL warning: failed to open /dev/dri/card7: Permission denied

libEGL warning: failed to open /dev/dri/renderD133: Permission denied

libEGL warning: failed to open /dev/dri/card6: Permission denied

libEGL warning: failed to open /dev/dri/renderD132: Permission denied

libEGL warning: failed to open /dev/dri/card5: Permission denied

libEGL warning: failed to open /dev/dri/renderD131: Permission denied

libEGL warning: failed to open /dev/dri/card4: Permission denied

libEGL warning: failed to open /dev/dri/renderD130: Permission denied

libEGL warning: failed to open /dev/dri/card3: Permission denied

libEGL warning: failed to open /dev/dri/renderD129: Permission denied

libEGL warning: failed to open /dev/dri/card2: Permission denied

libEGL warning: failed to open /dev/dri/renderD128: Permission denied

libEGL warning: failed to open /dev/dri/card1: Permission denied

[32m.[0mlibEGL warning: failed to open /dev/dri/renderD135: Permission denied

libEGL warning: failed to open /dev/dri/card8: Permission denied

libEGL warning: failed to open /dev/dri/renderD134: Permission denied

libEGL warning: failed to open /dev/dri/card7: Permission denied

libEGL warning: failed to open /dev/dri/renderD133: Permission denied

libEGL warning: failed to open /dev/dri/card6: Permission denied

libEGL warning: failed to open /dev/dri/renderD132: Permission denied

libEGL warning: failed to open /dev/dri/card5: Permission denied

libEGL warning: failed to open /dev/dri/renderD131: Permission denied

libEGL warning: failed to open /dev/dri/card4: Permission denied

libEGL warning: failed to open /dev/dri/renderD130: Permission denied

libEGL warning: failed to open /dev/dri/card3: Permission denied

libEGL warning: failed to open /dev/dri/renderD129: Permission denied

libEGL warning: failed to open /dev/dri/card2: Permission denied

libEGL warning: failed to open /dev/dri/renderD128: Permission denied

libEGL warning: failed to open /dev/dri/card1: Permission denied

[32m.[0m