[Quadrants] version 1.3.3, llvm 22.1.0, commit 00423caa, linux, python 3.10.12
[38;5;226m[Genesis] [23:58:54] [WARNING] (MJCF) Approximating tendon by joint actuator for `finger_joint1`[0m
[38;5;226m[Genesis] [23:58:54] [WARNING] (MJCF) Approximating tendon by joint actuator for `finger_joint2`[0m
[38;5;226m[Genesis] [23:58:55] [WARNING] Neutral robot position (qpos0) exceeds joint limits.[0m
[38;5;226m[Genesis] [23:58:55] [WARNING] Constraint solver time constant should be greater than 2*substep_dt. timeconst is changed from `0.005` to `0.02`). Decrease simulation timestep or increase timeconst to avoid altering the original value.[0m
[38;5;226m[Genesis] [23:58:58] [WARNING] Filtered out geometry pairs causing self-collision for the neutral configuration (qpos0): (6, 11), (7, 11), (14, 21), (15, 20), (16, 23), (17, 22). Consider tuning Morph option 'decompose_robot_error_threshold' or specify dedicated collision meshes. This behavior can be disabled by setting Morph option 'enable_neutral_collision=True'.[0m
/mnt/home/zhaofeng/workspace/Genesis/.worktrees/rigid-stress-recovery-final-dev/genesis/engine/solvers/rigid/stress/balance.py:66: SyntaxWarning: You are unrolling more than
                        32 iterations, so the compile time may be extremely long.
                        You can use a non-static for loop if you want to decrease the compile time.
                        You can disable this warning by setting qd.init(unrolling_limit=0).
  for a, b in qd.static(qd.ndrange(6, 6)):
/mnt/home/zhaofeng/workspace/Genesis/.worktrees/rigid-stress-recovery-final-dev/genesis/engine/solvers/rigid/stress/balance.py:66: SyntaxWarning: You are unrolling more than
                        32 iterations, so the compile time may be extremely long.
                        You can use a non-static for loop if you want to decrease the compile time.
                        You can disable this warning by setting qd.init(unrolling_limit=0).
  for a, b in qd.static(qd.ndrange(6, 6)):
Oracle accepted tick 49 samples 4
Oracle accepted tick 99 samples 8
Oracle accepted tick 149 samples 12
Oracle accepted tick 199 samples 16
Oracle accepted tick 249 samples 20
Oracle accepted tick 299 samples 24
Oracle accepted tick 349 samples 28
Oracle accepted tick 399 samples 32
Oracle accepted tick 449 samples 36
Oracle accepted tick 499 samples 40
Oracle accepted tick 549 samples 44
Oracle accepted tick 599 samples 48
Oracle accepted tick 649 samples 52
Oracle accepted tick 699 samples 56
Oracle accepted tick 749 samples 60
Oracle accepted tick 799 samples 64
Oracle accepted tick 849 samples 68
Oracle accepted tick 899 samples 72
Oracle accepted tick 949 samples 76
Oracle accepted tick 999 samples 80
Oracle accepted tick 1049 samples 84
Oracle accepted tick 1099 samples 88
Oracle accepted tick 1149 samples 92
Oracle accepted tick 1199 samples 96
Oracle accepted tick 1249 samples 100
Oracle accepted tick 1299 samples 104
Oracle accepted tick 1349 samples 108
Oracle accepted tick 1399 samples 112
Oracle accepted tick 1449 samples 116
Oracle accepted tick 1499 samples 120
Oracle accepted tick 1549 samples 124
Oracle accepted tick 1599 samples 128
Oracle accepted tick 1649 samples 132
Oracle accepted tick 1699 samples 136
Oracle accepted tick 1749 samples 140
Oracle accepted tick 1799 samples 144
Accepted 144 independent same-mesh FP64 samples.
