[38;5;226m[Genesis] [20:27:42] [WARNING] (MJCF) Approximating tendon by joint actuator for `finger_joint1`[0m
[38;5;226m[Genesis] [20:27:42] [WARNING] (MJCF) Approximating tendon by joint actuator for `finger_joint2`[0m
[38;5;226m[Genesis] [20:27:42] [WARNING] Neutral robot position (qpos0) exceeds joint limits.[0m
[38;5;226m[Genesis] [20:27:43] [WARNING] Constraint solver time constant should be greater than 2*substep_dt. timeconst is changed from `0.005` to `0.02`). Decrease simulation timestep or increase timeconst to avoid altering the original value.[0m
[38;5;226m[Genesis] [20:27:44] [WARNING] Filtered out geometry pairs causing self-collision for the neutral configuration (qpos0): (6, 11), (7, 11), (14, 21), (15, 20), (16, 23), (17, 22). Consider tuning Morph option 'decompose_robot_error_threshold' or specify dedicated collision meshes. This behavior can be disabled by setting Morph option 'enable_neutral_collision=True'.[0m
libEGL warning: failed to open /dev/dri/renderD135: Permission denied

libEGL warning: failed to open /dev/dri/card8: Permission denied

libEGL warning: failed to open /dev/dri/renderD134: Permission denied

libEGL warning: failed to open /dev/dri/card7: Permission denied

libEGL warning: failed to open /dev/dri/renderD133: Permission denied

libEGL warning: failed to open /dev/dri/card6: Permission denied

libEGL warning: failed to open /dev/dri/renderD132: Permission denied

libEGL warning: failed to open /dev/dri/card5: Permission denied

libEGL warning: failed to open /dev/dri/renderD131: Permission denied

libEGL warning: failed to open /dev/dri/card4: Permission denied

libEGL warning: failed to open /dev/dri/renderD130: Permission denied

libEGL warning: failed to open /dev/dri/card3: Permission denied

libEGL warning: failed to open /dev/dri/renderD129: Permission denied

libEGL warning: failed to open /dev/dri/card2: Permission denied

libEGL warning: failed to open /dev/dri/renderD128: Permission denied

libEGL warning: failed to open /dev/dri/card1: Permission denied

warmup 99
warmup 199
warmup 299
warmup 399
warmup 499
warmup 599
warmup 699
warmup 799
warmup 899
repeat-0 99
repeat-0 199
repeat-0 299
repeat-0 399
repeat-0 499
repeat-0 599
repeat-0 699
repeat-0 799
repeat-0 899
repeat-0 999
repeat-0 1099
repeat-0 1199
repeat-0 1299
repeat-0 1399
repeat-0 1499
repeat-0 1599
repeat-0 1699
repeat-0 1799
repeat-0 1899
repeat-0 1999
repeat-0 2099
repeat-0 2199
repeat-0 2299
repeat-0 2399
repeat-1 99
repeat-1 199
repeat-1 299
repeat-1 399
repeat-1 499
repeat-1 599
repeat-1 699
repeat-1 799
repeat-1 899
repeat-1 999
repeat-1 1099
repeat-1 1199
repeat-1 1299
repeat-1 1399
repeat-1 1499
repeat-1 1599
repeat-1 1699
repeat-1 1799
repeat-1 1899
repeat-1 1999
repeat-1 2099
repeat-1 2199
repeat-1 2299
repeat-1 2399
repeat-2 99
repeat-2 199
repeat-2 299
repeat-2 399
repeat-2 499
repeat-2 599
repeat-2 699
repeat-2 799
repeat-2 899
repeat-2 999
repeat-2 1099
repeat-2 1199
repeat-2 1299
repeat-2 1399
repeat-2 1499
repeat-2 1599
repeat-2 1699
repeat-2 1799
repeat-2 1899
repeat-2 1999
repeat-2 2099
repeat-2 2199
repeat-2 2299
repeat-2 2399
Captured 0 rejected contacts repeat-2 2399
