[38;5;226m[Genesis] [20:21:34] [WARNING] (MJCF) Approximating tendon by joint actuator for `finger_joint1`[0m
[38;5;226m[Genesis] [20:21:34] [WARNING] (MJCF) Approximating tendon by joint actuator for `finger_joint2`[0m
[38;5;226m[Genesis] [20:21:35] [WARNING] Neutral robot position (qpos0) exceeds joint limits.[0m
[38;5;226m[Genesis] [20:21:35] [WARNING] Constraint solver time constant should be greater than 2*substep_dt. timeconst is changed from `0.005` to `0.02`). Decrease simulation timestep or increase timeconst to avoid altering the original value.[0m
[38;5;226m[Genesis] [20:21:37] [WARNING] Filtered out geometry pairs causing self-collision for the neutral configuration (qpos0): (6, 11), (7, 11), (14, 21), (15, 20), (16, 23), (17, 22). Consider tuning Morph option 'decompose_robot_error_threshold' or specify dedicated collision meshes. This behavior can be disabled by setting Morph option 'enable_neutral_collision=True'.[0m
[38;5;226m[Genesis] [20:22:16] [WARNING] (MJCF) Approximating tendon by joint actuator for `finger_joint1`[0m
[38;5;226m[Genesis] [20:22:16] [WARNING] (MJCF) Approximating tendon by joint actuator for `finger_joint2`[0m
[38;5;226m[Genesis] [20:22:16] [WARNING] Neutral robot position (qpos0) exceeds joint limits.[0m
[38;5;226m[Genesis] [20:22:17] [WARNING] Constraint solver time constant should be greater than 2*substep_dt. timeconst is changed from `0.005` to `0.02`). Decrease simulation timestep or increase timeconst to avoid altering the original value.[0m
[38;5;226m[Genesis] [20:22:18] [WARNING] Filtered out geometry pairs causing self-collision for the neutral configuration (qpos0): (6, 11), (7, 11), (14, 21), (15, 20), (16, 23), (17, 22). Consider tuning Morph option 'decompose_robot_error_threshold' or specify dedicated collision meshes. This behavior can be disabled by setting Morph option 'enable_neutral_collision=True'.[0m
Equivalent tick 49 resets 0
Equivalent tick 99 resets 0
Equivalent tick 149 resets 0
Equivalent tick 199 resets 0
Equivalent tick 249 resets 0
Equivalent tick 299 resets 0
Equivalent tick 349 resets 0
Equivalent tick 399 resets 0
Equivalent tick 449 resets 0
Equivalent tick 499 resets 0
Equivalent tick 549 resets 0
Equivalent tick 599 resets 0
Equivalent tick 649 resets 2
Equivalent tick 699 resets 3
Equivalent tick 749 resets 5
Equivalent tick 799 resets 6
Equivalent tick 849 resets 7
Equivalent tick 899 resets 9
Equivalent tick 949 resets 10
Equivalent tick 999 resets 11
Equivalent tick 1049 resets 13
Equivalent tick 1099 resets 14
Equivalent tick 1149 resets 15
Equivalent tick 1199 resets 16
Equivalent tick 1249 resets 18
Equivalent tick 1299 resets 19
Equivalent tick 1349 resets 21
Equivalent tick 1399 resets 22
Equivalent tick 1449 resets 23
Equivalent tick 1499 resets 25
Equivalent tick 1549 resets 26
Equivalent tick 1599 resets 27
Equivalent tick 1649 resets 29
Equivalent tick 1699 resets 30
Equivalent tick 1749 resets 31
Equivalent tick 1799 resets 32
Equivalent tick 1849 resets 34
Equivalent tick 1899 resets 35
Equivalent tick 1949 resets 37
Equivalent tick 1999 resets 38
Equivalent tick 2049 resets 39
Equivalent tick 2099 resets 41
Equivalent tick 2149 resets 42
Equivalent tick 2199 resets 43
Equivalent tick 2249 resets 45
Equivalent tick 2299 resets 46
Equivalent tick 2349 resets 47
Equivalent tick 2399 resets 48
