[Quadrants] version 1.3.3, llvm 22.1.0, commit 00423caa, linux, python 3.10.12
{
  "envs": 1024,
  "nodes": 810,
  "exterior_nodes": 162,
  "application_ms": {
    "full": 7.278223629109561,
    "surface": 1.514668338932097
  },
  "peak_difference_Pa": 6.20711944065988e-08,
  "displacement_relative_error": 7.39665712239865e-15,
  "complete_residual_max_N": 7.607681099792907e-12,
  "independent_cpu_residual_N": [
    0.0,
    3.5275135511447366e-12,
    4.040309514915102e-12,
    4.138932770023297e-12,
    6.294853755994176e-12
  ],
  "independent_cpu_peak_error_Pa": [
    0.0,
    -1.450462150387466e-07,
    -1.3971657608635724e-07,
    1.6158082871697843e-07,
    -6.784321158193052e-07
  ]
}
