[1m============================= test session starts ==============================[0m
platform linux -- Python 3.10.12, pytest-8.4.2, pluggy-1.6.0 -- /mnt/data/zhaofeng/venvs/rigid-stress-recovery/bin/python
cachedir: .pytest_cache
rootdir: /mnt/home/zhaofeng/workspace/Genesis/.worktrees/rigid-stress-recovery
configfile: pyproject.toml
plugins: anyio-4.15.1, forked-1.7.5, print-1.2.0, timeout-2.4.0, xdist-3.8.0, quadrants-1.3.3, syrupy-6.1.1
timeout: 1200.0s
timeout method: signal
timeout func_only: False
[1mcollecting ... [0mcollected 18 items / 2 deselected / 16 selected

tests/rigid/test_stress.py::test_native_p2_shared_operators [Genesis 16:35:39] Running on [INTEL(R) XEON(R) PLATINUM 8562Y+] with backend gs.cpu. Device memory: 1006.14 GB.
[Genesis 16:35:39] Genesis initialized. version: 1.4.3, theme: raw, seed: 0, debug: False, precision: 64, performance: False, verbose: INFO
[W 10/10/26 16:35:42.867 410081] QuadrantsWarning
While compiling `ext_arr_to_ndarray_c18_3`, File "/mnt/data/zhaofeng/venvs/rigid-stress-recovery/lib/python3.10/site-packages/quadrants/_kernels.py", line 108, in ext_arr_to_ndarray:
        ndarray[I] = arr[I]
        ^^^^^^^^^^^^^^^^^^^
Assign may lose precision: i32 <- i64
[32mPASSED[0m[Genesis 16:35:43] Exiting Genesis and caching compiled kernels...

tests/rigid/test_stress.py::test_native_batched_recovery_against_full_fp64_direct[direct-False-64-2-False] [Genesis 16:35:46] Running on [INTEL(R) XEON(R) PLATINUM 8562Y+] with backend gs.cpu. Device memory: 1006.14 GB.
[Genesis 16:35:46] Genesis initialized. version: 1.4.3, theme: raw, seed: 0, debug: False, precision: 64, performance: False, verbose: INFO
native method direct False 64 full residual [0.00000000e+00 4.50251366e-12 6.95293732e-12 6.25453517e-12
 6.40478730e-12] relative displacement error [0.00000000e+00 1.80627613e-11 3.67095799e-11 3.99142775e-11
 3.52940387e-11] peak absolute error Pa [0.00000000e+00 5.91026037e-08 4.00847057e-07 3.64911102e-07
 8.74351826e-07] corrections [0 0 0 0 0] fallbacks [0 0 0 0 0]
[32mPASSED[0m[Genesis 16:35:48] Exiting Genesis and caching compiled kernels...

tests/rigid/test_stress.py::test_native_batched_recovery_against_full_fp64_direct[direct-True-64-2-False] [Genesis 16:35:50] Running on [INTEL(R) XEON(R) PLATINUM 8562Y+] with backend gs.cpu. Device memory: 1006.14 GB.
[Genesis 16:35:50] Genesis initialized. version: 1.4.3, theme: raw, seed: 0, debug: False, precision: 64, performance: False, verbose: INFO
native method direct True 64 full residual [0.00000000e+00 4.50251366e-12 6.95293732e-12 6.25453517e-12
 6.40478730e-12] relative displacement error [0.00000000e+00 1.80627613e-11 3.67095799e-11 3.99142775e-11
 3.52940387e-11] peak absolute error Pa [0.00000000e+00 5.91026037e-08 4.00847057e-07 3.64911102e-07
 8.74351826e-07] corrections [0 0 0 0 0] fallbacks [0 0 0 0 0]
[32mPASSED[0m[Genesis 16:35:52] Exiting Genesis and caching compiled kernels...

tests/rigid/test_stress.py::test_native_batched_recovery_against_full_fp64_direct[inverse-True-64-2-False] [Genesis 16:35:55] Running on [INTEL(R) XEON(R) PLATINUM 8562Y+] with backend gs.cpu. Device memory: 1006.14 GB.
[Genesis 16:35:55] Genesis initialized. version: 1.4.3, theme: raw, seed: 0, debug: False, precision: 64, performance: False, verbose: INFO
native method inverse True 64 full residual [0.00000000e+00 1.61363207e-11 2.00371225e-11 1.80396369e-11
 1.63439098e-11] relative displacement error [0.00000000e+00 1.80620776e-11 3.67134942e-11 3.99145441e-11
 3.52973995e-11] peak absolute error Pa [0.00000000e+00 6.20202627e-08 4.07977495e-07 3.61069397e-07
 8.74446414e-07] corrections [0 0 0 0 0] fallbacks [0 0 0 0 0]
[32mPASSED[0m[Genesis 16:35:59] Exiting Genesis and caching compiled kernels...

tests/rigid/test_stress.py::test_native_batched_recovery_against_full_fp64_direct[inverse-True-64-2-True] [Genesis 16:36:02] Running on [INTEL(R) XEON(R) PLATINUM 8562Y+] with backend gs.cpu. Device memory: 1006.14 GB.
[Genesis 16:36:02] Genesis initialized. version: 1.4.3, theme: raw, seed: 0, debug: False, precision: 64, performance: False, verbose: INFO
native method inverse True 64 full residual [0.00000000e+00 3.46608258e-12 4.03454155e-12 3.49835260e-12
 4.77068253e-12] relative displacement error [0.00000000e+00 3.87506966e-11 2.51230542e-11 1.92151832e-11
 3.76385189e-11] peak absolute error Pa [0.00000000e+00 1.45646482e-07 1.17281161e-07 6.40975486e-08
 2.95374775e-07] corrections [0 0 0 0 0] fallbacks [0 0 0 0 0]
[32mPASSED[0m[Genesis 16:36:06] Exiting Genesis and caching compiled kernels...

tests/rigid/test_stress.py::test_native_batched_recovery_against_full_fp64_direct[inverse-True-32-2-False] [Genesis 16:36:09] Running on [INTEL(R) XEON(R) PLATINUM 8562Y+] with backend gs.cpu. Device memory: 1006.14 GB.
[Genesis 16:36:09] Genesis initialized. version: 1.4.3, theme: raw, seed: 0, debug: False, precision: 64, performance: False, verbose: INFO
[W 10/10/26 16:36:12.219 410081] QuadrantsWarning
While compiling `kernel_store_inverse_c746_1`, File "/mnt/home/zhaofeng/workspace/Genesis/.worktrees/rigid-stress-recovery/genesis/engine/solvers/rigid/stress/inverse.py", line 66, in kernel_store_inverse:
        inverse_info.blocks[i, j] = block
        ^^^^^^^^^^^^^^^^^^^^^^^^^^^^^^^^^
Assign may lose precision: f32 <- f64
native method inverse True 32 full residual [0.00000000e+00 3.86497458e-09 4.69178363e-09 4.91181217e-09
 4.33708624e-09] relative displacement error [0.00000000e+00 2.65473671e-11 1.11365097e-11 2.03488220e-11
 1.28042674e-11] peak absolute error Pa [0.00000000e+00 4.51422238e-07 6.36457116e-07 1.73378066e-06
 1.54890586e-07] corrections [0 2 2 2 2] fallbacks [0 0 0 0 0]
[32mPASSED[0m[Genesis 16:36:12] Exiting Genesis and caching compiled kernels...

tests/rigid/test_stress.py::test_native_batched_recovery_against_full_fp64_direct[inverse-True-32-0-False] [Genesis 16:36:15] Running on [INTEL(R) XEON(R) PLATINUM 8562Y+] with backend gs.cpu. Device memory: 1006.14 GB.
[Genesis 16:36:15] Genesis initialized. version: 1.4.3, theme: raw, seed: 0, debug: False, precision: 64, performance: False, verbose: INFO
native method inverse True 32 full residual [0.00000000e+00 4.50251366e-12 6.95293732e-12 6.25453517e-12
 6.40478730e-12] relative displacement error [0.00000000e+00 1.80627613e-11 3.67095799e-11 3.99142775e-11
 3.52940387e-11] peak absolute error Pa [0.00000000e+00 5.91026037e-08 4.00847057e-07 3.64911102e-07
 8.74351826e-07] corrections [0 0 0 0 0] fallbacks [0 1 1 1 1]
[32mPASSED[0m[Genesis 16:36:19] Exiting Genesis and caching compiled kernels...

tests/rigid/test_stress.py::test_native_finite_pressure_matches_independent_cpu[False] [Genesis 16:36:21] Running on [INTEL(R) XEON(R) PLATINUM 8562Y+] with backend gs.cpu. Device memory: 1006.14 GB.
[Genesis 16:36:21] Genesis initialized. version: 1.4.3, theme: raw, seed: 0, debug: False, precision: 64, performance: False, verbose: INFO
patch statuses [[0 0 0 0]
 [0 0 0 0]
 [0 0 0 0]] evaluations [[0 0 0 0]
 [0 0 0 0]
 [0 0 0 0]]
[32mPASSED[0m[Genesis 16:36:24] Exiting Genesis and caching compiled kernels...

tests/rigid/test_stress.py::test_native_finite_pressure_matches_independent_cpu[True] [Genesis 16:36:26] Running on [INTEL(R) XEON(R) PLATINUM 8562Y+] with backend gs.cpu. Device memory: 1006.14 GB.
[Genesis 16:36:26] Genesis initialized. version: 1.4.3, theme: raw, seed: 0, debug: False, precision: 64, performance: False, verbose: INFO
patch statuses [[0 0 0 0]
 [0 0 0 0]
 [0 0 0 0]] evaluations [[0 0 0 0]
 [0 0 0 0]
 [0 0 0 0]]
[32mPASSED[0m[Genesis 16:36:28] Exiting Genesis and caching compiled kernels...

tests/rigid/test_stress.py::test_native_constrained_pressure_and_invalid_inputs[random] [Genesis 16:36:31] Running on [INTEL(R) XEON(R) PLATINUM 8562Y+] with backend gs.cpu. Device memory: 1006.14 GB.
[Genesis 16:36:31] Genesis initialized. version: 1.4.3, theme: raw, seed: 0, debug: False, precision: 64, performance: False, verbose: INFO
[32mPASSED[0m[Genesis 16:36:33] Exiting Genesis and caching compiled kernels...

tests/rigid/test_stress.py::test_native_constrained_pressure_and_invalid_inputs[live_sliding] [Genesis 16:36:36] Running on [INTEL(R) XEON(R) PLATINUM 8562Y+] with backend gs.cpu. Device memory: 1006.14 GB.
[Genesis 16:36:36] Genesis initialized. version: 1.4.3, theme: raw, seed: 0, debug: False, precision: 64, performance: False, verbose: INFO
[32mPASSED[0m[Genesis 16:36:38] Exiting Genesis and caching compiled kernels...

tests/rigid/test_stress.py::test_native_live_apex_wrench_recovery[False] [Genesis 16:36:40] Running on [INTEL(R) XEON(R) PLATINUM 8562Y+] with backend gs.cpu. Device memory: 1006.14 GB.
[Genesis 16:36:40] Genesis initialized. version: 1.4.3, theme: raw, seed: 0, debug: False, precision: 64, performance: False, verbose: INFO
apex False status [[0]] iterations [[92]]
[32mPASSED[0m[Genesis 16:36:46] Exiting Genesis and caching compiled kernels...

tests/rigid/test_stress.py::test_native_live_apex_wrench_recovery[True] [Genesis 16:36:48] Running on [INTEL(R) XEON(R) PLATINUM 8562Y+] with backend gs.cpu. Device memory: 1006.14 GB.
[Genesis 16:36:48] Genesis initialized. version: 1.4.3, theme: raw, seed: 0, debug: False, precision: 64, performance: False, verbose: INFO
apex True status [[0]] iterations [[92]]
[32mPASSED[0m[Genesis 16:36:54] Exiting Genesis and caching compiled kernels...

tests/rigid/test_stress.py::test_native_pcg_iteration_limit_and_freefall[diagonal] [Genesis 16:36:56] Running on [INTEL(R) XEON(R) PLATINUM 8562Y+] with backend gs.cpu. Device memory: 1006.14 GB.
[Genesis 16:36:56] Genesis initialized. version: 1.4.3, theme: raw, seed: 0, debug: False, precision: 64, performance: False, verbose: INFO
[32mPASSED[0m[Genesis 16:36:59] Exiting Genesis and caching compiled kernels...

tests/rigid/test_stress.py::test_native_pcg_iteration_limit_and_freefall[block] [Genesis 16:37:01] Running on [INTEL(R) XEON(R) PLATINUM 8562Y+] with backend gs.cpu. Device memory: 1006.14 GB.
[Genesis 16:37:01] Genesis initialized. version: 1.4.3, theme: raw, seed: 0, debug: False, precision: 64, performance: False, verbose: INFO
[32mPASSED[0m[Genesis 16:37:03] Exiting Genesis and caching compiled kernels...

tests/rigid/test_stress.py::test_native_history_reuse_abrupt_load_and_reset [Genesis 16:37:06] Running on [INTEL(R) XEON(R) PLATINUM 8562Y+] with backend gs.cpu. Device memory: 1006.14 GB.
[Genesis 16:37:06] Genesis initialized. version: 1.4.3, theme: raw, seed: 0, debug: False, precision: 64, performance: False, verbose: INFO
[32mPASSED[0m[Genesis 16:37:11] Exiting Genesis and caching compiled kernels...


============================== slowest durations ===============================

(48 durations < 100s hidden.)
[32m================= [32m[1m16 passed[0m, [33m2 deselected[0m[32m in 94.41s (0:01:34)[0m[32m ==================[0m
