[1m============================= test session starts ==============================[0m
platform linux -- Python 3.10.12, pytest-8.4.2, pluggy-1.6.0 -- /mnt/data/zhaofeng/venvs/rigid-stress-recovery/bin/python
cachedir: .pytest_cache
rootdir: /mnt/home/zhaofeng/workspace/Genesis/.worktrees/rigid-stress-recovery
configfile: pyproject.toml
plugins: anyio-4.15.1, forked-1.7.5, print-1.2.0, timeout-2.4.0, xdist-3.8.0, quadrants-1.3.3, syrupy-6.1.1
timeout: 1200.0s
timeout method: signal
timeout func_only: False
[1mcollecting ... [0mcollected 17 items / 15 deselected / 2 selected

tests/rigid/test_stress.py::test_native_live_apex_wrench_recovery[False] [Genesis 16:14:01] Running on [NVIDIA RTX PRO 6000 Blackwell Server Edition] with backend gs.cuda. Device memory: 94.97 GB.
[Genesis 16:14:01] Genesis initialized. version: 1.4.3, theme: raw, seed: 0, debug: False, precision: 64, performance: False, verbose: INFO
apex False status [[0]] iterations [[14]]
[32mPASSED[0m[Genesis 16:14:18] Exiting Genesis and caching compiled kernels...

tests/rigid/test_stress.py::test_native_live_apex_wrench_recovery[True] [Genesis 16:14:18] Running on [NVIDIA RTX PRO 6000 Blackwell Server Edition] with backend gs.cuda. Device memory: 94.97 GB.
[Genesis 16:14:18] Genesis initialized. version: 1.4.3, theme: raw, seed: 0, debug: False, precision: 64, performance: False, verbose: INFO
apex True status [[0]] iterations [[14]]
[32mPASSED[0m[Genesis 16:14:35] Exiting Genesis and caching compiled kernels...


[33m=============================== warnings summary ===============================[0m
tests/rigid/test_stress.py::test_native_live_apex_wrench_recovery[True]
tests/rigid/test_stress.py::test_native_live_apex_wrench_recovery[True]
  /mnt/home/zhaofeng/workspace/Genesis/.worktrees/rigid-stress-recovery/genesis/engine/solvers/rigid/stress/contact.py:328: SyntaxWarning: You are unrolling more than
                          32 iterations, so the compile time may be extremely long.
                          You can use a non-static for loop if you want to decrease the compile time.
                          You can disable this warning by setting qd.init(unrolling_limit=0).
    for a, b in qd.static(qd.ndrange(6, 6)):

-- Docs: https://docs.pytest.org/en/stable/how-to/capture-warnings.html
============================== slowest durations ===============================

(6 durations < 100s hidden.)
[33m================ [32m2 passed[0m, [33m[1m15 deselected[0m, [33m[1m2 warnings[0m[33m in 34.58s[0m[33m =================[0m
