[Quadrants] version 1.3.3, llvm 22.1.0, commit 00423caa, linux, python 3.10.12
[38;5;226m[Genesis] [22:18:25] [WARNING] (MJCF) Approximating tendon by joint actuator for `finger_joint1`[0m
[38;5;226m[Genesis] [22:18:25] [WARNING] (MJCF) Approximating tendon by joint actuator for `finger_joint2`[0m
[38;5;226m[Genesis] [22:18:25] [WARNING] Neutral robot position (qpos0) exceeds joint limits.[0m
[38;5;226m[Genesis] [22:18:26] [WARNING] Constraint solver time constant should be greater than 2*substep_dt. timeconst is changed from `0.005` to `0.02`). Decrease simulation timestep or increase timeconst to avoid altering the original value.[0m
[38;5;226m[Genesis] [22:18:27] [WARNING] Filtered out geometry pairs causing self-collision for the neutral configuration (qpos0): (6, 11), (7, 11), (14, 21), (15, 20), (16, 23), (17, 22). Consider tuning Morph option 'decompose_robot_error_threshold' or specify dedicated collision meshes. This behavior can be disabled by setting Morph option 'enable_neutral_collision=True'.[0m
libEGL warning: failed to open /dev/dri/renderD135: Permission denied

libEGL warning: failed to open /dev/dri/card8: Permission denied

libEGL warning: failed to open /dev/dri/renderD134: Permission denied

libEGL warning: failed to open /dev/dri/card7: Permission denied

libEGL warning: failed to open /dev/dri/renderD133: Permission denied

libEGL warning: failed to open /dev/dri/card6: Permission denied

libEGL warning: failed to open /dev/dri/renderD132: Permission denied

libEGL warning: failed to open /dev/dri/card5: Permission denied

libEGL warning: failed to open /dev/dri/renderD131: Permission denied

libEGL warning: failed to open /dev/dri/card4: Permission denied

libEGL warning: failed to open /dev/dri/renderD130: Permission denied

libEGL warning: failed to open /dev/dri/card3: Permission denied

libEGL warning: failed to open /dev/dri/renderD129: Permission denied

libEGL warning: failed to open /dev/dri/card2: Permission denied

libEGL warning: failed to open /dev/dri/renderD128: Permission denied

libEGL warning: failed to open /dev/dri/card1: Permission denied

/mnt/data/zhaofeng/projects/workspace/Genesis/rigid-stress-recovery/cache/wrench_reuse_trials/704979/wrench_reuse_generated.py:46: SyntaxWarning: You are unrolling more than
                        32 iterations, so the compile time may be extremely long.
                        You can use a non-static for loop if you want to decrease the compile time.
                        You can disable this warning by setting qd.init(unrolling_limit=0).
  for a, b in qd.static(qd.ndrange(6, 6)):
/mnt/data/zhaofeng/projects/workspace/Genesis/rigid-stress-recovery/cache/wrench_reuse_trials/704979/wrench_reuse_generated.py:46: SyntaxWarning: You are unrolling more than
                        32 iterations, so the compile time may be extremely long.
                        You can use a non-static for loop if you want to decrease the compile time.
                        You can disable this warning by setting qd.init(unrolling_limit=0).
  for a, b in qd.static(qd.ndrange(6, 6)):
{"name": "native_node_tiles", "milliseconds": 3.2265251176431775, "rhs_difference_budget_ratio_max": 1.2686895081519934e-08, "complete_wrench_difference_max": 6.938893903907228e-17, "complete_residual_max_N": 2.497942433365467e-11}
{"name": "integrated_wrench", "milliseconds": 1.5455292724072933, "rhs_difference_budget_ratio_max": 2.3824051494956604e-08, "complete_wrench_difference_max": 8.881784197001252e-16, "complete_residual_max_N": 2.4979424992914136e-11}
