[38;5;226m[Genesis] [00:59:59] [WARNING] At least one of the meshes contain many faces (81920). Consider setting 'morph.decimate=True' to speed up collision detection and improve numerical stability.[0m
[38;5;226m[Genesis] [00:59:59] [WARNING] Beware that SDF pre-processing of mesh (/mnt/data/zhaofeng/projects/workspace/Genesis/rigid-stress-recovery/runs/20261010-final/live/assets/egg_outer.obj) having more than 50000 vertices may take a very long time (>10min) and require large RAM allocation (>20Gb). Please either enable convexify or decimation. (see FileMorph options)[0m
[38;5;226m[Genesis] [01:00:00] [WARNING] (MJCF) Approximating tendon by joint actuator for `finger_joint1`[0m
[38;5;226m[Genesis] [01:00:00] [WARNING] (MJCF) Approximating tendon by joint actuator for `finger_joint2`[0m
[38;5;226m[Genesis] [01:00:00] [WARNING] Neutral robot position (qpos0) exceeds joint limits.[0m
[38;5;226m[Genesis] [01:00:01] [WARNING] Constraint solver time constant should be greater than 2*substep_dt. timeconst is changed from `0.005` to `0.02`). Decrease simulation timestep or increase timeconst to avoid altering the original value.[0m
[38;5;226m[Genesis] [01:00:02] [WARNING] Filtered out geometry pairs causing self-collision for the neutral configuration (qpos0): (7, 12), (8, 12), (15, 22), (16, 21), (17, 24), (18, 23). Consider tuning Morph option 'decompose_robot_error_threshold' or specify dedicated collision meshes. This behavior can be disabled by setting Morph option 'enable_neutral_collision=True'.[0m
{"setup_seconds": 110.69879942573607, "device_factors": {"operator_groups": 1, "factor_precision_copies": 1, "factors": [{"backend": "cuDSS", "allocator": "cudaMallocAsync", "precision": "float64", "version": [0, 8, 0], "nnz": 2322190270, "analysis_seconds": 14.779294101055712, "factorization_seconds": 9.599155249074101, "memory_estimates_bytes": [22152136420, 22152136420, 223518272, 1003828016, 6361768884, 18801040432, 0, 0, 0, 0, 0, 0, 0, 0, 0, 0]}]}}
{"warmup_step": 0}
{"warmup_step": 32}
{"warmup_step": 64}
{"warmup_step": 96}
{"warmup_step": 128}
{"warmup_step": 160}
{"warmup_step": 192}
{"warmup_step": 224}
{"warmup_step": 256}
{"warmup_step": 288}
{"warmup_step": 320}
{"warmup_step": 352}
{"warmup_step": 384}
{"warmup_step": 416}
{"warmup_step": 448}
{"warmup_step": 480}
{"warmup_step": 512}
{"warmup_step": 544}
{"warmup_step": 576}
{"warmup_step": 608}
{"warmup_step": 640}
{"warmup_step": 672}
{"warmup_step": 704}
{"warmup_step": 736}
{"warmup_step": 768}
{"warmup_step": 800}
{"warmup_step": 832}
{"warmup_step": 864}
{"warmup_step": 896}
{"warmup_step": 928}
{"warmup_step": 960}
{"warmup_step": 992}
{"warmup_step": 1024}
{"warmup_step": 1056}
{"warmup_step": 1088}
{"warmup_step": 1120}
{"warmup_step": 1152}
{"warmup_step": 1184}
{"sampled_device_memory_peak_bytes": 101531844608, "device_memory_sample_count": 28641, "device_memory_sample_interval_s": 0.1, "device_memory_accounting": "CUDA device-wide used memory; sampled, includes native/context allocations", "repeat": 0, "scope": "live", "environments": 256, "steps": 1200, "environment_transitions": 307200, "wall_seconds": 2872.4229629477486, "cuda_span_seconds": 2872.40275, "environment_transitions_s": 106.94803793266715, "batch_steps_s": 0.41776577317448105, "policy_transitions": 0, "stress_recoveries": 307200, "reset_environments": 256, "accepted": true, "full_relative_residual_max_including_near_zero": 1.0233552527362918e-05, "full_relative_residual_max_above_absolute_floor": 1.7747809689767116e-10, "full_absolute_residual_max_n": 1.310532660879568e-11, "peak_max_pa": 7898955.60866386, "correction_environment_events": 307200, "fp64_fallback_events": 0, "refinement_events": 0, "torch_peak_allocated_bytes": 55107072, "torch_peak_reserved_bytes": 203423744, "cupy_pool_total_bytes_after_run": 60937182208, "cupy_pool_used_bytes_after_run": 30644411904}
{"sampled_device_memory_peak_bytes": 101531844608, "device_memory_sample_count": 28689, "device_memory_sample_interval_s": 0.1, "device_memory_accounting": "CUDA device-wide used memory; sampled, includes native/context allocations", "repeat": 1, "scope": "live", "environments": 256, "steps": 1200, "environment_transitions": 307200, "wall_seconds": 2873.491120470222, "cuda_span_seconds": 2873.471, "environment_transitions_s": 106.90828233696764, "batch_steps_s": 0.41761047787877986, "policy_transitions": 0, "stress_recoveries": 307200, "reset_environments": 256, "accepted": true, "full_relative_residual_max_including_near_zero": 1.0233552527362918e-05, "full_relative_residual_max_above_absolute_floor": 1.7743440806189316e-10, "full_absolute_residual_max_n": 1.312820021098231e-11, "peak_max_pa": 7898955.608664028, "correction_environment_events": 307200, "fp64_fallback_events": 0, "refinement_events": 0, "torch_peak_allocated_bytes": 55105024, "torch_peak_reserved_bytes": 203423744, "cupy_pool_total_bytes_after_run": 60937182208, "cupy_pool_used_bytes_after_run": 30644411904}
{"sampled_device_memory_peak_bytes": 101531844608, "device_memory_sample_count": 28645, "device_memory_sample_interval_s": 0.1, "device_memory_accounting": "CUDA device-wide used memory; sampled, includes native/context allocations", "repeat": 2, "scope": "live", "environments": 256, "steps": 1200, "environment_transitions": 307200, "wall_seconds": 2874.0144710890017, "cuda_span_seconds": 2873.99475, "environment_transitions_s": 106.88881461463133, "batch_steps_s": 0.41753443208840363, "policy_transitions": 0, "stress_recoveries": 307200, "reset_environments": 256, "accepted": true, "full_relative_residual_max_including_near_zero": 1.0233552527362918e-05, "full_relative_residual_max_above_absolute_floor": 1.7749846395919322e-10, "full_absolute_residual_max_n": 1.3108548498502483e-11, "peak_max_pa": 7898955.60866397, "correction_environment_events": 307200, "fp64_fallback_events": 0, "refinement_events": 0, "torch_peak_allocated_bytes": 55105024, "torch_peak_reserved_bytes": 203423744, "cupy_pool_total_bytes_after_run": 60937182208, "cupy_pool_used_bytes_after_run": 30644411904}
