{"setup_seconds": 146.08630240801722}
Traceback (most recent call last):
  File "/mnt/data/zhaofeng/projects/workspace/Genesis/rigid-stress-recovery/runs/20261009-graph-replay/memory256.py", line 29, in <module>
    out = pipeline.step(tick)
  File "/mnt/home/zhaofeng/workspace/Genesis/.worktrees/rigid-stress-recovery/research/rigid_stress/replay.py", line 124, in step
    self.last_rhs = self.recovery.compatible_rhs(external, frame.omega_rad_s)
  File "/mnt/home/zhaofeng/workspace/Genesis/.worktrees/rigid-stress-recovery/research/rigid_stress/sparse_gpu.py", line 412, in compatible_rhs
    force = external_n - self.centrifugal_load(omega_rad_s)
  File "/mnt/home/zhaofeng/workspace/Genesis/.worktrees/rigid-stress-recovery/research/rigid_stress/inertia_gpu.py", line 31, in __call__
    return self.mass_fields @ coefficients if self.product is None else self.product(coefficients)
  File "/mnt/home/zhaofeng/workspace/Genesis/.worktrees/rigid-stress-recovery/research/rigid_stress/body_gpu.py", line 57, in __call__
    output = cp.empty((rows, environments), dtype=np.float64, order="F")
  File "/mnt/data/zhaofeng/venvs/rigid-stress-recovery/lib/python3.10/site-packages/cupy/_creation/basic.py", line 34, in empty
    return cupy.ndarray(shape, dtype, order=order)
  File "cupy/_core/core.pyx", line 176, in cupy._core.core.ndarray.__new__
  File "cupy/_core/core.pyx", line 282, in cupy._core.core._ndarray_base._init
  File "cupy/cuda/memory.pyx", line 904, in cupy.cuda.memory.alloc
  File "cupy/cuda/memory.pyx", line 1614, in cupy.cuda.memory.MemoryPool.malloc
  File "cupy/cuda/memory.pyx", line 1635, in cupy.cuda.memory.MemoryPool.malloc
  File "cupy/cuda/memory.pyx", line 1350, in cupy.cuda.memory.SingleDeviceMemoryPool.malloc
  File "cupy/cuda/memory.pyx", line 1376, in cupy.cuda.memory.SingleDeviceMemoryPool._malloc
  File "cupy/cuda/memory.pyx", line 1560, in cupy.cuda.memory.SingleDeviceMemoryPool._try_malloc
cupy.cuda.memory.OutOfMemoryError: Out of memory allocating 5,033,226,240 bytes (allocated so far: 59,211,272,192 bytes).
