{"setup_seconds": 142.81041159387678}
{"tick": 0, "peak_error": 1.4347933936833414e-13}
Traceback (most recent call last):
  File "/mnt/data/zhaofeng/projects/workspace/Genesis/rigid-stress-recovery/runs/20261009-graph-replay/memory256.py", line 31, in <module>
    out = pipeline.step(tick)
  File "/mnt/home/zhaofeng/workspace/Genesis/.worktrees/rigid-stress-recovery/research/rigid_stress/replay.py", line 124, in step
    self.last_rhs = self.recovery.compatible_rhs(external, frame.omega_rad_s)
  File "/mnt/home/zhaofeng/workspace/Genesis/.worktrees/rigid-stress-recovery/research/rigid_stress/sparse_gpu.py", line 415, in compatible_rhs
    return force - self.mass_mode_product(self.gram_inverse @ self.wrench_product(force))
  File "cupy/_core/core.pyx", line 1574, in cupy._core.core._ndarray_base.__sub__
  File "cupy/_core/_kernel.pyx", line 1374, in cupy._core._kernel.ufunc.__call__
  File "cupy/_core/_kernel.pyx", line 657, in cupy._core._kernel._get_out_args_from_optionals
  File "cupy/_core/core.pyx", line 3342, in cupy._core.core._ndarray_init
  File "cupy/_core/core.pyx", line 300, in cupy._core.core._ndarray_base._init_fast
  File "cupy/cuda/memory.pyx", line 904, in cupy.cuda.memory.alloc
  File "cupy/cuda/memory.pyx", line 1614, in cupy.cuda.memory.MemoryPool.malloc
  File "cupy/cuda/memory.pyx", line 1635, in cupy.cuda.memory.MemoryPool.malloc
  File "cupy/cuda/memory.pyx", line 1350, in cupy.cuda.memory.SingleDeviceMemoryPool.malloc
  File "cupy/cuda/memory.pyx", line 1376, in cupy.cuda.memory.SingleDeviceMemoryPool._malloc
  File "cupy/cuda/memory.pyx", line 1560, in cupy.cuda.memory.SingleDeviceMemoryPool._try_malloc
cupy.cuda.memory.OutOfMemoryError: Out of memory allocating 5,033,226,240 bytes (allocated so far: 62,387,731,456 bytes).
