[38;5;226m[Genesis] [06:00:31] [WARNING] (MJCF) Approximating tendon by joint actuator for `finger_joint1`[0m
[38;5;226m[Genesis] [06:00:31] [WARNING] (MJCF) Approximating tendon by joint actuator for `finger_joint2`[0m
[38;5;226m[Genesis] [06:00:32] [WARNING] Neutral robot position (qpos0) exceeds joint limits.[0m
[38;5;226m[Genesis] [06:00:32] [WARNING] Constraint solver time constant should be greater than 2*substep_dt. timeconst is changed from `0.005` to `0.02`). Decrease simulation timestep or increase timeconst to avoid altering the original value.[0m
[38;5;226m[Genesis] [06:00:33] [WARNING] Filtered out geometry pairs causing self-collision for the neutral configuration (qpos0): (6, 11), (7, 11), (14, 21), (15, 20), (16, 23), (17, 22). Consider tuning Morph option 'decompose_robot_error_threshold' or specify dedicated collision meshes. This behavior can be disabled by setting Morph option 'enable_neutral_collision=True'.[0m
tick 0
tick 100
tick 200
tick 300
tick 400
tick 500
tick 600
Traceback (most recent call last):
  File "/mnt/data/zhaofeng/projects/workspace/Genesis/rigid-stress-recovery/runs/20261010-native-iteration/debug_live_large.py", line 14, in <module>
    w.scene.rigid_solver.check_errno()
  File "/mnt/home/zhaofeng/workspace/Genesis/.worktrees/rigid-stress-recovery/genesis/engine/solvers/rigid/rigid_solver.py", line 1456, in check_errno
    gs.raise_exception("A finite stress footprint cannot preserve its contact wrench or friction cone.")
  File "/mnt/home/zhaofeng/workspace/Genesis/.worktrees/rigid-stress-recovery/genesis/utils/misc.py", line 43, in raise_exception
    raise gs.GenesisException(msg)
genesis.GenesisException: A finite stress footprint cannot preserve its contact wrench or friction cone.

[38;5;9m[Genesis] [06:01:15] [ERROR] GenesisException: A finite stress footprint cannot preserve its contact wrench or friction cone.[0m
