[1m============================= test session starts ==============================[0m
platform linux -- Python 3.10.12, pytest-8.4.2, pluggy-1.6.0
rootdir: /mnt/home/zhaofeng/workspace/Genesis/.worktrees/rigid-stress-recovery
configfile: pyproject.toml
plugins: anyio-4.15.1, forked-1.7.5, print-1.2.0, timeout-2.4.0, xdist-3.8.0, quadrants-1.3.3, syrupy-6.1.1
timeout: 1200.0s
timeout method: signal
timeout func_only: False
collected 15 items / 2 deselected / 13 selected

tests/rigid/test_stress.py [Genesis 06:51:30] Running on [INTEL(R) XEON(R) PLATINUM 8562Y+] with backend gs.cpu. Device memory: 1006.14 GB.
[Genesis 06:51:30] Genesis initialized. version: 1.4.3, theme: raw, seed: 0, debug: False, precision: 64, performance: False, verbose: INFO
[32m.[0m[Genesis 06:51:34] Exiting Genesis and caching compiled kernels...
[Genesis 06:51:36] Running on [INTEL(R) XEON(R) PLATINUM 8562Y+] with backend gs.cpu. Device memory: 1006.14 GB.
[Genesis 06:51:36] Genesis initialized. version: 1.4.3, theme: raw, seed: 0, debug: False, precision: 64, performance: False, verbose: INFO
native method direct False 64 full residual [0.00000000e+00 4.50251366e-12 6.95293732e-12 6.25453517e-12
 6.40478730e-12] relative displacement error [0.00000000e+00 1.80627613e-11 3.67095799e-11 3.99142775e-11
 3.52940387e-11] peak absolute error Pa [0.00000000e+00 5.91026037e-08 4.00847057e-07 3.64911102e-07
 8.74351826e-07] corrections [0 0 0 0 0] fallbacks [0 0 0 0 0]
[32m.[0m[Genesis 06:51:39] Exiting Genesis and caching compiled kernels...
[Genesis 06:51:41] Running on [INTEL(R) XEON(R) PLATINUM 8562Y+] with backend gs.cpu. Device memory: 1006.14 GB.
[Genesis 06:51:41] Genesis initialized. version: 1.4.3, theme: raw, seed: 0, debug: False, precision: 64, performance: False, verbose: INFO
native method direct True 64 full residual [0.00000000e+00 4.50251366e-12 6.95293732e-12 6.25453517e-12
 6.40478730e-12] relative displacement error [0.00000000e+00 1.80627613e-11 3.67095799e-11 3.99142775e-11
 3.52940387e-11] peak absolute error Pa [0.00000000e+00 5.91026037e-08 4.00847057e-07 3.64911102e-07
 8.74351826e-07] corrections [0 0 0 0 0] fallbacks [0 0 0 0 0]
[32m.[0m[Genesis 06:51:43] Exiting Genesis and caching compiled kernels...
[Genesis 06:51:46] Running on [INTEL(R) XEON(R) PLATINUM 8562Y+] with backend gs.cpu. Device memory: 1006.14 GB.
[Genesis 06:51:46] Genesis initialized. version: 1.4.3, theme: raw, seed: 0, debug: False, precision: 64, performance: False, verbose: INFO
native method inverse True 64 full residual [0.00000000e+00 1.61363207e-11 2.00371225e-11 1.80396369e-11
 1.63439098e-11] relative displacement error [0.00000000e+00 1.80620776e-11 3.67134942e-11 3.99145441e-11
 3.52973995e-11] peak absolute error Pa [0.00000000e+00 6.20202627e-08 4.07977495e-07 3.61069397e-07
 8.74446414e-07] corrections [0 0 0 0 0] fallbacks [0 0 0 0 0]
[32m.[0m[Genesis 06:51:50] Exiting Genesis and caching compiled kernels...
[Genesis 06:51:53] Running on [INTEL(R) XEON(R) PLATINUM 8562Y+] with backend gs.cpu. Device memory: 1006.14 GB.
[Genesis 06:51:53] Genesis initialized. version: 1.4.3, theme: raw, seed: 0, debug: False, precision: 64, performance: False, verbose: INFO
native method inverse True 32 full residual [0.00000000e+00 3.86497458e-09 4.69178363e-09 4.91181217e-09
 4.33708624e-09] relative displacement error [0.00000000e+00 2.65473671e-11 1.11365097e-11 2.03488220e-11
 1.28042674e-11] peak absolute error Pa [0.00000000e+00 4.51422238e-07 6.36457116e-07 1.73378066e-06
 1.54890586e-07] corrections [0 2 2 2 2] fallbacks [0 0 0 0 0]
[32m.[0m[Genesis 06:51:56] Exiting Genesis and caching compiled kernels...
[Genesis 06:51:59] Running on [INTEL(R) XEON(R) PLATINUM 8562Y+] with backend gs.cpu. Device memory: 1006.14 GB.
[Genesis 06:51:59] Genesis initialized. version: 1.4.3, theme: raw, seed: 0, debug: False, precision: 64, performance: False, verbose: INFO
native method inverse True 32 full residual [0.00000000e+00 4.50251366e-12 6.95293732e-12 6.25453517e-12
 6.40478730e-12] relative displacement error [0.00000000e+00 1.80627613e-11 3.67095799e-11 3.99142775e-11
 3.52940387e-11] peak absolute error Pa [0.00000000e+00 5.91026037e-08 4.00847057e-07 3.64911102e-07
 8.74351826e-07] corrections [0 0 0 0 0] fallbacks [0 1 1 1 1]
[32m.[0m[Genesis 06:52:03] Exiting Genesis and caching compiled kernels...
[Genesis 06:52:05] Running on [INTEL(R) XEON(R) PLATINUM 8562Y+] with backend gs.cpu. Device memory: 1006.14 GB.
[Genesis 06:52:05] Genesis initialized. version: 1.4.3, theme: raw, seed: 0, debug: False, precision: 64, performance: False, verbose: INFO
patch statuses [[0 0 0 0]
 [0 0 0 0]
 [0 0 0 0]] evaluations [[0 0 0 0]
 [0 0 0 0]
 [0 0 0 0]]
[32m.[0m[Genesis 06:52:07] Exiting Genesis and caching compiled kernels...
[Genesis 06:52:10] Running on [INTEL(R) XEON(R) PLATINUM 8562Y+] with backend gs.cpu. Device memory: 1006.14 GB.
[Genesis 06:52:10] Genesis initialized. version: 1.4.3, theme: raw, seed: 0, debug: False, precision: 64, performance: False, verbose: INFO
[32m.[0m[Genesis 06:52:11] Exiting Genesis and caching compiled kernels...
[Genesis 06:52:14] Running on [INTEL(R) XEON(R) PLATINUM 8562Y+] with backend gs.cpu. Device memory: 1006.14 GB.
[Genesis 06:52:14] Genesis initialized. version: 1.4.3, theme: raw, seed: 0, debug: False, precision: 64, performance: False, verbose: INFO
[32m.[0m[Genesis 06:52:15] Exiting Genesis and caching compiled kernels...
[Genesis 06:52:18] Running on [INTEL(R) XEON(R) PLATINUM 8562Y+] with backend gs.cpu. Device memory: 1006.14 GB.
[Genesis 06:52:18] Genesis initialized. version: 1.4.3, theme: raw, seed: 0, debug: False, precision: 64, performance: False, verbose: INFO
[32m.[0m[Genesis 06:52:19] Exiting Genesis and caching compiled kernels...
[Genesis 06:52:22] Running on [INTEL(R) XEON(R) PLATINUM 8562Y+] with backend gs.cpu. Device memory: 1006.14 GB.
[Genesis 06:52:22] Genesis initialized. version: 1.4.3, theme: raw, seed: 0, debug: False, precision: 64, performance: False, verbose: INFO
[32m.[0m[Genesis 06:52:24] Exiting Genesis and caching compiled kernels...
[Genesis 06:52:27] Running on [INTEL(R) XEON(R) PLATINUM 8562Y+] with backend gs.cpu. Device memory: 1006.14 GB.
[Genesis 06:52:27] Genesis initialized. version: 1.4.3, theme: raw, seed: 0, debug: False, precision: 64, performance: False, verbose: INFO
[32m.[0m[Genesis 06:52:29] Exiting Genesis and caching compiled kernels...
[Genesis 06:52:32] Running on [INTEL(R) XEON(R) PLATINUM 8562Y+] with backend gs.cpu. Device memory: 1006.14 GB.
[Genesis 06:52:32] Genesis initialized. version: 1.4.3, theme: raw, seed: 0, debug: False, precision: 64, performance: False, verbose: INFO
[32m.[0m[Genesis 06:52:36] Exiting Genesis and caching compiled kernels...


============================== slowest durations ===============================

(39 durations < 100s hidden.)
[32m================= [32m[1m13 passed[0m, [33m2 deselected[0m[32m in 69.04s (0:01:09)[0m[32m ==================[0m
