[1m============================= test session starts ==============================[0m
platform linux -- Python 3.10.12, pytest-8.4.2, pluggy-1.6.0
rootdir: /mnt/home/zhaofeng/workspace/Genesis/.worktrees/rigid-stress-recovery
configfile: pyproject.toml
plugins: anyio-4.15.1, forked-1.7.5, print-1.2.0, timeout-2.4.0, xdist-3.8.0, quadrants-1.3.3, syrupy-6.1.1
timeout: 1200.0s
timeout method: signal
timeout func_only: False
collected 14 items

tests/rigid/test_stress.py [Genesis 06:32:41] Running on [NVIDIA RTX PRO 6000 Blackwell Server Edition] with backend gs.cuda. Device memory: 94.97 GB.
[Genesis 06:32:41] Genesis initialized. version: 1.4.3, theme: raw, seed: 0, debug: False, precision: 64, performance: False, verbose: INFO
[32m.[0m[Genesis 06:32:55] Exiting Genesis and caching compiled kernels...
[Genesis 06:32:56] Running on [NVIDIA RTX PRO 6000 Blackwell Server Edition] with backend gs.cuda. Device memory: 94.97 GB.
[Genesis 06:32:56] Genesis initialized. version: 1.4.3, theme: raw, seed: 0, debug: False, precision: 64, performance: False, verbose: INFO
native method direct False 64 full residual [0.00000000e+00 5.22582072e-12 6.86506498e-12 5.99935961e-12
 5.02860572e-12] relative displacement error [0.00000000e+00 1.55622354e-11 2.78902472e-11 3.03557983e-11
 1.98256012e-11] peak absolute error Pa [0.00000000e+00 2.02082447e-07 1.88971171e-07 1.80596544e-07
 6.10969437e-07] corrections [0 0 0 0 0] fallbacks [0 0 0 0 0]
[32m.[0m[Genesis 06:33:11] Exiting Genesis and caching compiled kernels...
[Genesis 06:33:11] Running on [NVIDIA RTX PRO 6000 Blackwell Server Edition] with backend gs.cuda. Device memory: 94.97 GB.
[Genesis 06:33:11] Genesis initialized. version: 1.4.3, theme: raw, seed: 0, debug: False, precision: 64, performance: False, verbose: INFO
native method direct True 64 full residual [0.00000000e+00 4.25006183e-12 7.23854856e-12 5.63098166e-12
 4.64191229e-12] relative displacement error [0.00000000e+00 1.45465270e-11 3.33258788e-11 2.56194019e-11
 2.00973421e-11] peak absolute error Pa [0.00000000e+00 1.21923222e-07 1.00881152e-07 1.09263055e-07
 2.00750947e-07] corrections [0 0 0 0 0] fallbacks [0 0 0 0 0]
[32m.[0m[Genesis 06:33:26] Exiting Genesis and caching compiled kernels...
[Genesis 06:33:26] Running on [NVIDIA RTX PRO 6000 Blackwell Server Edition] with backend gs.cuda. Device memory: 94.97 GB.
[Genesis 06:33:26] Genesis initialized. version: 1.4.3, theme: raw, seed: 0, debug: False, precision: 64, performance: False, verbose: INFO
native method inverse True 64 full residual [0.00000000e+00 2.26718816e-11 4.15787024e-11 3.31720442e-11
 3.65009443e-11] relative displacement error [0.00000000e+00 1.49686228e-11 3.24846958e-11 3.14083474e-11
 2.64058264e-11] peak absolute error Pa [0.00000000e+00 2.84759153e-07 2.11657607e-08 1.72200089e-07
 4.71547537e-07] corrections [0 0 0 0 0] fallbacks [0 0 0 0 0]
[32m.[0m[Genesis 06:33:41] Exiting Genesis and caching compiled kernels...
[Genesis 06:33:41] Running on [NVIDIA RTX PRO 6000 Blackwell Server Edition] with backend gs.cuda. Device memory: 94.97 GB.
[Genesis 06:33:41] Genesis initialized. version: 1.4.3, theme: raw, seed: 0, debug: False, precision: 64, performance: False, verbose: INFO
native method inverse True 32 full residual [0.00000000e+00 5.09385932e-12 8.10194024e-12 6.21812863e-12
 5.00440061e-12] relative displacement error [0.00000000e+00 1.77847286e-11 4.14007275e-11 2.54678448e-11
 2.17017293e-11] peak absolute error Pa [0.00000000e+00 1.00451871e-07 3.66126187e-08 2.71909812e-07
 3.85771273e-07] corrections [0 2 2 2 2] fallbacks [0 1 1 1 1]
[32m.[0m[Genesis 06:33:56] Exiting Genesis and caching compiled kernels...
[Genesis 06:33:57] Running on [NVIDIA RTX PRO 6000 Blackwell Server Edition] with backend gs.cuda. Device memory: 94.97 GB.
[Genesis 06:33:57] Genesis initialized. version: 1.4.3, theme: raw, seed: 0, debug: False, precision: 64, performance: False, verbose: INFO
patch statuses [[0 0 0 0]
 [0 0 0 0]
 [0 0 0 0]] evaluations [[0 0 0 0]
 [0 0 0 0]
 [0 0 0 0]]
[32m.[0m[Genesis 06:33:58] Exiting Genesis and caching compiled kernels...
[Genesis 06:33:58] Running on [NVIDIA RTX PRO 6000 Blackwell Server Edition] with backend gs.cuda. Device memory: 94.97 GB.
[Genesis 06:33:58] Genesis initialized. version: 1.4.3, theme: raw, seed: 0, debug: False, precision: 64, performance: False, verbose: INFO
[32m.[0m[Genesis 06:34:00] Exiting Genesis and caching compiled kernels...
[Genesis 06:34:00] Running on [NVIDIA RTX PRO 6000 Blackwell Server Edition] with backend gs.cuda. Device memory: 94.97 GB.
[Genesis 06:34:00] Genesis initialized. version: 1.4.3, theme: raw, seed: 0, debug: False, precision: 64, performance: False, verbose: INFO
[32m.[0m[Genesis 06:34:02] Exiting Genesis and caching compiled kernels...
[Genesis 06:34:02] Running on [NVIDIA RTX PRO 6000 Blackwell Server Edition] with backend gs.cuda. Device memory: 94.97 GB.
[Genesis 06:34:02] Genesis initialized. version: 1.4.3, theme: raw, seed: 0, debug: False, precision: 64, performance: False, verbose: INFO
[32m.[0m[Genesis 06:34:03] Exiting Genesis and caching compiled kernels...
[Genesis 06:34:04] Running on [NVIDIA RTX PRO 6000 Blackwell Server Edition] with backend gs.cuda. Device memory: 94.97 GB.
[Genesis 06:34:04] Genesis initialized. version: 1.4.3, theme: raw, seed: 0, debug: False, precision: 64, performance: False, verbose: INFO
[32m.[0m[Genesis 06:34:05] Exiting Genesis and caching compiled kernels...
[Genesis 06:34:06] Running on [NVIDIA RTX PRO 6000 Blackwell Server Edition] with backend gs.cuda. Device memory: 94.97 GB.
[Genesis 06:34:06] Genesis initialized. version: 1.4.3, theme: raw, seed: 0, debug: False, precision: 64, performance: False, verbose: INFO
[32m.[0m[Genesis 06:34:07] Exiting Genesis and caching compiled kernels...
[Genesis 06:34:08] Running on [NVIDIA RTX PRO 6000 Blackwell Server Edition] with backend gs.cuda. Device memory: 94.97 GB.
[Genesis 06:34:08] Genesis initialized. version: 1.4.3, theme: raw, seed: 0, debug: False, precision: 64, performance: False, verbose: INFO
[Genesis 06:34:08] Scene <788b477> created.
[Genesis 06:34:08] Adding <gs.engine.entities.RigidEntity> 'plane_1d3d21c'. idx: 0, morph: <gs.morphs.Plane>, material: <gs.materials.Rigid>.
[Genesis 06:34:08] Adding <gs.engine.entities.RigidEntity> 'shell_17b9c49'. idx: 1, morph: <gs.morphs.Mesh(file='/mnt/data/zhaofeng/projects/workspace/Genesis/rigid-stress-recovery/runs/20261010-native-iteration/tmp/pytest-of-zhaofeng/pytest-19/test_native_rigid_lifecycle_an0/shell.obj')>, material: <gs.materials.Rigid>.
[Genesis 06:34:08] Building scene <788b477>...
[Genesis 06:34:24] Compiling simulation kernels...
[Genesis 06:34:28] Building visualizer...
[Genesis 06:34:30] Running at 850.92 FPS (283.64 FPS per env, 3 envs).
actual rotated contacts substeps 1 peak error Pa [-1.59328920e-06 -1.61511707e-06 -1.59733463e-06]
[Genesis 06:34:30] Scene <524134e> created.
[Genesis 06:34:30] Adding <gs.engine.entities.RigidEntity> 'plane_8a35189'. idx: 0, morph: <gs.morphs.Plane>, material: <gs.materials.Rigid>.
[Genesis 06:34:30] Adding <gs.engine.entities.RigidEntity> 'shell_f18e69d'. idx: 1, morph: <gs.morphs.Mesh(file='/mnt/data/zhaofeng/projects/workspace/Genesis/rigid-stress-recovery/runs/20261010-native-iteration/tmp/pytest-of-zhaofeng/pytest-19/test_native_rigid_lifecycle_an0/shell.obj')>, material: <gs.materials.Rigid>.
[Genesis 06:34:30] Building scene <524134e>...
[Genesis 06:34:30] Compiling simulation kernels...
[Genesis 06:34:31] Building visualizer...
[32m.[0m[Genesis 06:34:31] Exiting Genesis and caching compiled kernels...
[Genesis 06:34:32] Running on [NVIDIA RTX PRO 6000 Blackwell Server Edition] with backend gs.cuda. Device memory: 94.97 GB.
[Genesis 06:34:32] Genesis initialized. version: 1.4.3, theme: raw, seed: 0, debug: False, precision: 64, performance: False, verbose: INFO
[Genesis 06:34:32] Scene <236e0d9> created.
[Genesis 06:34:32] Adding <gs.engine.entities.RigidEntity> 'plane_c342587'. idx: 0, morph: <gs.morphs.Plane>, material: <gs.materials.Rigid>.
[Genesis 06:34:32] Adding <gs.engine.entities.RigidEntity> 'shell_be091b1'. idx: 1, morph: <gs.morphs.Mesh(file='/mnt/data/zhaofeng/projects/workspace/Genesis/rigid-stress-recovery/runs/20261010-native-iteration/tmp/pytest-of-zhaofeng/pytest-19/test_native_rigid_lifecycle_an1/shell.obj')>, material: <gs.materials.Rigid>.
[Genesis 06:34:32] Building scene <236e0d9>...
[Genesis 06:34:47] Compiling simulation kernels...
[Genesis 06:34:50] Building visualizer...
[Genesis 06:34:50] Running at 235.50 FPS (78.50 FPS per env, 3 envs).
[Genesis 06:34:50] Running at 234.86 FPS (78.29 FPS per env, 3 envs).
[Genesis 06:34:50] Running at 234.40 FPS (78.13 FPS per env, 3 envs).
[Genesis 06:34:50] Running at 233.99 FPS (78.00 FPS per env, 3 envs).
[Genesis 06:34:50] Running at 233.62 FPS (77.87 FPS per env, 3 envs).
[Genesis 06:34:50] Running at 233.25 FPS (77.75 FPS per env, 3 envs).
[Genesis 06:34:50] Running at 232.61 FPS (77.54 FPS per env, 3 envs).
actual rotated contacts substeps 4 peak error Pa [-1.68934639e-06 -1.68663973e-06 -1.70797284e-06]
[Genesis 06:34:50] Scene <2f2eca6> created.
[Genesis 06:34:50] Adding <gs.engine.entities.RigidEntity> 'plane_39166c8'. idx: 0, morph: <gs.morphs.Plane>, material: <gs.materials.Rigid>.
[Genesis 06:34:50] Adding <gs.engine.entities.RigidEntity> 'shell_aff7d83'. idx: 1, morph: <gs.morphs.Mesh(file='/mnt/data/zhaofeng/projects/workspace/Genesis/rigid-stress-recovery/runs/20261010-native-iteration/tmp/pytest-of-zhaofeng/pytest-19/test_native_rigid_lifecycle_an1/shell.obj')>, material: <gs.materials.Rigid>.
[Genesis 06:34:50] Building scene <2f2eca6>...
[Genesis 06:34:51] Compiling simulation kernels...
[Genesis 06:34:51] Building visualizer...
[Genesis 06:34:51] Running at 702.11 FPS (234.04 FPS per env, 3 envs).
[Genesis 06:34:52] Running at 702.77 FPS (234.26 FPS per env, 3 envs).
[32m.[0m[Genesis 06:34:52] Exiting Genesis and caching compiled kernels...
[Genesis 06:34:52] Running on [NVIDIA RTX PRO 6000 Blackwell Server Edition] with backend gs.cuda. Device memory: 94.97 GB.
[Genesis 06:34:52] Genesis initialized. version: 1.4.3, theme: raw, seed: 0, debug: False, precision: 64, performance: False, verbose: INFO
[32m.[0m[Genesis 06:35:07] Exiting Genesis and caching compiled kernels...


============================== slowest durations ===============================

(42 durations < 100s hidden.)
[32m======================== [32m[1m14 passed[0m[32m in 147.17s (0:02:27)[0m[32m ========================[0m
