[1m============================= test session starts ==============================[0m
platform linux -- Python 3.10.12, pytest-8.4.2, pluggy-1.6.0
rootdir: /mnt/home/zhaofeng/workspace/Genesis/.worktrees/rigid-stress-recovery
configfile: pyproject.toml
plugins: anyio-4.15.1, forked-1.7.5, print-1.2.0, timeout-2.4.0, xdist-3.8.0, quadrants-1.3.3, syrupy-6.1.1
timeout: 1200.0s
timeout method: signal
timeout func_only: False
collected 12 items / 2 deselected / 10 selected

tests/rigid/test_stress.py [Genesis 05:57:11] Running on [INTEL(R) XEON(R) PLATINUM 8562Y+] with backend gs.cpu. Device memory: 1006.31 GB.
[Genesis 05:57:11] Genesis initialized. version: 1.4.3, theme: raw, seed: 0, debug: False, precision: 64, performance: False, verbose: INFO
[32m.[0m[Genesis 05:57:15] Exiting Genesis and caching compiled kernels...
[Genesis 05:57:18] Running on [INTEL(R) XEON(R) PLATINUM 8562Y+] with backend gs.cpu. Device memory: 1006.31 GB.
[Genesis 05:57:18] Genesis initialized. version: 1.4.3, theme: raw, seed: 0, debug: False, precision: 64, performance: False, verbose: INFO
native iterations [1 1 1 1 1] full residual [0.00000000e+00 4.50251366e-12 6.95293732e-12 6.25453517e-12
 6.40478730e-12]
[32m.[0m[Genesis 05:57:20] Exiting Genesis and caching compiled kernels...
[Genesis 05:57:23] Running on [INTEL(R) XEON(R) PLATINUM 8562Y+] with backend gs.cpu. Device memory: 1006.31 GB.
[Genesis 05:57:23] Genesis initialized. version: 1.4.3, theme: raw, seed: 0, debug: False, precision: 64, performance: False, verbose: INFO
native iterations [1 1 1 1 1] full residual [0.00000000e+00 4.50251366e-12 6.95293732e-12 6.25453517e-12
 6.40478730e-12]
[32m.[0m[Genesis 05:57:25] Exiting Genesis and caching compiled kernels...
[Genesis 05:57:28] Running on [INTEL(R) XEON(R) PLATINUM 8562Y+] with backend gs.cpu. Device memory: 1006.31 GB.
[Genesis 05:57:28] Genesis initialized. version: 1.4.3, theme: raw, seed: 0, debug: False, precision: 64, performance: False, verbose: INFO
native iterations [1 1 1 1 1] full residual [0.00000000e+00 1.61363207e-11 2.00371225e-11 1.80396369e-11
 1.63439098e-11]
[32m.[0m[Genesis 05:57:32] Exiting Genesis and caching compiled kernels...
[Genesis 05:57:34] Running on [INTEL(R) XEON(R) PLATINUM 8562Y+] with backend gs.cpu. Device memory: 1006.31 GB.
[Genesis 05:57:34] Genesis initialized. version: 1.4.3, theme: raw, seed: 0, debug: False, precision: 64, performance: False, verbose: INFO
[W 10/10/26 05:57:38.155 2818028] QuadrantsWarning
While compiling `kernel_store_inverse_c728_1`, File "/mnt/home/zhaofeng/workspace/Genesis/.worktrees/rigid-stress-recovery/genesis/engine/solvers/rigid/stress/inverse.py", line 66, in kernel_store_inverse:
        inverse_info.blocks[i, j] = block
        ^^^^^^^^^^^^^^^^^^^^^^^^^^^^^^^^^
Assign may lose precision: f32 <- f64
native iterations [1 1 1 1 1] full residual [0.00000000e+00 4.50251366e-12 6.95293732e-12 6.25453517e-12
 6.40478730e-12]
[32m.[0m[Genesis 05:57:38] Exiting Genesis and caching compiled kernels...
[Genesis 05:57:41] Running on [INTEL(R) XEON(R) PLATINUM 8562Y+] with backend gs.cpu. Device memory: 1006.31 GB.
[Genesis 05:57:41] Genesis initialized. version: 1.4.3, theme: raw, seed: 0, debug: False, precision: 64, performance: False, verbose: INFO
patch statuses [[0 0 0 0]
 [0 0 0 0]
 [0 0 0 0]] evaluations [[0 0 0 0]
 [0 0 0 0]
 [0 0 0 0]]
[32m.[0m[Genesis 05:57:43] Exiting Genesis and caching compiled kernels...
[Genesis 05:57:46] Running on [INTEL(R) XEON(R) PLATINUM 8562Y+] with backend gs.cpu. Device memory: 1006.31 GB.
[Genesis 05:57:46] Genesis initialized. version: 1.4.3, theme: raw, seed: 0, debug: False, precision: 64, performance: False, verbose: INFO
[32m.[0m[Genesis 05:57:48] Exiting Genesis and caching compiled kernels...
[Genesis 05:57:50] Running on [INTEL(R) XEON(R) PLATINUM 8562Y+] with backend gs.cpu. Device memory: 1006.31 GB.
[Genesis 05:57:50] Genesis initialized. version: 1.4.3, theme: raw, seed: 0, debug: False, precision: 64, performance: False, verbose: INFO
[32m.[0m[Genesis 05:57:52] Exiting Genesis and caching compiled kernels...
[Genesis 05:57:55] Running on [INTEL(R) XEON(R) PLATINUM 8562Y+] with backend gs.cpu. Device memory: 1006.31 GB.
[Genesis 05:57:55] Genesis initialized. version: 1.4.3, theme: raw, seed: 0, debug: False, precision: 64, performance: False, verbose: INFO
[32m.[0m[Genesis 05:57:58] Exiting Genesis and caching compiled kernels...
[Genesis 05:58:00] Running on [INTEL(R) XEON(R) PLATINUM 8562Y+] with backend gs.cpu. Device memory: 1006.31 GB.
[Genesis 05:58:00] Genesis initialized. version: 1.4.3, theme: raw, seed: 0, debug: False, precision: 64, performance: False, verbose: INFO
[32m.[0m[Genesis 05:58:04] Exiting Genesis and caching compiled kernels...


============================== slowest durations ===============================

(30 durations < 100s hidden.)
[32m====================== [32m[1m10 passed[0m, [33m2 deselected[0m[32m in 56.52s[0m[32m =======================[0m
