[1m============================= test session starts ==============================[0m
platform linux -- Python 3.10.12, pytest-8.4.2, pluggy-1.6.0
rootdir: /mnt/home/zhaofeng/workspace/Genesis/.worktrees/rigid-stress-recovery
configfile: pyproject.toml
plugins: anyio-4.15.1, forked-1.7.5, print-1.2.0, timeout-2.4.0, xdist-3.8.0, quadrants-1.3.3, syrupy-6.1.1
timeout: 1200.0s
timeout method: signal
timeout func_only: False
collected 16 items / 2 deselected / 14 selected

tests/rigid/test_stress.py [Genesis 07:15:59] Running on [INTEL(R) XEON(R) PLATINUM 8562Y+] with backend gs.cpu. Device memory: 1006.14 GB.
[Genesis 07:15:59] Genesis initialized. version: 1.4.3, theme: raw, seed: 0, debug: False, precision: 64, performance: False, verbose: INFO
[32m.[0m[Genesis 07:16:03] Exiting Genesis and caching compiled kernels...
[Genesis 07:16:05] Running on [INTEL(R) XEON(R) PLATINUM 8562Y+] with backend gs.cpu. Device memory: 1006.14 GB.
[Genesis 07:16:05] Genesis initialized. version: 1.4.3, theme: raw, seed: 0, debug: False, precision: 64, performance: False, verbose: INFO
native method direct False 64 full residual [0.00000000e+00 4.50251366e-12 6.95293732e-12 6.25453517e-12
 6.40478730e-12] relative displacement error [0.00000000e+00 1.80627613e-11 3.67095799e-11 3.99142775e-11
 3.52940387e-11] peak absolute error Pa [0.00000000e+00 5.91026037e-08 4.00847057e-07 3.64911102e-07
 8.74351826e-07] corrections [0 0 0 0 0] fallbacks [0 0 0 0 0]
[32m.[0m[Genesis 07:16:07] Exiting Genesis and caching compiled kernels...
[Genesis 07:16:10] Running on [INTEL(R) XEON(R) PLATINUM 8562Y+] with backend gs.cpu. Device memory: 1006.14 GB.
[Genesis 07:16:10] Genesis initialized. version: 1.4.3, theme: raw, seed: 0, debug: False, precision: 64, performance: False, verbose: INFO
native method direct True 64 full residual [0.00000000e+00 4.50251366e-12 6.95293732e-12 6.25453517e-12
 6.40478730e-12] relative displacement error [0.00000000e+00 1.80627613e-11 3.67095799e-11 3.99142775e-11
 3.52940387e-11] peak absolute error Pa [0.00000000e+00 5.91026037e-08 4.00847057e-07 3.64911102e-07
 8.74351826e-07] corrections [0 0 0 0 0] fallbacks [0 0 0 0 0]
[32m.[0m[Genesis 07:16:12] Exiting Genesis and caching compiled kernels...
[Genesis 07:16:15] Running on [INTEL(R) XEON(R) PLATINUM 8562Y+] with backend gs.cpu. Device memory: 1006.14 GB.
[Genesis 07:16:15] Genesis initialized. version: 1.4.3, theme: raw, seed: 0, debug: False, precision: 64, performance: False, verbose: INFO
native method inverse True 64 full residual [0.00000000e+00 1.61363207e-11 2.00371225e-11 1.80396369e-11
 1.63439098e-11] relative displacement error [0.00000000e+00 1.80620776e-11 3.67134942e-11 3.99145441e-11
 3.52973995e-11] peak absolute error Pa [0.00000000e+00 6.20202627e-08 4.07977495e-07 3.61069397e-07
 8.74446414e-07] corrections [0 0 0 0 0] fallbacks [0 0 0 0 0]
[32m.[0m[Genesis 07:16:18] Exiting Genesis and caching compiled kernels...
[Genesis 07:16:21] Running on [INTEL(R) XEON(R) PLATINUM 8562Y+] with backend gs.cpu. Device memory: 1006.14 GB.
[Genesis 07:16:21] Genesis initialized. version: 1.4.3, theme: raw, seed: 0, debug: False, precision: 64, performance: False, verbose: INFO
native method inverse True 32 full residual [0.00000000e+00 3.86497458e-09 4.69178363e-09 4.91181217e-09
 4.33708624e-09] relative displacement error [0.00000000e+00 2.65473671e-11 1.11365097e-11 2.03488220e-11
 1.28042674e-11] peak absolute error Pa [0.00000000e+00 4.51422238e-07 6.36457116e-07 1.73378066e-06
 1.54890586e-07] corrections [0 2 2 2 2] fallbacks [0 0 0 0 0]
[32m.[0m[Genesis 07:16:25] Exiting Genesis and caching compiled kernels...
[Genesis 07:16:28] Running on [INTEL(R) XEON(R) PLATINUM 8562Y+] with backend gs.cpu. Device memory: 1006.14 GB.
[Genesis 07:16:28] Genesis initialized. version: 1.4.3, theme: raw, seed: 0, debug: False, precision: 64, performance: False, verbose: INFO
native method inverse True 32 full residual [0.00000000e+00 4.50251366e-12 6.95293732e-12 6.25453517e-12
 6.40478730e-12] relative displacement error [0.00000000e+00 1.80627613e-11 3.67095799e-11 3.99142775e-11
 3.52940387e-11] peak absolute error Pa [0.00000000e+00 5.91026037e-08 4.00847057e-07 3.64911102e-07
 8.74351826e-07] corrections [0 0 0 0 0] fallbacks [0 1 1 1 1]
[32m.[0m[Genesis 07:16:31] Exiting Genesis and caching compiled kernels...
[Genesis 07:16:34] Running on [INTEL(R) XEON(R) PLATINUM 8562Y+] with backend gs.cpu. Device memory: 1006.14 GB.
[Genesis 07:16:34] Genesis initialized. version: 1.4.3, theme: raw, seed: 0, debug: False, precision: 64, performance: False, verbose: INFO
patch statuses [[0 0 0 0]
 [0 0 0 0]
 [0 0 0 0]] evaluations [[0 0 0 0]
 [0 0 0 0]
 [0 0 0 0]]
[32m.[0m[Genesis 07:16:36] Exiting Genesis and caching compiled kernels...
[Genesis 07:16:38] Running on [INTEL(R) XEON(R) PLATINUM 8562Y+] with backend gs.cpu. Device memory: 1006.14 GB.
[Genesis 07:16:38] Genesis initialized. version: 1.4.3, theme: raw, seed: 0, debug: False, precision: 64, performance: False, verbose: INFO
patch statuses [[0 0 0 0]
 [0 0 0 0]
 [0 0 0 0]] evaluations [[0 0 0 0]
 [0 0 0 0]
 [0 0 0 0]]
[32m.[0m[Genesis 07:16:40] Exiting Genesis and caching compiled kernels...
[Genesis 07:16:43] Running on [INTEL(R) XEON(R) PLATINUM 8562Y+] with backend gs.cpu. Device memory: 1006.14 GB.
[Genesis 07:16:43] Genesis initialized. version: 1.4.3, theme: raw, seed: 0, debug: False, precision: 64, performance: False, verbose: INFO
[32m.[0m[Genesis 07:16:44] Exiting Genesis and caching compiled kernels...
[Genesis 07:16:47] Running on [INTEL(R) XEON(R) PLATINUM 8562Y+] with backend gs.cpu. Device memory: 1006.14 GB.
[Genesis 07:16:47] Genesis initialized. version: 1.4.3, theme: raw, seed: 0, debug: False, precision: 64, performance: False, verbose: INFO
[32m.[0m[Genesis 07:16:49] Exiting Genesis and caching compiled kernels...
[Genesis 07:16:51] Running on [INTEL(R) XEON(R) PLATINUM 8562Y+] with backend gs.cpu. Device memory: 1006.14 GB.
[Genesis 07:16:51] Genesis initialized. version: 1.4.3, theme: raw, seed: 0, debug: False, precision: 64, performance: False, verbose: INFO
[32m.[0m[Genesis 07:16:53] Exiting Genesis and caching compiled kernels...
[Genesis 07:16:55] Running on [INTEL(R) XEON(R) PLATINUM 8562Y+] with backend gs.cpu. Device memory: 1006.14 GB.
[Genesis 07:16:55] Genesis initialized. version: 1.4.3, theme: raw, seed: 0, debug: False, precision: 64, performance: False, verbose: INFO
[32m.[0m[Genesis 07:16:58] Exiting Genesis and caching compiled kernels...
[Genesis 07:17:00] Running on [INTEL(R) XEON(R) PLATINUM 8562Y+] with backend gs.cpu. Device memory: 1006.14 GB.
[Genesis 07:17:00] Genesis initialized. version: 1.4.3, theme: raw, seed: 0, debug: False, precision: 64, performance: False, verbose: INFO
[32m.[0m[Genesis 07:17:03] Exiting Genesis and caching compiled kernels...
[Genesis 07:17:05] Running on [INTEL(R) XEON(R) PLATINUM 8562Y+] with backend gs.cpu. Device memory: 1006.14 GB.
[Genesis 07:17:05] Genesis initialized. version: 1.4.3, theme: raw, seed: 0, debug: False, precision: 64, performance: False, verbose: INFO
[32m.[0m[Genesis 07:17:09] Exiting Genesis and caching compiled kernels...


============================== slowest durations ===============================

(42 durations < 100s hidden.)
[32m================= [32m[1m14 passed[0m, [33m2 deselected[0m[32m in 73.07s (0:01:13)[0m[32m ==================[0m
