[1m============================= test session starts ==============================[0m
platform linux -- Python 3.10.12, pytest-8.4.2, pluggy-1.6.0
rootdir: /mnt/home/zhaofeng/workspace/Genesis/.worktrees/rigid-stress-recovery
configfile: pyproject.toml
plugins: anyio-4.15.1, forked-1.7.5, print-1.2.0, timeout-2.4.0, xdist-3.8.0, quadrants-1.3.3, syrupy-6.1.1
timeout: 1200.0s
timeout method: signal
timeout func_only: False
created: 4/4 workers
4 workers [1 item]

[32m.[0m[33m                                                                        [100%][0m[I 10/10/26 04:29:06.084 2088850] [shell.py:_shell_pop_print@25] Graphical python shell detected, using wrapped sys.stdout

[33m=============================== warnings summary ===============================[0m
tests/rigid/test_stress.py::test_native_p2_shared_operators
tests/rigid/test_stress.py::test_native_p2_shared_operators
  /mnt/home/zhaofeng/workspace/Genesis/.worktrees/rigid-stress-recovery/genesis/engine/solvers/rigid/stress/operators.py:138: SyntaxWarning: You are unrolling more than
                          32 iterations, so the compile time may be extremely long.
                          You can use a non-static for loop if you want to decrease the compile time.
                          You can disable this warning by setting qd.init(unrolling_limit=0).
    for i_a, i_c in qd.static(qd.ndrange(6, 6)):

-- Docs: https://docs.pytest.org/en/stable/how-to/capture-warnings.html
============================== slowest durations ===============================

(3 durations < 100s hidden.)
[33m======================== [32m1 passed[0m, [33m[1m2 warnings[0m[33m in 15.55s[0m[33m ========================[0m
