[1m============================= test session starts ==============================[0m
platform linux -- Python 3.10.12, pytest-8.4.2, pluggy-1.6.0
rootdir: /mnt/home/zhaofeng/workspace/Genesis/.worktrees/rigid-stress-recovery
configfile: pyproject.toml
plugins: anyio-4.15.1, forked-1.7.5, print-1.2.0, timeout-2.4.0, xdist-3.8.0, quadrants-1.3.3, syrupy-6.1.1
timeout: 1200.0s
timeout method: signal
timeout func_only: False
collected 3 items / 2 deselected / 1 selected

tests/rigid/test_stress.py [Genesis 04:41:55] Running on [NVIDIA RTX PRO 6000 Blackwell Server Edition] with backend gs.cuda. Device memory: 94.97 GB.
[Genesis 04:41:55] Genesis initialized. version: 1.4.3, theme: raw, seed: 0, debug: False, precision: 64, performance: False, verbose: INFO
patch statuses [[0 0 0 0]
 [0 0 0 0]
 [0 0 0 0]] evaluations [[0 1 1 1]
 [0 0 1 1]
 [0 0 0 1]]
[32m.[0m[Genesis 04:41:57] Exiting Genesis and caching compiled kernels...


[33m=============================== warnings summary ===============================[0m
tests/rigid/test_stress.py::test_native_finite_pressure_matches_independent_cpu
tests/rigid/test_stress.py::test_native_finite_pressure_matches_independent_cpu
  /mnt/home/zhaofeng/workspace/Genesis/.worktrees/rigid-stress-recovery/genesis/engine/solvers/rigid/stress/operators.py:140: SyntaxWarning: You are unrolling more than
                          32 iterations, so the compile time may be extremely long.
                          You can use a non-static for loop if you want to decrease the compile time.
                          You can disable this warning by setting qd.init(unrolling_limit=0).
    for i_a, i_c in qd.static(qd.ndrange(6, 6)):

-- Docs: https://docs.pytest.org/en/stable/how-to/capture-warnings.html
============================== slowest durations ===============================

(3 durations < 100s hidden.)
[33m================= [32m1 passed[0m, [33m[1m2 deselected[0m, [33m[1m2 warnings[0m[33m in 2.87s[0m[33m ==================[0m
