[Quadrants] version 1.3.3, llvm 22.1.0, commit 00423caa, linux, python 3.10.12
[38;5;226m[Genesis] [05:26:15] [WARNING] (MJCF) Approximating tendon by joint actuator for `finger_joint1`[0m
[38;5;226m[Genesis] [05:26:15] [WARNING] (MJCF) Approximating tendon by joint actuator for `finger_joint2`[0m
[38;5;226m[Genesis] [05:26:15] [WARNING] Neutral robot position (qpos0) exceeds joint limits.[0m
[38;5;226m[Genesis] [05:26:16] [WARNING] Constraint solver time constant should be greater than 2*substep_dt. timeconst is changed from `0.005` to `0.02`). Decrease simulation timestep or increase timeconst to avoid altering the original value.[0m
[38;5;226m[Genesis] [05:26:17] [WARNING] Filtered out geometry pairs causing self-collision for the neutral configuration (qpos0): (6, 11), (7, 11), (14, 21), (15, 20), (16, 23), (17, 22). Consider tuning Morph option 'decompose_robot_error_threshold' or specify dedicated collision meshes. This behavior can be disabled by setting Morph option 'enable_neutral_collision=True'.[0m
libEGL warning: failed to open /dev/dri/renderD135: Permission denied

libEGL warning: failed to open /dev/dri/card8: Permission denied

libEGL warning: failed to open /dev/dri/renderD134: Permission denied

libEGL warning: failed to open /dev/dri/card7: Permission denied

libEGL warning: failed to open /dev/dri/renderD133: Permission denied

libEGL warning: failed to open /dev/dri/card6: Permission denied

libEGL warning: failed to open /dev/dri/renderD132: Permission denied

libEGL warning: failed to open /dev/dri/card5: Permission denied

libEGL warning: failed to open /dev/dri/renderD131: Permission denied

libEGL warning: failed to open /dev/dri/card4: Permission denied

libEGL warning: failed to open /dev/dri/renderD130: Permission denied

libEGL warning: failed to open /dev/dri/card3: Permission denied

libEGL warning: failed to open /dev/dri/renderD129: Permission denied

libEGL warning: failed to open /dev/dri/card2: Permission denied

libEGL warning: failed to open /dev/dri/renderD128: Permission denied

libEGL warning: failed to open /dev/dri/card1: Permission denied

======================================================================================
Kernel Profiler(count, default) @ CUDA on NVIDIA RTX PRO 6000 Blackwell Server Edition
======================================================================================
[      %     total   count |      min       avg       max   ] Kernel name
--------------------------------------------------------------------------------------
[ 88.75%   0.146 s    100x |    1.455     1.456     1.459 ms] kernel_pressure_c712_0_kernel_1_range_for
[  6.57%   0.011 s    100x |    0.106     0.108     0.112 ms] kernel_anchor_c702_0_kernel_1_range_for
[  0.84%   0.001 s    100x |    0.012     0.014     0.019 ms] kernel_begin_step_c746_0_kernel_1_range_for
[  0.84%   0.001 s    100x |    0.012     0.014     0.016 ms] kernel_associate_c716_0_kernel_1_range_for
[  0.83%   0.001 s    100x |    0.012     0.014     0.016 ms] kernel_associate_c716_0_kernel_3_range_for
[  0.47%   0.001 s    100x |    0.006     0.008     0.017 ms] kernel_associate_c716_0_kernel_0_serial
[  0.45%   0.001 s    100x |    0.006     0.007     0.015 ms] kernel_pressure_c712_0_kernel_0_serial
[  0.45%   0.001 s    100x |    0.006     0.007     0.010 ms] kernel_anchor_c702_0_kernel_0_serial
[  0.43%   0.001 s    100x |    0.006     0.007     0.015 ms] kernel_begin_step_c746_0_kernel_0_serial
[  0.36%   0.001 s    100x |    0.005     0.006     0.011 ms] kernel_associate_c716_0_kernel_2_serial
--------------------------------------------------------------------------------------
[100.00%] Total execution time:   0.164 s   number of results: 10
======================================================================================
{
  "scope": "profile",
  "envs": 8,
  "level": 1,
  "precision": "64",
  "quadrature": 10,
  "dt": 0.01,
  "substeps": 1,
  "varied": false,
  "seed": 510000,
  "cooperative_solve": true,
  "method": "inverse",
  "inverse_precision": "64",
  "host": "rtx-209-067",
  "gpu": "NVIDIA RTX PRO 6000 Blackwell Server Edition",
  "gpu_total_bytes": 101975851008,
  "quadrants": [
    1,
    3,
    3
  ],
  "torch": "2.8.0",
  "setup_seconds": 33.780151083134115,
  "warmup_steps": 300,
  "warmup_quality": [
    {
      "tick": 0,
      "phase": [
        0.0,
        0.0,
        0.0,
        0.0,
        0.0,
        0.0,
        0.0,
        0.0
      ],
      "height_m": [
        0.0305095,
        0.0305095,
        0.0305095,
        0.0305095,
        0.0305095,
        0.0305095,
        0.0305095,
        0.0305095
      ],
      "contacts": [
        0,
        0,
        0,
        0,
        0,
        0,
        0,
        0
      ],
      "maximum_stress_Pa": [
        0.0,
        0.0,
        0.0,
        0.0,
        0.0,
        0.0,
        0.0,
        0.0
      ],
      "residual_N": [
        0.0,
        0.0,
        0.0,
        0.0,
        0.0,
        0.0,
        0.0,
        0.0
      ],
      "rhs_N": [
        0.0,
        0.0,
        0.0,
        0.0,
        0.0,
        0.0,
        0.0,
        0.0
      ]
    },
    {
      "tick": 10,
      "phase": [
        0.01669449081803005,
        0.01669449081803005,
        0.01669449081803005,
        0.01669449081803005,
        0.01669449081803005,
        0.01669449081803005,
        0.01669449081803005,
        0.01669449081803005
      ],
      "height_m": [
        0.02961924377377627,
        0.02961924377377627,
        0.02961924377377627,
        0.02961924377377627,
        0.02961924377377627,
        0.02961924377377627,
        0.02961924377377627,
        0.02961924377377627
      ],
      "contacts": [
        1,
        1,
        1,
        1,
        1,
        1,
        1,
        1
      ],
      "maximum_stress_Pa": [
        14097.121096623374,
        14097.121096623374,
        14097.121096623374,
        14097.121096623374,
        14097.121096623374,
        14097.121096624223,
        14097.121096624223,
        14097.121096624223
      ],
      "residual_N": [
        4.965561157194594e-12,
        4.965561157194594e-12,
        4.965561157194594e-12,
        4.965561157194594e-12,
        4.965561157194594e-12,
        4.8543956890380175e-12,
        4.8543956890380175e-12,
        4.8543956890380175e-12
      ],
      "rhs_N": [
        0.03939161130372227,
        0.03939161130372227,
        0.03939161130372227,
        0.03939161130372227,
        0.03939161130372227,
        0.03939161130372227,
        0.03939161130372227,
        0.03939161130372227
      ]
    },
    {
      "tick": 20,
      "phase": [
        0.0333889816360601,
        0.0333889816360601,
        0.0333889816360601,
        0.0333889816360601,
        0.0333889816360601,
        0.0333889816360601,
        0.0333889816360601,
        0.0333889816360601
      ],
      "height_m": [
        0.02963259418013051,
        0.02963259418013051,
        0.02963259418013051,
        0.02963259418013051,
        0.02963259418013051,
        0.02963259418013051,
        0.02963259418013051,
        0.02963259418013051
      ],
      "contacts": [
        1,
        1,
        1,
        1,
        1,
        1,
        1,
        1
      ],
      "maximum_stress_Pa": [
        14033.788695556463,
        14033.788695556463,
        14033.788695556463,
        14033.788695556836,
        14033.788695556836,
        14033.788695556463,
        14033.788695556463,
        14033.788695556463
      ],
      "residual_N": [
        4.277054697090605e-12,
        4.277054697090605e-12,
        4.277054697090605e-12,
        4.312558859059444e-12,
        4.312558859059444e-12,
        4.277054697090605e-12,
        4.277054697090605e-12,
        4.277054697090605e-12
      ],
      "rhs_N": [
        0.039259355961873146,
        0.039259355961873146,
        0.039259355961873146,
        0.039259355961873146,
        0.039259355961873146,
        0.039259355961873146,
        0.039259355961873146,
        0.039259355961873146
      ]
    },
    {
      "tick": 30,
      "phase": [
        0.05008347245409015,
        0.05008347245409015,
        0.05008347245409015,
        0.05008347245409015,
        0.05008347245409015,
        0.05008347245409015,
        0.05008347245409015,
        0.05008347245409015
      ],
      "height_m": [
        0.029632813774261663,
        0.029632813774261663,
        0.029632813774261663,
        0.029632813774261663,
        0.029632813774261663,
        0.029632813774261663,
        0.029632813774261663,
        0.029632813774261663
      ],
      "contacts": [
        1,
        1,
        1,
        1,
        1,
        1,
        1,
        1
      ],
      "maximum_stress_Pa": [
        13923.237427292985,
        13923.237427292985,
        13923.237427292985,
        13923.237427292985,
        13923.237427292985,
        13923.237427292985,
        13923.237427292985,
        13923.237427292985
      ],
      "residual_N": [
        4.617393809003736e-12,
        4.617393809003736e-12,
        4.617401395829474e-12,
        4.617401395829474e-12,
        4.617401395829474e-12,
        4.617393809003736e-12,
        4.617393809003736e-12,
        4.617393809003736e-12
      ],
      "rhs_N": [
        0.03899548975690509,
        0.03899548975690509,
        0.03899548975690509,
        0.03899548975690509,
        0.03899548975690509,
        0.03899548975690509,
        0.03899548975690509,
        0.03899548975690509
      ]
    },
    {
      "tick": 40,
      "phase": [
        0.0667779632721202,
        0.0667779632721202,
        0.0667779632721202,
        0.0667779632721202,
        0.0667779632721202,
        0.0667779632721202,
        0.0667779632721202,
        0.0667779632721202
      ],
      "height_m": [
        0.02963281741489676,
        0.02963281741489676,
        0.02963281741489676,
        0.02963281741489676,
        0.02963281741489676,
        0.02963281741489676,
        0.02963281741489676,
        0.02963281741489676
      ],
      "contacts": [
        1,
        1,
        1,
        1,
        1,
        1,
        1,
        1
      ],
      "maximum_stress_Pa": [
        13816.851014979233,
        13816.851014979233,
        13816.851014979233,
        13816.851014979233,
        13816.851014979233,
        13816.851014979233,
        13816.851014979233,
        13816.851014979233
      ],
      "residual_N": [
        3.655814395168419e-12,
        3.655814395168419e-12,
        3.655814395168419e-12,
        3.655814395168419e-12,
        3.655814395168419e-12,
        3.655814395168419e-12,
        3.655814395168419e-12,
        3.655814395168419e-12
      ],
      "rhs_N": [
        0.03874285889892016,
        0.03874285889892016,
        0.03874285889892016,
        0.03874285889892016,
        0.03874285889892016,
        0.03874285889892016,
        0.03874285889892016,
        0.03874285889892016
      ]
    },
    {
      "tick": 50,
      "phase": [
        0.08347245409015025,
        0.08347245409015025,
        0.08347245409015025,
        0.08347245409015025,
        0.08347245409015025,
        0.08347245409015025,
        0.08347245409015025,
        0.08347245409015025
      ],
      "height_m": [
        0.029632817475262464,
        0.029632817475262464,
        0.029632817475262464,
        0.029632817475262464,
        0.029632817475262464,
        0.029632817475262464,
        0.029632817475262464,
        0.029632817475262464
      ],
      "contacts": [
        1,
        1,
        1,
        1,
        1,
        1,
        1,
        1
      ],
      "maximum_stress_Pa": [
        13716.481700770535,
        13716.481700770535,
        13716.481700770535,
        13716.481700770535,
        13716.481700770535,
        13716.481700770535,
        13716.481700770535,
        13716.481700770535
      ],
      "residual_N": [
        3.886031511896402e-12,
        3.886031511896402e-12,
        3.886033148908678e-12,
        3.886033148908678e-12,
        3.886033148908678e-12,
        3.886033148908678e-12,
        3.886033148908678e-12,
        3.886033148908678e-12
      ],
      "rhs_N": [
        0.03850585349566627,
        0.03850585349566627,
        0.03850585349566627,
        0.03850585349566627,
        0.03850585349566627,
        0.03850585349566627,
        0.03850585349566627,
        0.03850585349566627
      ]
    },
    {
      "tick": 60,
      "phase": [
        0.1001669449081803,
        0.1001669449081803,
        0.1001669449081803,
        0.1001669449081803,
        0.1001669449081803,
        0.1001669449081803,
        0.1001669449081803,
        0.1001669449081803
      ],
      "height_m": [
        0.029632817476263396,
        0.029632817476263396,
        0.029632817476263396,
        0.029632817476263396,
        0.029632817476263396,
        0.029632817476263396,
        0.029632817476263396,
        0.029632817476263396
      ],
      "contacts": [
        1,
        1,
        1,
        1,
        1,
        1,
        1,
        1
      ],
      "maximum_stress_Pa": [
        13622.82267286144,
        13622.82267286144,
        13622.82267286144,
        13622.82267286144,
        13622.82267286144,
        13622.82267286144,
        13622.82267286144,
        13622.82267286144
      ],
      "residual_N": [
        4.4937422924135355e-12,
        4.4937422924135355e-12,
        4.4937422924135355e-12,
        4.4937422924135355e-12,
        4.4937422924135355e-12,
        4.493747193736771e-12,
        4.493747193736771e-12,
        4.493747193736771e-12
      ],
      "rhs_N": [
        0.03828568282843282,
        0.03828568282843282,
        0.03828568282843282,
        0.03828568282843282,
        0.03828568282843282,
        0.03828568282843282,
        0.03828568282843282,
        0.03828568282843282
      ]
    },
    {
      "tick": 70,
      "phase": [
        0.11686143572621036,
        0.11686143572621036,
        0.11686143572621036,
        0.11686143572621036,
        0.11686143572621036,
        0.11686143572621036,
        0.11686143572621036,
        0.11686143572621036
      ],
      "height_m": [
        0.02963281747627999,
        0.02963281747627999,
        0.02963281747627999,
        0.02963281747627999,
        0.02963281747627999,
        0.02963281747627999,
        0.02963281747627999,
        0.02963281747627999
      ],
      "contacts": [
        1,
        1,
        1,
        1,
        1,
        1,
        1,
        1
      ],
      "maximum_stress_Pa": [
        13536.789915355532,
        13536.789915355532,
        13536.789915355532,
        13536.789915355532,
        13536.789915355532,
        13536.789915355532,
        13536.789915355532,
        13536.789915355532
      ],
      "residual_N": [
        4.5202856244356005e-12,
        4.5202856244356005e-12,
        4.5202856244356005e-12,
        4.5202856244356005e-12,
        4.5202856244356005e-12,
        4.5202823956737985e-12,
        4.5202823956737985e-12,
        4.5202823956737985e-12
      ],
      "rhs_N": [
        0.03808426479608459,
        0.03808426479608459,
        0.03808426479608459,
        0.03808426479608459,
        0.03808426479608459,
        0.03808426479608459,
        0.03808426479608459,
        0.03808426479608459
      ]
    },
    {
      "tick": 80,
      "phase": [
        0.1335559265442404,
        0.1335559265442404,
        0.1335559265442404,
        0.1335559265442404,
        0.1335559265442404,
        0.1335559265442404,
        0.1335559265442404,
        0.1335559265442404
      ],
      "height_m": [
        0.029632817476280278,
        0.029632817476280278,
        0.029632817476280278,
        0.029632817476280278,
        0.029632817476280278,
        0.029632817476280278,
        0.029632817476280278,
        0.029632817476280278
      ],
      "contacts": [
        1,
        1,
        1,
        1,
        1,
        1,
        1,
        1
      ],
      "maximum_stress_Pa": [
        13459.231060632315,
        13459.231060632315,
        13459.231060632315,
        13459.231060632315,
        13459.231060632315,
        13459.231060632315,
        13459.231060632315,
        13459.231060632315
      ],
      "residual_N": [
        4.344066590010028e-12,
        4.344066590010028e-12,
        4.344066590010028e-12,
        4.3441037065777775e-12,
        4.3441037065777775e-12,
        4.344127057356606e-12,
        4.344127057356606e-12,
        4.344127057356606e-12
      ],
      "rhs_N": [
        0.03790337092201998,
        0.03790337092201998,
        0.03790337092201998,
        0.03790337092201998,
        0.03790337092201998,
        0.03790337092201998,
        0.03790337092201998,
        0.03790337092201998
      ]
    },
    {
      "tick": 90,
      "phase": [
        0.15025041736227046,
        0.15025041736227046,
        0.15025041736227046,
        0.15025041736227046,
        0.15025041736227046,
        0.15025041736227046,
        0.15025041736227046,
        0.15025041736227046
      ],
      "height_m": [
        0.029632817476280233,
        0.029632817476280233,
        0.029632817476280233,
        0.029632817476280233,
        0.029632817476280233,
        0.029632817476280233,
        0.029632817476280233,
        0.029632817476280233
      ],
      "contacts": [
        1,
        1,
        1,
        1,
        1,
        1,
        1,
        1
      ],
      "maximum_stress_Pa": [
        13390.84604622646,
        13390.84604622646,
        13390.84604622646,
        13390.84604622646,
        13390.84604622646,
        13390.846046225428,
        13390.846046225428,
        13390.846046225428
      ],
      "residual_N": [
        4.23132539336561e-12,
        4.23132539336561e-12,
        4.23132539336561e-12,
        4.23132539336561e-12,
        4.23132539336561e-12,
        4.188377609277462e-12,
        4.188377609277462e-12,
        4.188377609277462e-12
      ],
      "rhs_N": [
        0.037744418986815756,
        0.037744418986815756,
        0.037744418986815756,
        0.037744418986815756,
        0.037744418986815756,
        0.037744418986815756,
        0.037744418986815756,
        0.037744418986815756
      ]
    },
    {
      "tick": 100,
      "phase": [
        0.1669449081803005,
        0.1669449081803005,
        0.1669449081803005,
        0.1669449081803005,
        0.1669449081803005,
        0.1669449081803005,
        0.1669449081803005,
        0.1669449081803005
      ],
      "height_m": [
        0.029632817476280257,
        0.029632817476280257,
        0.029632817476280257,
        0.029632817476280257,
        0.029632817476280257,
        0.029632817476280257,
        0.029632817476280257,
        0.029632817476280257
      ],
      "contacts": [
        1,
        1,
        1,
        1,
        1,
        1,
        1,
        1
      ],
      "maximum_stress_Pa": [
        13332.191441167115,
        13332.191441167115,
        13332.191441167115,
        13332.191441167115,
        13332.191441167115,
        13332.191441167115,
        13332.191441167115,
        13332.191441167115
      ],
      "residual_N": [
        3.905097794309387e-12,
        3.905097794309387e-12,
        3.905097794309387e-12,
        3.905097794309387e-12,
        3.905097794309387e-12,
        3.905097794318953e-12,
        3.905097794318953e-12,
        3.905097794318953e-12
      ],
      "rhs_N": [
        0.03760849862537367,
        0.03760849862537367,
        0.03760849862537367,
        0.03760849862537367,
        0.03760849862537367,
        0.03760849862537367,
        0.03760849862537367,
        0.03760849862537367
      ]
    },
    {
      "tick": 110,
      "phase": [
        0.18363939899833057,
        0.18363939899833057,
        0.18363939899833057,
        0.18363939899833057,
        0.18363939899833057,
        0.18363939899833057,
        0.18363939899833057,
        0.18363939899833057
      ],
      "height_m": [
        0.02946037263092368,
        0.02946037263092368,
        0.02946037263092368,
        0.02946037263092368,
        0.02946037263092368,
        0.02946037263092368,
        0.02946037263092368,
        0.02946037263092368
      ],
      "contacts": [
        3,
        3,
        3,
        3,
        3,
        3,
        3,
        3
      ],
      "maximum_stress_Pa": [
        74297.8644170633,
        74297.8644170633,
        74297.86441706333,
        74297.86441706408,
        74297.86441706408,
        74297.86441706339,
        74297.86441706315,
        74297.86441706315
      ],
      "residual_N": [
        3.556301469645633e-11,
        3.556301469645633e-11,
        3.557619268475329e-11,
        3.523412256322653e-11,
        3.523412256322653e-11,
        3.4991144648961346e-11,
        3.552245243955081e-11,
        3.552245243955081e-11
      ],
      "rhs_N": [
        0.26240547229500394,
        0.26240547229500394,
        0.26240547229500394,
        0.26240547229500394,
        0.26240547229500394,
        0.26240547229500394,
        0.26240547229500394,
        0.26240547229500394
      ]
    },
    {
      "tick": 120,
      "phase": [
        0.2003338898163606,
        0.2003338898163606,
        0.2003338898163606,
        0.2003338898163606,
        0.2003338898163606,
        0.2003338898163606,
        0.2003338898163606,
        0.2003338898163606
      ],
      "height_m": [
        0.029464731729554484,
        0.029464731729554484,
        0.029464731729554484,
        0.029464731729554484,
        0.029464731729554484,
        0.029464731729554484,
        0.029464731729554484,
        0.029464731729554484
      ],
      "contacts": [
        3,
        3,
        3,
        3,
        3,
        3,
        3,
        3
      ],
      "maximum_stress_Pa": [
        71617.51969586364,
        71617.51969586364,
        71617.51969586383,
        71617.51969586365,
        71617.51969586365,
        71617.5196958639,
        71617.51969586738,
        71617.51969586738
      ],
      "residual_N": [
        3.9079893567319424e-11,
        3.9079893567319424e-11,
        3.9035599215757236e-11,
        3.903644468489443e-11,
        3.903644468489443e-11,
        3.8998085568661876e-11,
        3.880142234133414e-11,
        3.880142234133414e-11
      ],
      "rhs_N": [
        0.25685622038199557,
        0.25685622038199557,
        0.25685622038199557,
        0.25685622038199557,
        0.25685622038199557,
        0.25685622038199557,
        0.25685622038199557,
        0.25685622038199557
      ]
    },
    {
      "tick": 130,
      "phase": [
        0.21702838063439064,
        0.21702838063439064,
        0.21702838063439064,
        0.21702838063439064,
        0.21702838063439064,
        0.21702838063439064,
        0.21702838063439064,
        0.21702838063439064
      ],
      "height_m": [
        0.029467384966704622,
        0.029467384966704622,
        0.029467384966704622,
        0.029467384966704622,
        0.029467384966704622,
        0.029467384966704622,
        0.029467384966704622,
        0.029467384966704622
      ],
      "contacts": [
        3,
        3,
        3,
        3,
        3,
        3,
        3,
        3
      ],
      "maximum_stress_Pa": [
        71312.68433798807,
        71312.68433798807,
        71312.68433798815,
        71312.68433798797,
        71312.68433798797,
        71312.68433798768,
        71312.68433798765,
        71312.68433798765
      ],
      "residual_N": [
        4.7596711802861196e-11,
        4.7596711802861196e-11,
        4.768140600221673e-11,
        4.7673131729394384e-11,
        4.7673131729394384e-11,
        4.764603032740647e-11,
        4.742932572702267e-11,
        4.742932572702267e-11
      ],
      "rhs_N": [
        0.25637766360312864,
        0.25637766360312864,
        0.25637766360312864,
        0.25637766360312864,
        0.25637766360312864,
        0.25637766360312864,
        0.25637766360312864,
        0.25637766360312864
      ]
    },
    {
      "tick": 140,
      "phase": [
        0.2337228714524207,
        0.2337228714524207,
        0.2337228714524207,
        0.2337228714524207,
        0.2337228714524207,
        0.2337228714524207,
        0.2337228714524207,
        0.2337228714524207
      ],
      "height_m": [
        0.02946949809236119,
        0.02946949809236119,
        0.02946949809236119,
        0.02946949809236119,
        0.02946949809236119,
        0.02946949809236119,
        0.02946949809236119,
        0.02946949809236119
      ],
      "contacts": [
        3,
        3,
        3,
        3,
        3,
        3,
        3,
        3
      ],
      "maximum_stress_Pa": [
        71028.71436241503,
        71028.71436241503,
        71028.71436241502,
        71028.71436241637,
        71028.71436241637,
        71028.71436241631,
        71028.71436241636,
        71028.71436241636
      ],
      "residual_N": [
        4.449074893845991e-11,
        4.449074893845991e-11,
        4.4397686084621874e-11,
        4.4515036927793876e-11,
        4.4515036927793876e-11,
        4.458262171955166e-11,
        4.4597199050758257e-11,
        4.4597199050758257e-11
      ],
      "rhs_N": [
        0.25587024669534586,
        0.25587024669534586,
        0.25587024669534586,
        0.25587024669534586,
        0.25587024669534586,
        0.25587024669534586,
        0.25587024669534586,
        0.25587024669534586
      ]
    },
    {
      "tick": 150,
      "phase": [
        0.25041736227045075,
        0.25041736227045075,
        0.25041736227045075,
        0.25041736227045075,
        0.25041736227045075,
        0.25041736227045075,
        0.25041736227045075,
        0.25041736227045075
      ],
      "height_m": [
        0.029471426703817156,
        0.029471426703817156,
        0.029471426703817156,
        0.029471426703817156,
        0.029471426703817156,
        0.029471426703817156,
        0.029471426703817156,
        0.029471426703817156
      ],
      "contacts": [
        3,
        3,
        3,
        3,
        3,
        3,
        3,
        3
      ],
      "maximum_stress_Pa": [
        70814.69139537115,
        70814.69139537115,
        70814.69139537118,
        70814.69139537122,
        70814.69139537122,
        70814.69139537118,
        70814.69139537086,
        70814.69139537086
      ],
      "residual_N": [
        5.1836539019635333e-11,
        5.1836539019635333e-11,
        5.184169106700091e-11,
        5.1947035023517675e-11,
        5.1947035023517675e-11,
        5.1851888799617e-11,
        5.218481927585505e-11,
        5.218481927585505e-11
      ],
      "rhs_N": [
        0.25555589655678485,
        0.25555589655678485,
        0.25555589655678485,
        0.25555589655678485,
        0.25555589655678485,
        0.25555589655678485,
        0.25555589655678485,
        0.25555589655678485
      ]
    },
    {
      "tick": 160,
      "phase": [
        0.2671118530884808,
        0.2671118530884808,
        0.2671118530884808,
        0.2671118530884808,
        0.2671118530884808,
        0.2671118530884808,
        0.2671118530884808,
        0.2671118530884808
      ],
      "height_m": [
        0.02947327935323703,
        0.02947327935323703,
        0.02947327935323703,
        0.02947327935323703,
        0.02947327935323703,
        0.02947327935323703,
        0.02947327935323703,
        0.02947327935323703
      ],
      "contacts": [
        3,
        3,
        3,
        3,
        3,
        3,
        3,
        3
      ],
      "maximum_stress_Pa": [
        70672.96922919397,
        70672.96922919397,
        70672.96922919396,
        70672.96922919636,
        70672.96922919636,
        70672.96922919608,
        70672.96922919629,
        70672.96922919629
      ],
      "residual_N": [
        4.542660654134373e-11,
        4.542660654134373e-11,
        4.5417028700036296e-11,
        4.5600889486962066e-11,
        4.5600889486962066e-11,
        4.527543761790706e-11,
        4.5099183267184907e-11,
        4.5099183267184907e-11
      ],
      "rhs_N": [
        0.25544214595364684,
        0.25544214595364684,
        0.25544214595364684,
        0.25544214595364684,
        0.25544214595364684,
        0.25544214595364684,
        0.25544214595364684,
        0.25544214595364684
      ]
    },
    {
      "tick": 170,
      "phase": [
        0.2838063439065109,
        0.2838063439065109,
        0.2838063439065109,
        0.2838063439065109,
        0.2838063439065109,
        0.2838063439065109,
        0.2838063439065109,
        0.2838063439065109
      ],
      "height_m": [
        0.02947508945369424,
        0.02947508945369424,
        0.02947508945369424,
        0.02947508945369424,
        0.02947508945369424,
        0.02947508945369424,
        0.02947508945369424,
        0.02947508945369424
      ],
      "contacts": [
        3,
        3,
        3,
        3,
        3,
        3,
        3,
        3
      ],
      "maximum_stress_Pa": [
        70601.59602663989,
        70601.59602663989,
        70601.59602663964,
        70601.59602664021,
        70601.59602664021,
        70601.59602663979,
        70601.59602663982,
        70601.59602663982
      ],
      "residual_N": [
        3.9700547704400464e-11,
        3.9700547704400464e-11,
        3.960126944023935e-11,
        3.956907822395095e-11,
        3.956907822395095e-11,
        3.9538031884920877e-11,
        3.9431717264040584e-11,
        3.9431717264040584e-11
      ],
      "rhs_N": [
        0.2555237431030436,
        0.2555237431030436,
        0.2555237431030436,
        0.2555237431030436,
        0.2555237431030436,
        0.2555237431030436,
        0.2555237431030436,
        0.2555237431030436
      ]
    },
    {
      "tick": 180,
      "phase": [
        0.3005008347245409,
        0.3005008347245409,
        0.3005008347245409,
        0.3005008347245409,
        0.3005008347245409,
        0.3005008347245409,
        0.3005008347245409,
        0.3005008347245409
      ],
      "height_m": [
        0.02947700017399852,
        0.02947700017399852,
        0.02947700017399852,
        0.02947700017399852,
        0.02947700017399852,
        0.02947700017399852,
        0.02947700017399852,
        0.02947700017399852
      ],
      "contacts": [
        3,
        3,
        3,
        3,
        3,
        3,
        3,
        3
      ],
      "maximum_stress_Pa": [
        70597.62360157772,
        70597.62360157772,
        70597.6236015777,
        70597.62360157662,
        70597.62360157662,
        70597.62360157678,
        70597.62360157708,
        70597.62360157708
      ],
      "residual_N": [
        4.570096968431152e-11,
        4.570096968431152e-11,
        4.569994302421332e-11,
        4.531687217007477e-11,
        4.531687217007477e-11,
        4.5372979984007357e-11,
        4.563516757173245e-11,
        4.563516757173245e-11
      ],
      "rhs_N": [
        0.25577523716054856,
        0.25577523716054856,
        0.25577523716054856,
        0.25577523716054856,
        0.25577523716054856,
        0.25577523716054856,
        0.25577523716054856,
        0.25577523716054856
      ]
    },
    {
      "tick": 190,
      "phase": [
        0.31719532554257096,
        0.31719532554257096,
        0.31719532554257096,
        0.31719532554257096,
        0.31719532554257096,
        0.31719532554257096,
        0.31719532554257096,
        0.31719532554257096
      ],
      "height_m": [
        0.03019437715506843,
        0.03019437715506843,
        0.03019437715506843,
        0.03019437715506843,
        0.03019437715506843,
        0.03019437715506843,
        0.03019437715506843,
        0.03019437715506843
      ],
      "contacts": [
        2,
        2,
        2,
        2,
        2,
        2,
        2,
        2
      ],
      "maximum_stress_Pa": [
        71328.62862850004,
        71328.62862850004,
        71328.6286285,
        71328.62862850004,
        71328.62862850004,
        71328.62862850002,
        71328.62862850004,
        71328.62862850004
      ],
      "residual_N": [
        3.600801819821798e-11,
        3.600801819821798e-11,
        3.604573451850709e-11,
        3.630248633334632e-11,
        3.630248633334632e-11,
        3.6260473156540824e-11,
        3.631193671460947e-11,
        3.631193671460947e-11
      ],
      "rhs_N": [
        0.2489522192107667,
        0.2489522192107667,
        0.2489522192107667,
        0.2489522192107667,
        0.2489522192107667,
        0.2489522192107667,
        0.2489522192107667,
        0.2489522192107667
      ]
    },
    {
      "tick": 200,
      "phase": [
        0.333889816360601,
        0.333889816360601,
        0.333889816360601,
        0.333889816360601,
        0.333889816360601,
        0.333889816360601,
        0.333889816360601,
        0.333889816360601
      ],
      "height_m": [
        0.033784517955729405,
        0.033784517955729405,
        0.033784517955729405,
        0.033784517955729405,
        0.033784517955729405,
        0.033784517955729405,
        0.033784517955729405,
        0.033784517955729405
      ],
      "contacts": [
        2,
        2,
        2,
        2,
        2,
        2,
        2,
        2
      ],
      "maximum_stress_Pa": [
        71567.25752040635,
        71567.25752040635,
        71567.25752040635,
        71567.25752040639,
        71567.25752040639,
        71567.2575204066,
        71567.2575204065,
        71567.2575204065
      ],
      "residual_N": [
        4.2883942349894626e-11,
        4.2883942349894626e-11,
        4.285388623314434e-11,
        4.278653019541554e-11,
        4.278653019541554e-11,
        4.275934249508238e-11,
        4.2827910183431454e-11,
        4.2827910183431454e-11
      ],
      "rhs_N": [
        0.24972853264209102,
        0.24972853264209102,
        0.24972853264209102,
        0.24972853264209102,
        0.24972853264209102,
        0.24972853264209102,
        0.24972853264209102,
        0.24972853264209102
      ]
    },
    {
      "tick": 210,
      "phase": [
        0.35058430717863104,
        0.35058430717863104,
        0.35058430717863104,
        0.35058430717863104,
        0.35058430717863104,
        0.35058430717863104,
        0.35058430717863104,
        0.35058430717863104
      ],
      "height_m": [
        0.040818915322688235,
        0.040818915322688235,
        0.040818915322688235,
        0.040818915322688235,
        0.040818915322688235,
        0.040818915322688235,
        0.040818915322688235,
        0.040818915322688235
      ],
      "contacts": [
        2,
        2,
        2,
        2,
        2,
        2,
        2,
        2
      ],
      "maximum_stress_Pa": [
        71833.98131510838,
        71833.98131510838,
        71833.98131510841,
        71833.98131510842,
        71833.98131510842,
        71833.98131510844,
        71833.98131510842,
        71833.98131510842
      ],
      "residual_N": [
        4.23798568277135e-11,
        4.23798568277135e-11,
        4.236361627953614e-11,
        4.238166763296252e-11,
        4.238166763296252e-11,
        4.275748142278899e-11,
        4.272195527622343e-11,
        4.272195527622343e-11
      ],
      "rhs_N": [
        0.2506378718580567,
        0.2506378718580567,
        0.2506378718580567,
        0.2506378718580567,
        0.2506378718580567,
        0.2506378718580567,
        0.2506378718580567,
        0.2506378718580567
      ]
    },
    {
      "tick": 220,
      "phase": [
        0.36727879799666113,
        0.36727879799666113,
        0.36727879799666113,
        0.36727879799666113,
        0.36727879799666113,
        0.36727879799666113,
        0.36727879799666113,
        0.36727879799666113
      ],
      "height_m": [
        0.050900486404972994,
        0.050900486404972994,
        0.050900486404972994,
        0.050900486404972994,
        0.050900486404972994,
        0.050900486404972994,
        0.050900486404972994,
        0.050900486404972994
      ],
      "contacts": [
        2,
        2,
        2,
        2,
        2,
        2,
        2,
        2
      ],
      "maximum_stress_Pa": [
        72142.78160066417,
        72142.78160066417,
        72142.78160066417,
        72142.78160066437,
        72142.78160066437,
        72142.7816006641,
        72142.7816006641,
        72142.7816006641
      ],
      "residual_N": [
        4.239620561285162e-11,
        4.239620561285162e-11,
        4.2421697867823064e-11,
        4.2475532526972235e-11,
        4.2475532526972235e-11,
        4.2369536929390237e-11,
        4.235960562411507e-11,
        4.235960562411507e-11
      ],
      "rhs_N": [
        0.2516916408932442,
        0.2516916408932442,
        0.2516916408932442,
        0.2516916408932442,
        0.2516916408932442,
        0.2516916408932442,
        0.2516916408932442,
        0.2516916408932442
      ]
    },
    {
      "tick": 230,
      "phase": [
        0.38397328881469117,
        0.38397328881469117,
        0.38397328881469117,
        0.38397328881469117,
        0.38397328881469117,
        0.38397328881469117,
        0.38397328881469117,
        0.38397328881469117
      ],
      "height_m": [
        0.06332373737363982,
        0.06332373737363982,
        0.06332373737363982,
        0.06332373737363982,
        0.06332373737363982,
        0.06332373737363982,
        0.06332373737363982,
        0.06332373737363982
      ],
      "contacts": [
        2,
        2,
        2,
        2,
        2,
        2,
        2,
        2
      ],
      "maximum_stress_Pa": [
        72499.26465493074,
        72499.26465493074,
        72499.26465493086,
        72499.2646549321,
        72499.2646549321,
        72499.26465493212,
        72499.26465493577,
        72499.26465493577
      ],
      "residual_N": [
        4.018720802401946e-11,
        4.018720802401946e-11,
        4.044601200679245e-11,
        4.051429105087054e-11,
        4.051429105087054e-11,
        4.0656024872182874e-11,
        4.06010339365069e-11,
        4.06010339365069e-11
      ],
      "rhs_N": [
        0.25288846738445353,
        0.25288846738445353,
        0.25288846738445353,
        0.25288846738445353,
        0.25288846738445353,
        0.25288846738445353,
        0.25288846738445353,
        0.25288846738445353
      ]
    },
    {
      "tick": 240,
      "phase": [
        0.4006677796327212,
        0.4006677796327212,
        0.4006677796327212,
        0.4006677796327212,
        0.4006677796327212,
        0.4006677796327212,
        0.4006677796327212,
        0.4006677796327212
      ],
      "height_m": [
        0.077280810091752,
        0.077280810091752,
        0.077280810091752,
        0.077280810091752,
        0.077280810091752,
        0.077280810091752,
        0.077280810091752,
        0.077280810091752
      ],
      "contacts": [
        2,
        2,
        2,
        2,
        2,
        2,
        2,
        2
      ],
      "maximum_stress_Pa": [
        72903.69302881186,
        72903.69302881186,
        72903.69302880994,
        72903.6930288118,
        72903.6930288118,
        72903.69302881186,
        72903.69302880991,
        72903.69302880991
      ],
      "residual_N": [
        4.861659597782581e-11,
        4.861659597782581e-11,
        4.8559836786738945e-11,
        4.863840348660791e-11,
        4.863840348660791e-11,
        4.876134612251461e-11,
        4.850656644177593e-11,
        4.850656644177593e-11
      ],
      "rhs_N": [
        0.25422099398548625,
        0.25422099398548625,
        0.25422099398548625,
        0.25422099398548625,
        0.25422099398548625,
        0.25422099398548625,
        0.25422099398548625,
        0.25422099398548625
      ]
    },
    {
      "tick": 250,
      "phase": [
        0.41736227045075125,
        0.41736227045075125,
        0.41736227045075125,
        0.41736227045075125,
        0.41736227045075125,
        0.41736227045075125,
        0.41736227045075125,
        0.41736227045075125
      ],
      "height_m": [
        0.0919296305468868,
        0.0919296305468868,
        0.0919296305468868,
        0.0919296305468868,
        0.0919296305468868,
        0.0919296305468868,
        0.0919296305468868,
        0.0919296305468868
      ],
      "contacts": [
        2,
        2,
        2,
        2,
        2,
        2,
        2,
        2
      ],
      "maximum_stress_Pa": [
        73352.66491420435,
        73352.66491420435,
        73352.6649142043,
        73352.66491420438,
        73352.66491420438,
        73352.66491420438,
        73352.66491420631,
        73352.66491420631
      ],
      "residual_N": [
        5.321639224738666e-11,
        5.321639224738666e-11,
        5.328170792022995e-11,
        5.325921524395286e-11,
        5.325921524395286e-11,
        5.321021056679376e-11,
        5.3341285282462384e-11,
        5.3341285282462384e-11
      ],
      "rhs_N": [
        0.25567993419461,
        0.25567993419461,
        0.25567993419461,
        0.25567993419461,
        0.25567993419461,
        0.25567993419461,
        0.25567993419461,
        0.25567993419461
      ]
    },
    {
      "tick": 260,
      "phase": [
        0.4340567612687813,
        0.4340567612687813,
        0.4340567612687813,
        0.4340567612687813,
        0.4340567612687813,
        0.4340567612687813,
        0.4340567612687813,
        0.4340567612687813
      ],
      "height_m": [
        0.10642069041432026,
        0.10642069041432026,
        0.10642069041432026,
        0.10642069041432026,
        0.10642069041432026,
        0.10642069041432026,
        0.10642069041432026,
        0.10642069041432026
      ],
      "contacts": [
        2,
        2,
        2,
        2,
        2,
        2,
        2,
        2
      ],
      "maximum_stress_Pa": [
        73839.96433586306,
        73839.96433586306,
        73839.96433586306,
        73839.96433586309,
        73839.96433586309,
        73839.96433586303,
        73839.96433586303,
        73839.96433586303
      ],
      "residual_N": [
        5.0020141309954446e-11,
        5.0020141309954446e-11,
        5.001258075946829e-11,
        5.0332872747129245e-11,
        5.0332872747129245e-11,
        5.0258603664237927e-11,
        4.9975264143889946e-11,
        4.9975264143889946e-11
      ],
      "rhs_N": [
        0.2572546687735462,
        0.2572546687735462,
        0.2572546687735462,
        0.2572546687735462,
        0.2572546687735462,
        0.2572546687735462,
        0.2572546687735462,
        0.2572546687735462
      ]
    },
    {
      "tick": 270,
      "phase": [
        0.4507512520868114,
        0.4507512520868114,
        0.4507512520868114,
        0.4507512520868114,
        0.4507512520868114,
        0.4507512520868114,
        0.4507512520868114,
        0.4507512520868114
      ],
      "height_m": [
        0.11991099444971844,
        0.11991099444971844,
        0.11991099444971844,
        0.11991099444971844,
        0.11991099444971844,
        0.11991099444971844,
        0.11991099444971844,
        0.11991099444971844
      ],
      "contacts": [
        2,
        2,
        2,
        2,
        2,
        2,
        2,
        2
      ],
      "maximum_stress_Pa": [
        74357.09431451079,
        74357.09431451079,
        74357.0943145108,
        74357.0943145108,
        74357.0943145108,
        74357.0943145107,
        74357.09431451056,
        74357.09431451056
      ],
      "residual_N": [
        3.5006545126736096e-11,
        3.5006545126736096e-11,
        3.5004859796252034e-11,
        3.5041028200038814e-11,
        3.5041028200038814e-11,
        3.48274320050876e-11,
        3.530248073265523e-11,
        3.530248073265523e-11
      ],
      "rhs_N": [
        0.25893052635667574,
        0.25893052635667574,
        0.25893052635667574,
        0.25893052635667574,
        0.25893052635667574,
        0.25893052635667574,
        0.25893052635667574,
        0.25893052635667574
      ]
    },
    {
      "tick": 280,
      "phase": [
        0.4674457429048414,
        0.4674457429048414,
        0.4674457429048414,
        0.4674457429048414,
        0.4674457429048414,
        0.4674457429048414,
        0.4674457429048414,
        0.4674457429048414
      ],
      "height_m": [
        0.1315719889614074,
        0.1315719889614074,
        0.1315719889614074,
        0.1315719889614074,
        0.1315719889614074,
        0.1315719889614074,
        0.1315719889614074,
        0.1315719889614074
      ],
      "contacts": [
        2,
        2,
        2,
        2,
        2,
        2,
        2,
        2
      ],
      "maximum_stress_Pa": [
        74894.29135825588,
        74894.29135825588,
        74894.29135825587,
        74894.29135825603,
        74894.29135825603,
        74894.29135825593,
        74894.29135825574,
        74894.29135825574
      ],
      "residual_N": [
        5.2080947829816714e-11,
        5.2080947829816714e-11,
        5.206214681538779e-11,
        5.2129916320532386e-11,
        5.2129916320532386e-11,
        5.201125100740688e-11,
        5.2422030503113544e-11,
        5.2422030503113544e-11
      ],
      "rhs_N": [
        0.2606881448028163,
        0.2606881448028163,
        0.2606881448028163,
        0.2606881448028163,
        0.2606881448028163,
        0.2606881448028163,
        0.2606881448028163,
        0.2606881448028163
      ]
    },
    {
      "tick": 290,
      "phase": [
        0.48414023372287146,
        0.48414023372287146,
        0.48414023372287146,
        0.48414023372287146,
        0.48414023372287146,
        0.48414023372287146,
        0.48414023372287146,
        0.48414023372287146
      ],
      "height_m": [
        0.1405916976745958,
        0.1405916976745958,
        0.1405916976745958,
        0.1405916976745958,
        0.1405916976745958,
        0.1405916976745958,
        0.1405916976745958,
        0.1405916976745958
      ],
      "contacts": [
        2,
        2,
        2,
        2,
        2,
        2,
        2,
        2
      ],
      "maximum_stress_Pa": [
        75441.96663561046,
        75441.96663561046,
        75441.96663561046,
        75441.96663561034,
        75441.96663561034,
        75441.96663561038,
        75441.96663561036,
        75441.96663561036
      ],
      "residual_N": [
        5.2752228903978476e-11,
        5.2752228903978476e-11,
        5.2863409380782296e-11,
        5.2692728057792523e-11,
        5.2692728057792523e-11,
        5.273942602976785e-11,
        5.268087270286324e-11,
        5.268087270286324e-11
      ],
      "rhs_N": [
        0.26250530218351714,
        0.26250530218351714,
        0.26250530218351714,
        0.26250530218351714,
        0.26250530218351714,
        0.26250530218351714,
        0.26250530218351714,
        0.26250530218351714
      ]
    }
  ],
  "policy": {
    "layers": [
      26,
      128,
      128,
      7
    ],
    "seed": 99173,
    "dtype": "float64",
    "residual_scale_rad": 0.0001
  },
  "stage_wall_ms": {
    "begin_step": 0.05036772694438696,
    "association_transform": 0.16803082078695297,
    "anchor_search": 0.1738637825474143,
    "candidate_weights_constraints": 1.4966460689902306,
    "nodal_scatter": 0.7829677080735564,
    "inertia_relief_centrifugal": 0.05101594142615795,
    "rhs_reduction": 0.02689892891794443,
    "linear_solve": 0.2758869528770447,
    "complete_residual": 0.05936802364885807,
    "global_peak": 0.06866266019642353,
    "accept": 0.026622600853443146
  },
  "contacts_per_environment": [
    2,
    2,
    2,
    2,
    2,
    2,
    2,
    2
  ],
  "candidate_count": [
    129,
    129,
    129,
    129,
    129,
    129,
    129,
    129,
    129,
    129,
    129,
    129,
    129,
    129,
    129,
    129
  ],
  "pressure_evaluations": [
    1,
    1,
    1,
    1,
    1,
    1,
    1,
    1,
    1,
    1,
    1,
    1,
    1,
    1,
    1,
    1
  ],
  "complete_residual_N": [
    4.6240712362662e-11,
    4.6240712362662e-11,
    4.6243660876703974e-11,
    4.621191095006673e-11,
    4.621191095006673e-11,
    4.617415212620907e-11,
    4.619147204374933e-11,
    4.619147204374933e-11
  ],
  "rhs_norm_N": [
    0.26417142199428556,
    0.26417142199428556,
    0.26417142199428556,
    0.26417142199428556,
    0.26417142199428556,
    0.26417142199428556,
    0.26417142199428556,
    0.26417142199428556
  ],
  "profiler_note": "Captured Quadrants graphs are omitted by the kernel profiler; stage wall times include them.",
  "egg_position_m": [
    [
      0.6517444175423994,
      -0.0004942754768347645,
      0.1453679269168403
    ],
    [
      0.6517444175423994,
      -0.0004942754768347645,
      0.1453679269168403
    ],
    [
      0.6517444175423994,
      -0.0004942754768347645,
      0.1453679269168403
    ],
    [
      0.6517444175423994,
      -0.0004942754768347645,
      0.1453679269168403
    ],
    [
      0.6517444175423994,
      -0.0004942754768347645,
      0.1453679269168403
    ],
    [
      0.6517444175423994,
      -0.0004942754768347645,
      0.1453679269168403
    ],
    [
      0.6517444175423994,
      -0.0004942754768347645,
      0.1453679269168403
    ],
    [
      0.6517444175423994,
      -0.0004942754768347645,
      0.1453679269168403
    ]
  ],
  "dofs": 2430,
  "tetrahedra": 480,
  "maximum_stress_Pa": [
    75936.44856006205,
    75936.44856006205,
    75936.44856006205,
    75936.44856006197,
    75936.44856006197,
    75936.44856006201,
    75936.4485600655,
    75936.4485600655
  ],
  "native_buffers": [
    {
      "name": "stress.0.info.vertices",
      "shape": [
        810,
        3
      ],
      "dtype": "torch.float64",
      "bytes": 19440,
      "kind": 1
    },
    {
      "name": "stress.0.info.elements",
      "shape": [
        480,
        10
      ],
      "dtype": "torch.int32",
      "bytes": 19200,
      "kind": 1
    },
    {
      "name": "stress.0.info.surface_nodes",
      "shape": [
        80,
        6
      ],
      "dtype": "torch.int32",
      "bytes": 1920,
      "kind": 1
    },
    {
      "name": "stress.0.info.edges",
      "shape": [
        6,
        2
      ],
      "dtype": "torch.int32",
      "bytes": 48,
      "kind": 1
    },
    {
      "name": "stress.0.info.gradients",
      "shape": [
        480,
        4,
        3
      ],
      "dtype": "torch.float64",
      "bytes": 46080,
      "kind": 1
    },
    {
      "name": "stress.0.info.volumes",
      "shape": [
        480
      ],
      "dtype": "torch.float64",
      "bytes": 3840,
      "kind": 1
    },
    {
      "name": "stress.0.info.row_start",
      "shape": [
        811
      ],
      "dtype": "torch.int32",
      "bytes": 3244,
      "kind": 1
    },
    {
      "name": "stress.0.info.columns",
      "shape": [
        20274
      ],
      "dtype": "torch.int32",
      "bytes": 81096,
      "kind": 1
    },
    {
      "name": "stress.0.info.element_entries",
      "shape": [
        480,
        10,
        10
      ],
      "dtype": "torch.int32",
      "bytes": 192000,
      "kind": 1
    },
    {
      "name": "stress.0.info.stiffness",
      "shape": [
        20274,
        3,
        3
      ],
      "dtype": "torch.float64",
      "bytes": 1459728,
      "kind": 1
    },
    {
      "name": "stress.0.info.mass",
      "shape": [
        20274
      ],
      "dtype": "torch.float64",
      "bytes": 162192,
      "kind": 1
    },
    {
      "name": "stress.0.info.modes",
      "shape": [
        810,
        3,
        6
      ],
      "dtype": "torch.float64",
      "bytes": 116640,
      "kind": 1
    },
    {
      "name": "stress.0.info.mass_modes",
      "shape": [
        810,
        3,
        6
      ],
      "dtype": "torch.float64",
      "bytes": 116640,
      "kind": 1
    },
    {
      "name": "stress.0.info.centrifugal",
      "shape": [
        810,
        3,
        6
      ],
      "dtype": "torch.float64",
      "bytes": 116640,
      "kind": 1
    },
    {
      "name": "stress.0.info.gram",
      "shape": [
        6,
        6
      ],
      "dtype": "torch.float64",
      "bytes": 288,
      "kind": 1
    },
    {
      "name": "stress.0.info.gram_inverse",
      "shape": [
        6,
        6
      ],
      "dtype": "torch.float64",
      "bytes": 288,
      "kind": 1
    },
    {
      "name": "stress.0.info.pins",
      "shape": [
        6
      ],
      "dtype": "torch.int32",
      "bytes": 24,
      "kind": 1
    },
    {
      "name": "stress.0.info.is_free",
      "shape": [
        810,
        3
      ],
      "dtype": "torch.int32",
      "bytes": 9720,
      "kind": 1
    },
    {
      "name": "stress.0.info.diagonal_inverse",
      "shape": [
        810,
        3,
        3
      ],
      "dtype": "torch.float64",
      "bytes": 58320,
      "kind": 1
    },
    {
      "name": "stress.0.info.scalar_diagonal_inverse",
      "shape": [
        810,
        3
      ],
      "dtype": "torch.float64",
      "bytes": 19440,
      "kind": 1
    },
    {
      "name": "stress.0.info.mass_properties",
      "shape": [
        4
      ],
      "dtype": "torch.float64",
      "bytes": 32,
      "kind": 1
    },
    {
      "name": "stress.0.factor.order",
      "shape": [
        810
      ],
      "dtype": "torch.int32",
      "bytes": 3240,
      "kind": 1
    },
    {
      "name": "stress.0.factor.row_start",
      "shape": [
        811
      ],
      "dtype": "torch.int32",
      "bytes": 3244,
      "kind": 1
    },
    {
      "name": "stress.0.factor.columns",
      "shape": [
        66669
      ],
      "dtype": "torch.int32",
      "bytes": 266676,
      "kind": 1
    },
    {
      "name": "stress.0.factor.sources",
      "shape": [
        66669
      ],
      "dtype": "torch.int32",
      "bytes": 266676,
      "kind": 1
    },
    {
      "name": "stress.0.factor.column_start",
      "shape": [
        811
      ],
      "dtype": "torch.int32",
      "bytes": 3244,
      "kind": 1
    },
    {
      "name": "stress.0.factor.rows",
      "shape": [
        66669
      ],
      "dtype": "torch.int32",
      "bytes": 266676,
      "kind": 1
    },
    {
      "name": "stress.0.factor.transpose_entries",
      "shape": [
        66669
      ],
      "dtype": "torch.int32",
      "bytes": 266676,
      "kind": 1
    },
    {
      "name": "stress.0.factor.lower",
      "shape": [
        66669,
        3,
        3
      ],
      "dtype": "torch.float64",
      "bytes": 4800168,
      "kind": 1
    },
    {
      "name": "stress.0.factor.diagonal",
      "shape": [
        810,
        3,
        3
      ],
      "dtype": "torch.float64",
      "bytes": 58320,
      "kind": 1
    },
    {
      "name": "stress.0.factor.diagonal_inverse",
      "shape": [
        810,
        3,
        3
      ],
      "dtype": "torch.float64",
      "bytes": 58320,
      "kind": 1
    },
    {
      "name": "stress.0.factor.valid",
      "shape": [],
      "dtype": "torch.bool",
      "bytes": 1,
      "kind": 1
    },
    {
      "name": "stress.0.inverse.blocks",
      "shape": [
        810,
        810,
        3,
        3
      ],
      "dtype": "torch.float64",
      "bytes": 47239200,
      "kind": 1
    },
    {
      "name": "stress.0.surface.gauss",
      "shape": [
        10
      ],
      "dtype": "torch.float64",
      "bytes": 80,
      "kind": 1
    },
    {
      "name": "stress.0.surface.gauss_weights",
      "shape": [
        10
      ],
      "dtype": "torch.float64",
      "bytes": 80,
      "kind": 1
    },
    {
      "name": "stress.0.surface.positions",
      "shape": [
        8000,
        3
      ],
      "dtype": "torch.float64",
      "bytes": 192000,
      "kind": 1
    },
    {
      "name": "stress.0.surface.weights",
      "shape": [
        8000
      ],
      "dtype": "torch.float64",
      "bytes": 64000,
      "kind": 1
    },
    {
      "name": "stress.0.surface.shape",
      "shape": [
        100,
        6
      ],
      "dtype": "torch.float64",
      "bytes": 4800,
      "kind": 1
    },
    {
      "name": "stress.0.surface.face_origin",
      "shape": [
        80,
        3
      ],
      "dtype": "torch.float64",
      "bytes": 1920,
      "kind": 1
    },
    {
      "name": "stress.0.surface.face_dual",
      "shape": [
        80,
        2,
        3
      ],
      "dtype": "torch.float64",
      "bytes": 3840,
      "kind": 1
    },
    {
      "name": "stress.0.surface.face_normal",
      "shape": [
        80,
        3
      ],
      "dtype": "torch.float64",
      "bytes": 1920,
      "kind": 1
    },
    {
      "name": "stress.0.surface.grid.bounds",
      "shape": [
        2,
        3
      ],
      "dtype": "torch.float64",
      "bytes": 48,
      "kind": 1
    },
    {
      "name": "stress.0.surface.grid.cell_size",
      "shape": [],
      "dtype": "torch.float64",
      "bytes": 8,
      "kind": 1
    },
    {
      "name": "stress.0.surface.grid.starts",
      "shape": [
        4097
      ],
      "dtype": "torch.int32",
      "bytes": 16388,
      "kind": 1
    },
    {
      "name": "stress.0.surface.grid.samples",
      "shape": [
        8000
      ],
      "dtype": "torch.int32",
      "bytes": 32000,
      "kind": 1
    },
    {
      "name": "stress.0.state.force",
      "shape": [
        810,
        8,
        3
      ],
      "dtype": "torch.float64",
      "bytes": 155520,
      "kind": 6
    },
    {
      "name": "stress.0.state.rhs",
      "shape": [
        810,
        8,
        3
      ],
      "dtype": "torch.float64",
      "bytes": 155520,
      "kind": 6
    },
    {
      "name": "stress.0.state.displacement",
      "shape": [
        810,
        8,
        3
      ],
      "dtype": "torch.float64",
      "bytes": 155520,
      "kind": 4
    },
    {
      "name": "stress.0.state.residual",
      "shape": [
        810,
        8,
        3
      ],
      "dtype": "torch.float64",
      "bytes": 155520,
      "kind": 6
    },
    {
      "name": "stress.0.state.direction",
      "shape": [
        810,
        8,
        3
      ],
      "dtype": "torch.float64",
      "bytes": 155520,
      "kind": 6
    },
    {
      "name": "stress.0.state.product",
      "shape": [
        810,
        8,
        3
      ],
      "dtype": "torch.float64",
      "bytes": 155520,
      "kind": 6
    },
    {
      "name": "stress.0.state.preconditioned",
      "shape": [
        810,
        8,
        3
      ],
      "dtype": "torch.float64",
      "bytes": 155520,
      "kind": 6
    },
    {
      "name": "stress.0.state.wrench",
      "shape": [
        8,
        6
      ],
      "dtype": "torch.float64",
      "bytes": 384,
      "kind": 6
    },
    {
      "name": "stress.0.state.rhs_norm_squared",
      "shape": [
        8
      ],
      "dtype": "torch.float64",
      "bytes": 64,
      "kind": 6
    },
    {
      "name": "stress.0.state.residual_norm_squared",
      "shape": [
        8
      ],
      "dtype": "torch.float64",
      "bytes": 64,
      "kind": 6
    },
    {
      "name": "stress.0.state.residual_preconditioned",
      "shape": [
        8
      ],
      "dtype": "torch.float64",
      "bytes": 64,
      "kind": 6
    },
    {
      "name": "stress.0.state.next_residual_preconditioned",
      "shape": [
        8
      ],
      "dtype": "torch.float64",
      "bytes": 64,
      "kind": 6
    },
    {
      "name": "stress.0.state.direction_product",
      "shape": [
        8
      ],
      "dtype": "torch.float64",
      "bytes": 64,
      "kind": 6
    },
    {
      "name": "stress.0.state.active",
      "shape": [
        8
      ],
      "dtype": "torch.int32",
      "bytes": 32,
      "kind": 6
    },
    {
      "name": "stress.0.state.iterations",
      "shape": [
        8
      ],
      "dtype": "torch.int32",
      "bytes": 32,
      "kind": 6
    },
    {
      "name": "stress.0.state.peak",
      "shape": [
        8
      ],
      "dtype": "torch.float64",
      "bytes": 64,
      "kind": 6
    },
    {
      "name": "stress.0.state.step_peak",
      "shape": [
        8
      ],
      "dtype": "torch.float64",
      "bytes": 64,
      "kind": 5
    },
    {
      "name": "stress.0.state.step_valid",
      "shape": [
        8
      ],
      "dtype": "torch.bool",
      "bytes": 8,
      "kind": 5
    },
    {
      "name": "stress.0.state.valid",
      "shape": [
        8
      ],
      "dtype": "torch.bool",
      "bytes": 8,
      "kind": 6
    },
    {
      "name": "stress.0.contacts.position",
      "shape": [
        750,
        8,
        3
      ],
      "dtype": "torch.float64",
      "bytes": 144000,
      "kind": 6
    },
    {
      "name": "stress.0.contacts.center",
      "shape": [
        750,
        8,
        3
      ],
      "dtype": "torch.float64",
      "bytes": 144000,
      "kind": 6
    },
    {
      "name": "stress.0.contacts.force",
      "shape": [
        750,
        8,
        3
      ],
      "dtype": "torch.float64",
      "bytes": 144000,
      "kind": 6
    },
    {
      "name": "stress.0.contacts.normal",
      "shape": [
        750,
        8,
        3
      ],
      "dtype": "torch.float64",
      "bytes": 144000,
      "kind": 6
    },
    {
      "name": "stress.0.contacts.friction",
      "shape": [
        750,
        8
      ],
      "dtype": "torch.float64",
      "bytes": 48000,
      "kind": 6
    },
    {
      "name": "stress.0.contacts.radius",
      "shape": [
        750,
        8
      ],
      "dtype": "torch.float64",
      "bytes": 48000,
      "kind": 2
    },
    {
      "name": "stress.0.contacts.valid",
      "shape": [
        750,
        8
      ],
      "dtype": "torch.bool",
      "bytes": 6000,
      "kind": 6
    },
    {
      "name": "stress.0.contacts.coefficient",
      "shape": [
        750,
        8,
        3
      ],
      "dtype": "torch.float64",
      "bytes": 144000,
      "kind": 6
    },
    {
      "name": "stress.0.contacts.status",
      "shape": [
        750,
        8
      ],
      "dtype": "torch.int32",
      "bytes": 24000,
      "kind": 6
    },
    {
      "name": "stress.0.contacts.force_error",
      "shape": [
        750,
        8
      ],
      "dtype": "torch.float64",
      "bytes": 48000,
      "kind": 6
    },
    {
      "name": "stress.0.contacts.moment_error",
      "shape": [
        750,
        8
      ],
      "dtype": "torch.float64",
      "bytes": 48000,
      "kind": 6
    },
    {
      "name": "stress.0.contacts.candidate_count",
      "shape": [
        750,
        8
      ],
      "dtype": "torch.int32",
      "bytes": 24000,
      "kind": 6
    },
    {
      "name": "stress.0.contacts.evaluations",
      "shape": [
        750,
        8
      ],
      "dtype": "torch.int32",
      "bytes": 24000,
      "kind": 6
    },
    {
      "name": "stress.0.contacts.frame_position",
      "shape": [
        8,
        3
      ],
      "dtype": "torch.float64",
      "bytes": 192,
      "kind": 6
    },
    {
      "name": "stress.0.contacts.frame_quaternion",
      "shape": [
        8,
        4
      ],
      "dtype": "torch.float64",
      "bytes": 256,
      "kind": 6
    },
    {
      "name": "stress.0.omega",
      "shape": [
        8,
        3
      ],
      "dtype": "torch.float64",
      "bytes": 192,
      "kind": 6
    }
  ],
  "native_buffer_bytes": 58056537,
  "native_allocation_count": 80,
  "torch_peak_allocated_bytes": 1286144,
  "device_free_bytes": 99459072000
}
