[Quadrants] version 1.3.3, llvm 22.1.0, commit 00423caa, linux, python 3.10.12
[38;5;226m[Genesis] [04:58:45] [WARNING] (MJCF) Approximating tendon by joint actuator for `finger_joint1`[0m
[38;5;226m[Genesis] [04:58:45] [WARNING] (MJCF) Approximating tendon by joint actuator for `finger_joint2`[0m
[38;5;226m[Genesis] [04:58:46] [WARNING] Neutral robot position (qpos0) exceeds joint limits.[0m
[38;5;226m[Genesis] [04:58:47] [WARNING] Constraint solver time constant should be greater than 2*substep_dt. timeconst is changed from `0.005` to `0.02`). Decrease simulation timestep or increase timeconst to avoid altering the original value.[0m
[38;5;226m[Genesis] [04:58:49] [WARNING] Filtered out geometry pairs causing self-collision for the neutral configuration (qpos0): (6, 11), (7, 11), (14, 21), (15, 20), (16, 23), (17, 22). Consider tuning Morph option 'decompose_robot_error_threshold' or specify dedicated collision meshes. This behavior can be disabled by setting Morph option 'enable_neutral_collision=True'.[0m
Traceback (most recent call last):
  File "/mnt/home/zhaofeng/workspace/Genesis/.worktrees/rigid-stress-recovery/examples/speed_benchmark/rigid_stress.py", line 181, in <module>
    main()
  File "/mnt/home/zhaofeng/workspace/Genesis/.worktrees/rigid-stress-recovery/examples/speed_benchmark/rigid_stress.py", line 101, in main
    workload = FrankaEgg(args.envs, args.level, args.scope not in ("rigid", "policy-rigid"), varied=args.varied)
  File "/mnt/home/zhaofeng/workspace/Genesis/.worktrees/rigid-stress-recovery/examples/rigid/franka_egg_stress.py", line 57, in __init__
    self.scene.build(n_envs=n_envs)
  File "/mnt/home/zhaofeng/workspace/Genesis/.worktrees/rigid-stress-recovery/genesis/utils/misc.py", line 140, in wrapper
    return method(self, *args, **kwargs)
  File "/mnt/home/zhaofeng/workspace/Genesis/.worktrees/rigid-stress-recovery/genesis/engine/scene.py", line 883, in build
    self._sim.step()
  File "/mnt/home/zhaofeng/workspace/Genesis/.worktrees/rigid-stress-recovery/genesis/engine/simulator.py", line 366, in step
    self.rigid_solver.substep(self.cur_substep_local)
  File "/mnt/home/zhaofeng/workspace/Genesis/.worktrees/rigid-stress-recovery/genesis/engine/solvers/rigid/rigid_solver.py", line 1387, in substep
    )
  File "/mnt/data/zhaofeng/venvs/rigid-stress-recovery/lib/python3.10/site-packages/quadrants/lang/_quadrants_callable.py", line 101, in __call__
    return self.wrapper.__call__(*args, **kwargs)
  File "/mnt/data/zhaofeng/venvs/rigid-stress-recovery/lib/python3.10/site-packages/quadrants/lang/kernel_impl.py", line 184, in wrapped_func
    raise type(e)("\n" + str(e)) from None
quadrants.lang.exception.QuadrantsCompilationError: 
File "/mnt/home/zhaofeng/workspace/Genesis/.worktrees/rigid-stress-recovery/genesis/engine/solvers/rigid/rigid_solver.py", line 3708, in kernel_resolve_stress_contacts:
def kernel_substep_post(
^^^^^^^^^^^^^^^^^^^^^^^^
    dyn_state: array_class.DynState,
    ^^^^^^^^^^^^^^^^^^^^^^^^^^^^^^^^
    collider_state: array_class.ColliderState,
    ^^^^^^^^^^^^^^^^^^^^^^^^^^^^^^^^^^^^^^^^^^
    constraint_state: array_class.ConstraintState,
    ^^^^^^^^^^^^^^^^^^^^^^^^^^^^^^^^^^^^^^^^^^^^^^
    dyn_info: array_class.DynInfo,
    ^^^^^^^^^^^^^^^^^^^^^^^^^^^^^^
    rigid_info: array_class.RigidInfo,
    ^^^^^^^^^^^^^^^^^^^^^^^^^^^^^^^^^^
    rigid_config: qd.template(),
    ^^^^^^^^^^^^^^^^^^^^^^^^^^^^
    is_backward: qd.template(),
    ^^^^^^^^^^^^^^^^^^^^^^^^^^^
    enable_constraint: qd.template(),
    ^^^^^^^^^^^^^^^^^^^^^^^^^^^^^^^^^
    noslip: qd.template(),
    ^^^^^^^^^^^^^^^^^^^^^^
    errno: qd.Tensor,
    ^^^^^^^^^^^^^^^^^
):
^^
Traceback (most recent call last):
  File "/mnt/data/zhaofeng/venvs/rigid-stress-recovery/lib/python3.10/site-packages/quadrants/lang/ast/ast_transformer_utils.py", line 40, in __call__
    res = method(ctx, node)
  File "/mnt/data/zhaofeng/venvs/rigid-stress-recovery/lib/python3.10/site-packages/quadrants/lang/ast/ast_transformer.py", line 530, in build_FunctionDef
    FunctionDefTransformer.build_FunctionDef(ctx, node, build_stmts)
  File "/mnt/data/zhaofeng/venvs/rigid-stress-recovery/lib/python3.10/site-packages/quadrants/lang/ast/ast_transformers/function_def_transformer.py", line 566, in build_FunctionDef
    FunctionDefTransformer._transform_as_kernel(ctx, node, args)
  File "/mnt/data/zhaofeng/venvs/rigid-stress-recovery/lib/python3.10/site-packages/quadrants/lang/ast/ast_transformers/function_def_transformer.py", line 239, in _transform_as_kernel
    arg_meta = ctx.func.arg_metas[i]
IndexError: list index out of range


[38;5;9m[Genesis] [04:59:57] [ERROR] QuadrantsCompilationError: 
File "/mnt/home/zhaofeng/workspace/Genesis/.worktrees/rigid-stress-recovery/genesis/engine/solvers/rigid/rigid_solver.py", line 3708, in kernel_resolve_stress_contacts:
def kernel_substep_post(
^^^^^^^^^^^^^^^^^^^^^^^^
    dyn_state: array_class.DynState,
    ^^^^^^^^^^^^^^^^^^^^^^^^^^^^^^^^
    collider_state: array_class.ColliderState,
    ^^^^^^^^^^^^^^^^^^^^^^^^^^^^^^^^^^^^^^^^^^
    constraint_state: array_class.ConstraintState,
    ^^^^^^^^^^^^^^^^^^^^^^^^^^^^^^^^^^^^^^^^^^^^^^
    dyn_info: array_class.DynInfo,
    ^^^^^^^^^^^^^^^^^^^^^^^^^^^^^^
    rigid_info: array_class.RigidInfo,
    ^^^^^^^^^^^^^^^^^^^^^^^^^^^^^^^^^^
    rigid_config: qd.template(),
    ^^^^^^^^^^^^^^^^^^^^^^^^^^^^
    is_backward: qd.template(),
    ^^^^^^^^^^^^^^^^^^^^^^^^^^^
    enable_constraint: qd.template(),
    ^^^^^^^^^^^^^^^^^^^^^^^^^^^^^^^^^
    noslip: qd.template(),
    ^^^^^^^^^^^^^^^^^^^^^^
    errno: qd.Tensor,
    ^^^^^^^^^^^^^^^^^
):
^^
Traceback (most recent call last):
  File "/mnt/data/zhaofeng/venvs/rigid-stress-recovery/lib/python3.10/site-packages/quadrants/lang/ast/ast_transformer_utils.py", line 40, in __call__
    res = method(ctx, node)
  File "/mnt/data/zhaofeng/venvs/rigid-stress-recovery/lib/python3.10/site-packages/quadrants/lang/ast/ast_transformer.py", line 530, in build_FunctionDef
    FunctionDefTransformer.build_FunctionDef(ctx, node, build_stmts)
  File "/mnt/data/zhaofeng/venvs/rigid-stress-recovery/lib/python3.10/site-packages/quadrants/lang/ast/ast_transformers/function_def_transformer.py", line 566, in build_FunctionDef
    FunctionDefTransformer._transform_as_kernel(ctx, node, args)
  File "/mnt/data/zhaofeng/venvs/rigid-stress-recovery/lib/python3.10/site-packages/quadrants/lang/ast/ast_transformers/function_def_transformer.py", line 239, in _transform_as_kernel
    arg_meta = ctx.func.arg_metas[i]
IndexError: list index out of range
[0m
