[Quadrants] version 1.3.3, llvm 22.1.0, commit 00423caa, linux, python 3.10.12
[38;5;226m[Genesis] [05:09:15] [WARNING] (MJCF) Approximating tendon by joint actuator for `finger_joint1`[0m
[38;5;226m[Genesis] [05:09:15] [WARNING] (MJCF) Approximating tendon by joint actuator for `finger_joint2`[0m
[38;5;226m[Genesis] [05:09:15] [WARNING] Neutral robot position (qpos0) exceeds joint limits.[0m
[38;5;226m[Genesis] [05:09:15] [WARNING] Constraint solver time constant should be greater than 2*substep_dt. timeconst is changed from `0.005` to `0.02`). Decrease simulation timestep or increase timeconst to avoid altering the original value.[0m
[38;5;226m[Genesis] [05:09:17] [WARNING] Filtered out geometry pairs causing self-collision for the neutral configuration (qpos0): (6, 11), (7, 11), (14, 21), (15, 20), (16, 23), (17, 22). Consider tuning Morph option 'decompose_robot_error_threshold' or specify dedicated collision meshes. This behavior can be disabled by setting Morph option 'enable_neutral_collision=True'.[0m
libEGL warning: failed to open /dev/dri/renderD135: Permission denied

libEGL warning: failed to open /dev/dri/card8: Permission denied

libEGL warning: failed to open /dev/dri/renderD134: Permission denied

libEGL warning: failed to open /dev/dri/card7: Permission denied

libEGL warning: failed to open /dev/dri/renderD133: Permission denied

libEGL warning: failed to open /dev/dri/card6: Permission denied

libEGL warning: failed to open /dev/dri/renderD132: Permission denied

libEGL warning: failed to open /dev/dri/card5: Permission denied

libEGL warning: failed to open /dev/dri/renderD131: Permission denied

libEGL warning: failed to open /dev/dri/card4: Permission denied

libEGL warning: failed to open /dev/dri/renderD130: Permission denied

libEGL warning: failed to open /dev/dri/card3: Permission denied

libEGL warning: failed to open /dev/dri/renderD129: Permission denied

libEGL warning: failed to open /dev/dri/card2: Permission denied

libEGL warning: failed to open /dev/dri/renderD128: Permission denied

libEGL warning: failed to open /dev/dri/card1: Permission denied

======================================================================================
Kernel Profiler(count, default) @ CUDA on NVIDIA RTX PRO 6000 Blackwell Server Edition
======================================================================================
[      %     total   count |      min       avg       max   ] Kernel name
--------------------------------------------------------------------------------------
[ 78.22%   0.538 s    100x |    5.377     5.383     5.389 ms] kernel_solve_cooperative_c716_0_kernel_1_range_for
[ 18.93%   0.130 s    100x |    1.298     1.302     1.325 ms] kernel_pressure_c712_0_kernel_1_range_for
[  1.59%   0.011 s    100x |    0.107     0.109     0.117 ms] kernel_anchor_c702_0_kernel_1_range_for
[  0.23%   0.002 s    100x |    0.015     0.016     0.021 ms] kernel_associate_c708_0_kernel_3_range_for
[  0.20%   0.001 s    100x |    0.012     0.014     0.020 ms] kernel_associate_c708_0_kernel_1_range_for
[  0.20%   0.001 s    100x |    0.013     0.014     0.019 ms] kernel_begin_step_c746_0_kernel_1_range_for
[  0.12%   0.001 s    100x |    0.006     0.008     0.030 ms] kernel_solve_cooperative_c716_0_kernel_0_serial
[  0.11%   0.001 s    100x |    0.006     0.008     0.024 ms] kernel_pressure_c712_0_kernel_0_serial
[  0.11%   0.001 s    100x |    0.005     0.008     0.011 ms] kernel_associate_c708_0_kernel_0_serial
[  0.10%   0.001 s    100x |    0.005     0.007     0.014 ms] kernel_begin_step_c746_0_kernel_0_serial
[  0.10%   0.001 s    100x |    0.006     0.007     0.011 ms] kernel_anchor_c702_0_kernel_0_serial
[  0.08%   0.001 s    100x |    0.005     0.005     0.011 ms] kernel_associate_c708_0_kernel_2_serial
--------------------------------------------------------------------------------------
[100.00%] Total execution time:   0.688 s   number of results: 12
======================================================================================
{
  "scope": "profile",
  "envs": 8,
  "level": 1,
  "precision": "64",
  "quadrature": 10,
  "dt": 0.01,
  "substeps": 1,
  "varied": false,
  "seed": 510000,
  "host": "rtx-209-113",
  "gpu": "NVIDIA RTX PRO 6000 Blackwell Server Edition",
  "gpu_total_bytes": 101975851008,
  "quadrants": [
    1,
    3,
    3
  ],
  "torch": "2.8.0",
  "setup_seconds": 21.305188556667417,
  "warmup_steps": 300,
  "stage_wall_ms": {
    "begin_step": 0.0502671068534255,
    "association_transform": 0.1583264907822013,
    "anchor_search": 0.17375897616147995,
    "candidate_weights_constraints": 1.346653108485043,
    "nodal_scatter": 0.7695799507200718,
    "inertia_relief_centrifugal": 0.05143832881003618,
    "rhs_reduction": 0.0271919509395957,
    "linear_solve": 5.459415572695434,
    "complete_residual": 0.05974212195724249,
    "global_peak": 0.07113196887075901,
    "accept": 0.02715286798775196
  },
  "contacts_per_environment": [
    2,
    2,
    2,
    2,
    2,
    2,
    2,
    2
  ],
  "candidate_count": [
    12500,
    12500,
    12500,
    12500,
    12500,
    12500,
    12500,
    12500,
    12500,
    12500,
    12500,
    12500,
    12500,
    12500,
    12500,
    12500
  ],
  "pressure_evaluations": [
    1,
    1,
    1,
    1,
    1,
    1,
    1,
    1,
    1,
    1,
    1,
    1,
    1,
    1,
    1,
    1
  ],
  "complete_residual_N": [
    8.365700048394144e-12,
    8.365700048394144e-12,
    8.314092275218668e-12,
    8.388108059991228e-12,
    8.388108059991228e-12,
    8.424363140307476e-12,
    8.37044163644238e-12,
    8.37044163644238e-12
  ],
  "rhs_norm_N": [
    0.26292409987048626,
    0.26292409987048626,
    0.26292409987048626,
    0.26292409987048626,
    0.26292409987048626,
    0.26292409987048626,
    0.26292409987048626,
    0.26292409987048626
  ],
  "egg_position_m": [
    [
      0.6517056384960248,
      -0.00046917811488640275,
      0.14578976131024043
    ],
    [
      0.6517056384960248,
      -0.00046917811488640275,
      0.14578976131024043
    ],
    [
      0.6517056384960248,
      -0.00046917811488640275,
      0.14578976131024043
    ],
    [
      0.6517056384960248,
      -0.00046917811488640275,
      0.14578976131024043
    ],
    [
      0.6517056384960248,
      -0.00046917811488640275,
      0.14578976131024043
    ],
    [
      0.6517056384960248,
      -0.00046917811488640275,
      0.14578976131024043
    ],
    [
      0.6517056384960248,
      -0.00046917811488640275,
      0.14578976131024043
    ],
    [
      0.6517056384960248,
      -0.00046917811488640275,
      0.14578976131024043
    ]
  ],
  "dofs": 2430,
  "tetrahedra": 480,
  "maximum_stress_Pa": [
    75122.56014005886,
    75122.56014005886,
    75122.56014005827,
    75122.56014005943,
    75122.56014005943,
    75122.5601400577,
    75122.5601400593,
    75122.5601400593
  ],
  "torch_peak_allocated_bytes": 1286144,
  "device_free_bytes": 99526180864
}
