[Quadrants] version 1.3.3, llvm 22.1.0, commit 00423caa, linux, python 3.10.12
[38;5;226m[Genesis] [05:01:02] [WARNING] (MJCF) Approximating tendon by joint actuator for `finger_joint1`[0m
[38;5;226m[Genesis] [05:01:02] [WARNING] (MJCF) Approximating tendon by joint actuator for `finger_joint2`[0m
[38;5;226m[Genesis] [05:01:03] [WARNING] Neutral robot position (qpos0) exceeds joint limits.[0m
[38;5;226m[Genesis] [05:01:03] [WARNING] Constraint solver time constant should be greater than 2*substep_dt. timeconst is changed from `0.005` to `0.02`). Decrease simulation timestep or increase timeconst to avoid altering the original value.[0m
[38;5;226m[Genesis] [05:01:05] [WARNING] Filtered out geometry pairs causing self-collision for the neutral configuration (qpos0): (6, 11), (7, 11), (14, 21), (15, 20), (16, 23), (17, 22). Consider tuning Morph option 'decompose_robot_error_threshold' or specify dedicated collision meshes. This behavior can be disabled by setting Morph option 'enable_neutral_collision=True'.[0m
======================================================================================
Kernel Profiler(count, default) @ CUDA on NVIDIA RTX PRO 6000 Blackwell Server Edition
======================================================================================
[      %     total   count |      min       avg       max   ] Kernel name
--------------------------------------------------------------------------------------
[ 72.44%   6.853 s    100x |   68.423    68.525    68.608 ms] kernel_solve_c714_0_kernel_1_range_for
[ 27.34%   2.586 s    100x |   25.820    25.858    25.896 ms] kernel_pressure_c704_0_kernel_1_range_for
[  0.12%   0.011 s    100x |    0.107     0.109     0.112 ms] kernel_anchor_c702_0_kernel_1_range_for
[  0.02%   0.002 s    100x |    0.015     0.017     0.021 ms] kernel_associate_c708_0_kernel_3_range_for
[  0.01%   0.001 s    100x |    0.012     0.014     0.020 ms] kernel_associate_c708_0_kernel_1_range_for
[  0.01%   0.001 s    100x |    0.012     0.014     0.019 ms] kernel_begin_step_c746_0_kernel_1_range_for
[  0.01%   0.001 s    100x |    0.008     0.013     0.030 ms] kernel_solve_c714_0_kernel_0_serial
[  0.01%   0.001 s    100x |    0.007     0.010     0.018 ms] kernel_pressure_c704_0_kernel_0_serial
[  0.01%   0.001 s    100x |    0.006     0.008     0.018 ms] kernel_associate_c708_0_kernel_0_serial
[  0.01%   0.001 s    100x |    0.006     0.008     0.012 ms] kernel_anchor_c702_0_kernel_0_serial
[  0.01%   0.001 s    100x |    0.006     0.008     0.020 ms] kernel_begin_step_c746_0_kernel_0_serial
[  0.01%   0.001 s    100x |    0.005     0.006     0.009 ms] kernel_associate_c708_0_kernel_2_serial
--------------------------------------------------------------------------------------
[100.00%] Total execution time:   9.459 s   number of results: 12
======================================================================================
{
  "scope": "profile",
  "envs": 8,
  "level": 1,
  "precision": "64",
  "quadrature": 10,
  "dt": 0.01,
  "substeps": 1,
  "varied": false,
  "seed": 510000,
  "host": "rtx-209-067",
  "gpu": "NVIDIA RTX PRO 6000 Blackwell Server Edition",
  "gpu_total_bytes": 101975851008,
  "quadrants": [
    1,
    3,
    3
  ],
  "torch": "2.8.0",
  "setup_seconds": 40.53762100310996,
  "warmup_steps": 300,
  "stage_wall_ms": {
    "begin_step": 0.050226920284330845,
    "association_transform": 0.16760541126132011,
    "anchor_search": 0.17858339939266443,
    "candidate_weights_constraints": 25.9080214984715,
    "nodal_scatter": 14.420964452438056,
    "inertia_relief_centrifugal": 0.05112073849886656,
    "rhs_reduction": 0.027141841128468513,
    "linear_solve": 68.6405732203275,
    "complete_residual": 0.06000619847327471,
    "global_peak": 0.07130792830139399,
    "accept": 0.027112853713333607
  },
  "contacts_per_environment": [
    2,
    2,
    2,
    2,
    2,
    2,
    2,
    2
  ],
  "candidate_count": [
    12500,
    12500,
    12500,
    12500,
    12500,
    12500,
    12500,
    12500,
    12500,
    12500,
    12500,
    12500,
    12500,
    12500,
    12500,
    12500
  ],
  "pressure_evaluations": [
    1,
    1,
    1,
    1,
    1,
    1,
    1,
    1,
    1,
    1,
    1,
    1,
    1,
    1,
    1,
    1
  ],
  "complete_residual_N": [
    8.003026189550381e-12,
    8.003026189550381e-12,
    7.885878203863402e-12,
    7.79174031299319e-12,
    7.79174031299319e-12,
    7.967145933397053e-12,
    7.964821480469064e-12,
    7.964821480469064e-12
  ],
  "rhs_norm_N": [
    0.2629240998704864,
    0.2629240998704864,
    0.2629240998704864,
    0.2629240998704864,
    0.2629240998704864,
    0.2629240998704864,
    0.2629240998704864,
    0.2629240998704864
  ],
  "egg_position_m": [
    [
      0.6517056384960248,
      -0.00046917811488640275,
      0.14578976131024043
    ],
    [
      0.6517056384960248,
      -0.00046917811488640275,
      0.14578976131024043
    ],
    [
      0.6517056384960248,
      -0.00046917811488640275,
      0.14578976131024043
    ],
    [
      0.6517056384960248,
      -0.00046917811488640275,
      0.14578976131024043
    ],
    [
      0.6517056384960248,
      -0.00046917811488640275,
      0.14578976131024043
    ],
    [
      0.6517056384960248,
      -0.00046917811488640275,
      0.14578976131024043
    ],
    [
      0.6517056384960248,
      -0.00046917811488640275,
      0.14578976131024043
    ],
    [
      0.6517056384960248,
      -0.00046917811488640275,
      0.14578976131024043
    ]
  ],
  "dofs": 2430,
  "tetrahedra": 480,
  "maximum_stress_Pa": [
    75122.56014181042,
    75122.56014181042,
    75122.56014181016,
    75122.56014180856,
    75122.56014180856,
    75122.56014181131,
    75122.56014180773,
    75122.56014180773
  ],
  "torch_peak_allocated_bytes": 1286144,
  "device_free_bytes": 99507240960
}
